******************************************************************************
                  TI ARM Linker PC v20.2.7                     
******************************************************************************
>> Linked Fri Mar 17 17:53:59 2023

OUTPUT FILE NAME:   <control.out>
ENTRY POINT SYMBOL: "_c_int00"  address: 200195e9


MEMORY CONFIGURATION

         name            origin    length      used     unused   attr    fill
----------------------  --------  ---------  --------  --------  ----  --------
  SRAM0                 20000000   00004000  0000070c  000038f4  RW X
  SRAM                  20004000   0003c000  00028d0c  000132f4  RW X
  LOG_DATA              90000000   00040000  00000000  00040000  R   


SEGMENT ALLOCATION MAP

run origin  load origin   length   init length attrs members
----------  ----------- ---------- ----------- ----- -------
20000000    20000000    0000030c   00000000    rw-
  20000000    20000000    0000030c   00000000    rw- .vecs
20003c00    20003c00    00000400   00000000    rw-
  20003c00    20003c00    00000400   00000000    rw- .stack
20004000    20004000    00021398   00019396    r-x
  20004000    20004000    0000003c   0000003c    r-- .resetVecs
  2000403c    2000403c    0001935a   0001935a    r-x .text
  2001d398    2001d398    00008000   00000000    r-- .priheap
20025398    20025398    0000416e   0000416e    r--
  20025398    20025398    0000416e   0000416e    r-- .const
20029508    20029508    00003607   00000000    rw-
  20029508    20029508    00002615   00000000    rw- .bss
  2002bb20    2002bb20    00000fef   00000000    rw- .data
2002cb10    2002cb10    00000208   00000208    r--
  2002cb10    2002cb10    00000004   00000004    r-- .init_array
  2002cb18    2002cb18    00000200   00000200    r-- .cinit


SECTION ALLOCATION MAP

 output                                  attributes/
section   page    origin      length       input sections
--------  ----  ----------  ----------   ----------------
.resetVecs 
*          0    20004000    0000003c     
                  20004000    0000003c     ti_sysbios_config.obj (.resetVecs)

.text      0    2000403c    0001935a     
                  2000403c    00000af8     rtsv7M4_T_le_eabi.lib : _scanfi.c.obj (.text:__TI_scanfi)
                  20004b34    00000a4e                           : _printfi.c.obj (.text:__TI_printfi)
                  20005582    00000002     ti_sysbios_config.obj (.text:BIOS_nullFunc)
                  20005584    00000956     rtsv7M4_T_le_eabi.lib : locale.cpp.obj (.text:_ZNSt3__29money_getIcNS_19istreambuf_iteratorIcNS_11char_traitsIcEEEEE8__do_getERS4_S4_bRKNS_6localeEjRjRbRKNS_5ctypeIcEERNS_10unique_ptrIcPFvPvEEERPcSM_)
                  20005eda    00000002     ti_drivers_config.obj (.text:Board_initHook)
                  20005edc    00000870     rtsv7M4_T_le_eabi.lib : locale.cpp.obj (.text:_ZNSt3__29money_getIwNS_19istreambuf_iteratorIwNS_11char_traitsIwEEEEE8__do_getERS4_S4_bRKNS_6localeEjRjRbRKNS_5ctypeIwEERNS_10unique_ptrIwPFvPvEEERPwSM_)
                  2000674c    00000464                           : strftime.c.obj (.text:strftime)
                  20006bb0    00000460                           : locale.cpp.obj (.text:_ZNSt3__26locale5__impC1Ej)
                  20007010    00000454                           : strtod.c.obj (.text:strtod)
                  20007464    0000042c     driverlib.a : prcm.obj (.text:PRCMCC3200MCUInit)
                  20007890    000003f7     ti_sysbios_config.obj (.text:ti_sysbios_family_arm_m3_Hwi_excDumpRegs)
                  20007c87    00000001     --HOLE-- [fill = 0]
                  20007c88    000003c0     rtsv7M4_T_le_eabi.lib : strtof.c.obj (.text:strtof)
                  20008048    000003b0                           : locale.cpp.obj (.text:_ZNSt3__211__money_getIcE13__gather_infoEbRKNS_6localeERNS_10money_base7patternERcS8_RNS_12basic_stringIcNS_11char_traitsIcEENS_9allocatorIcEEEESF_SF_SF_Ri)
                  200083f8    000003b0                           : locale.cpp.obj (.text:_ZNSt3__211__money_getIwE13__gather_infoEbRKNS_6localeERNS_10money_base7patternERwS8_RNS_12basic_stringIcNS_11char_traitsIcEENS_9allocatorIcEEEERNS9_IwNSA_IwEENSC_IwEEEESJ_SJ_Ri)
                  200087a8    00000348                           : locale.cpp.obj (.text:_ZNSt3__211__money_putIcE13__gather_infoEbbRKNS_6localeERNS_10money_base7patternERcS8_RNS_12basic_stringIcNS_11char_traitsIcEENS_9allocatorIcEEEESF_SF_Ri)
                  20008af0    00000348                           : locale.cpp.obj (.text:_ZNSt3__211__money_putIwE13__gather_infoEbbRKNS_6localeERNS_10money_base7patternERwS8_RNS_12basic_stringIcNS_11char_traitsIcEENS_9allocatorIcEEEERNS9_IwNSA_IwEENSC_IwEEEESJ_Ri)
                  20008e38    0000033b     ti_sysbios_config.obj (.text:ti_sysbios_runtime_System_doPrint)
                  20009173    00000001     --HOLE-- [fill = 0]
                  20009174    000002fc     rtsv7M4_T_le_eabi.lib : locale.cpp.obj (.text:_ZNKSt3__28time_getIcNS_19istreambuf_iteratorIcNS_11char_traitsIcEEEEE6do_getES4_S4_RNS_8ios_baseERjP2tmcc)
                  20009470    000002f8                           : locale.cpp.obj (.text:_ZNKSt3__28time_getIwNS_19istreambuf_iteratorIwNS_11char_traitsIwEEEEE6do_getES4_S4_RNS_8ios_baseERjP2tmcc)
                  20009768    000002a8                           : iostream.cpp.obj (.text:_ZNSt3__28ios_base4InitC1Ev)
                  20009a10    000002a4                           : locale.cpp.obj (.text:_ZNSt3__211__money_putIwE8__formatEPwRS2_S3_jPKwS5_RKNS_5ctypeIwEEbRKNS_10money_base7patternEwwRKNS_12basic_stringIcNS_11char_traitsIcEENS_9allocatorIcEEEERKNSE_IwNSF_IwEENSH_IwEEEESQ_i)
                  20009cb4    0000029a                           : locale.cpp.obj (.text:_ZNSt3__211__money_putIcE8__formatEPcRS2_S3_jPKcS5_RKNS_5ctypeIcEEbRKNS_10money_base7patternEccRKNS_12basic_stringIcNS_11char_traitsIcEENS_9allocatorIcEEEESL_SL_i)
                  20009f4e    00000002     water.obj (.text:_ZN13WaterSolenoidD1Ev)
                  20009f50    00000278     rtsv7M4_T_le_eabi.lib : locale.cpp.obj (.text:_ZNKSt3__220__time_get_c_storageIwE8__monthsEv)
                  2000a1c8    00000274                           : locale.cpp.obj (.text:_ZNKSt3__29money_getIcNS_19istreambuf_iteratorIcNS_11char_traitsIcEEEEE6do_getES4_S4_bRNS_8ios_baseERjRNS_12basic_stringIcS3_NS_9allocatorIcEEEE)
                  2000a43c    00000274                           : locale.cpp.obj (.text:_ZNSt3__29__num_putIwE23__widen_and_group_floatEPcS2_S2_PwRS3_S4_RKNS_6localeE)
                  2000a6b0    00000268                           : locale.cpp.obj (.text:_ZNSt3__29__num_putIcE23__widen_and_group_floatEPcS2_S2_S2_RS2_S3_RKNS_6localeE)
                  2000a918    00000268                           : _printfi.c.obj (.text:_pconv_a)
                  2000ab80    00000254                           : locale.cpp.obj (.text:_ZNKSt3__29money_putIwNS_19ostreambuf_iteratorIwNS_11char_traitsIwEEEEE6do_putES4_bRNS_8ios_baseEwe)
                  2000add4    00000248                           : locale.cpp.obj (.text:_ZNKSt3__29money_getIwNS_19istreambuf_iteratorIwNS_11char_traitsIwEEEEE6do_getES4_S4_bRNS_8ios_baseERjRNS_12basic_stringIwS3_NS_9allocatorIwEEEE)
                  2000b01c    00000240                           : locale.cpp.obj (.text:_ZNKSt3__29money_putIcNS_19ostreambuf_iteratorIcNS_11char_traitsIcEEEEE6do_putES4_bRNS_8ios_baseEce)
                  2000b25c    000001fc                           : locale.cpp.obj (.text:_ZNKSt3__220__time_get_c_storageIcE8__monthsEv)
                  2000b458    000001f8                           : locale.cpp.obj (.text:_ZNKSt3__29money_putIwNS_19ostreambuf_iteratorIwNS_11char_traitsIwEEEEE6do_putES4_bRNS_8ios_baseEwRKNS_12basic_stringIwS3_NS_9allocatorIwEEEE)
                  2000b650    000001f4                           : locale.cpp.obj (.text:_ZNKSt3__29money_putIcNS_19ostreambuf_iteratorIcNS_11char_traitsIcEEEEE6do_putES4_bRNS_8ios_baseEcRKNS_12basic_stringIcS3_NS_9allocatorIcEEEE)
                  2000b844    000001f0                           : locale.cpp.obj (.text:_ZNSt3__214__scan_keywordINS_19istreambuf_iteratorIcNS_11char_traitsIcEEEEPKNS_12basic_stringIcS3_NS_9allocatorIcEEEENS_5ctypeIcEEEET0_RT_SE_SD_SD_RKT1_Rjb)
                  2000ba34    000001ec                           : locale.cpp.obj (.text:_ZNSt3__214__scan_keywordINS_19istreambuf_iteratorIwNS_11char_traitsIwEEEEPKNS_12basic_stringIwS3_NS_9allocatorIwEEEENS_5ctypeIwEEEET0_RT_SE_SD_SD_RKT1_Rjb)
                  2000bc20    000001dc                           : strtoll.c.obj (.text:strtoll)
                  2000bdfc    000001d8                           : locale.cpp.obj (.text:_ZNKSt3__27num_getIwNS_19istreambuf_iteratorIwNS_11char_traitsIwEEEEE15__do_get_signedIlEES4_S4_S4_RNS_8ios_baseERjRT_)
                  2000bfd4    000001d8                           : locale.cpp.obj (.text:_ZNKSt3__27num_getIwNS_19istreambuf_iteratorIwNS_11char_traitsIwEEEEE15__do_get_signedIxEES4_S4_S4_RNS_8ios_baseERjRT_)
                  2000c1ac    000001d8                           : locale.cpp.obj (.text:_ZNKSt3__27num_getIwNS_19istreambuf_iteratorIwNS_11char_traitsIwEEEEE17__do_get_unsignedIjEES4_S4_S4_RNS_8ios_baseERjRT_)
                  2000c384    000001d8                           : locale.cpp.obj (.text:_ZNKSt3__27num_getIwNS_19istreambuf_iteratorIwNS_11char_traitsIwEEEEE17__do_get_unsignedImEES4_S4_S4_RNS_8ios_baseERjRT_)
                  2000c55c    000001d8                           : locale.cpp.obj (.text:_ZNKSt3__27num_getIwNS_19istreambuf_iteratorIwNS_11char_traitsIwEEEEE17__do_get_unsignedItEES4_S4_S4_RNS_8ios_baseERjRT_)
                  2000c734    000001d8                           : locale.cpp.obj (.text:_ZNKSt3__27num_getIwNS_19istreambuf_iteratorIwNS_11char_traitsIwEEEEE17__do_get_unsignedIyEES4_S4_S4_RNS_8ios_baseERjRT_)
                  2000c90c    000001d2                           : locale.cpp.obj (.text:_ZN32_INTERNAL_10_locale_cpp_a7183203St3__213utf8_to_utf16EPKhS1_RS1_PtS3_RS3_mNS_12codecvt_modeE)
                  2000cade    00000002                           : string.cpp.obj (.text:_ZNKSt3__222__compressed_pair_elemINS_12basic_stringIcNS_11char_traitsIcEENS_9allocatorIcEEE5__repELi0ELb0EE5__getEv)
                  2000cae0    000001cc                           : locale.cpp.obj (.text:_ZNSt3__29__num_putIwE21__widen_and_group_intEPcS2_S2_PwRS3_S4_RKNS_6localeE)
                  2000ccac    000001cc                           : _printfi.c.obj (.text:_pconv_g)
                  2000ce78    000001c8                           : locale.cpp.obj (.text:_ZNSt3__29__num_putIcE21__widen_and_group_intEPcS2_S2_S2_RS2_S3_RKNS_6localeE)
                  2000d040    000001c4                           : locale.cpp.obj (.text:_ZNKSt3__27num_getIwNS_19istreambuf_iteratorIwNS_11char_traitsIwEEEEE6do_getES4_S4_RNS_8ios_baseERjRPv)
                  2000d204    000001b6                           : fd_add_t2.asm.obj (.text)
                  2000d3ba    00000002                           : string.cpp.obj (.text:_ZNKSt3__222__compressed_pair_elemINS_12basic_stringIwNS_11char_traitsIwEENS_9allocatorIwEEE5__repELi0ELb0EE5__getEv)
                  2000d3bc    000001b0                           : locale.cpp.obj (.text:_ZNKSt3__220__time_get_c_storageIwE7__weeksEv)
                  2000d56c    000001b0                           : locale.cpp.obj (.text:_ZNKSt3__27num_getIcNS_19istreambuf_iteratorIcNS_11char_traitsIcEEEEE15__do_get_signedIxEES4_S4_S4_RNS_8ios_baseERjRT_)
                  2000d71c    000001b0                           : locale.cpp.obj (.text:_ZNKSt3__27num_getIcNS_19istreambuf_iteratorIcNS_11char_traitsIcEEEEE17__do_get_unsignedIyEES4_S4_S4_RNS_8ios_baseERjRT_)
                  2000d8cc    000001b0                           : locale.cpp.obj (.text:_ZNKSt3__27num_getIcNS_19istreambuf_iteratorIcNS_11char_traitsIcEEEEE6do_getES4_S4_RNS_8ios_baseERjRPv)
                  2000da7c    000001ac                           : locale.cpp.obj (.text:_ZNKSt3__27num_getIcNS_19istreambuf_iteratorIcNS_11char_traitsIcEEEEE15__do_get_signedIlEES4_S4_S4_RNS_8ios_baseERjRT_)
                  2000dc28    000001ac                           : locale.cpp.obj (.text:_ZNKSt3__27num_getIcNS_19istreambuf_iteratorIcNS_11char_traitsIcEEEEE17__do_get_unsignedIjEES4_S4_S4_RNS_8ios_baseERjRT_)
                  2000ddd4    000001ac                           : locale.cpp.obj (.text:_ZNKSt3__27num_getIcNS_19istreambuf_iteratorIcNS_11char_traitsIcEEEEE17__do_get_unsignedImEES4_S4_S4_RNS_8ios_baseERjRT_)
                  2000df80    000001ac                           : locale.cpp.obj (.text:_ZNKSt3__27num_getIcNS_19istreambuf_iteratorIcNS_11char_traitsIcEEEEE17__do_get_unsignedItEES4_S4_S4_RNS_8ios_baseERjRT_)
                  2000e12c    000001a8                           : locale.cpp.obj (.text:_ZNKSt3__27num_getIcNS_19istreambuf_iteratorIcNS_11char_traitsIcEEEEE23__do_get_floating_pointIdEES4_S4_S4_RNS_8ios_baseERjRT_)
                  2000e2d4    000001a8                           : locale.cpp.obj (.text:_ZNKSt3__27num_getIcNS_19istreambuf_iteratorIcNS_11char_traitsIcEEEEE23__do_get_floating_pointIeEES4_S4_S4_RNS_8ios_baseERjRT_)
                  2000e47c    000001a6                           : locale.cpp.obj (.text:_ZNKSt3__27num_getIcNS_19istreambuf_iteratorIcNS_11char_traitsIcEEEEE23__do_get_floating_pointIfEES4_S4_S4_RNS_8ios_baseERjRT_)
                  2000e622    000001a6                           : locale.cpp.obj (.text:_ZNKSt3__27num_getIwNS_19istreambuf_iteratorIwNS_11char_traitsIwEEEEE23__do_get_floating_pointIdEES4_S4_S4_RNS_8ios_baseERjRT_)
                  2000e7c8    000001a6                           : locale.cpp.obj (.text:_ZNKSt3__27num_getIwNS_19istreambuf_iteratorIwNS_11char_traitsIwEEEEE23__do_get_floating_pointIeEES4_S4_S4_RNS_8ios_baseERjRT_)
                  2000e96e    000001a4                           : locale.cpp.obj (.text:_ZNKSt3__27num_getIwNS_19istreambuf_iteratorIwNS_11char_traitsIwEEEEE23__do_get_floating_pointIfEES4_S4_S4_RNS_8ios_baseERjRT_)
                  2000eb12    00000002                           : locale.cpp.obj (.text:_ZNKSt3__28messagesIcE8do_closeEi)
                  2000eb14    00000190                           : locale.cpp.obj (.text:_ZNKSt3__28time_getIwNS_19istreambuf_iteratorIwNS_11char_traitsIwEEEEE3getES4_S4_RNS_8ios_baseERjP2tmPKwSC_)
                  2000eca4    00000184                           : locale.cpp.obj (.text:_ZN32_INTERNAL_10_locale_cpp_a7183203St3__212utf8_to_ucs4EPKhS1_RS1_PjS3_RS3_mNS_12codecvt_modeE)
                  2000ee28    00000184                           : locale.cpp.obj (.text:_ZNKSt3__28time_getIcNS_19istreambuf_iteratorIcNS_11char_traitsIcEEEEE3getES4_S4_RNS_8ios_baseERjP2tmPKcSC_)
                  2000efac    00000180                           : locale.cpp.obj (.text:_ZNKSt3__29money_getIcNS_19istreambuf_iteratorIcNS_11char_traitsIcEEEEE6do_getES4_S4_bRNS_8ios_baseERjRe)
                  2000f12c    00000180                           : fwrite.c.obj (.text:fwrite)
                  2000f2ac    00000174     ti_sysbios_config.obj (.text:ti_sysbios_family_arm_m3_Hwi_excUsageFault)
                  2000f420    00000166     rtsv7M4_T_le_eabi.lib : locale.cpp.obj (.text:_ZN32_INTERNAL_10_locale_cpp_a7183203St3__213utf16_to_utf8EPKtS1_RS1_PhS3_RS3_mNS_12codecvt_modeE)
                  2000f586    00000002                           : locale.cpp.obj (.text:_ZNKSt3__28messagesIwE8do_closeEi)
                  2000f588    0000015c                           : locale.cpp.obj (.text:_ZNKSt3__220__time_get_c_storageIcE7__weeksEv)
                  2000f6e4    0000015c                           : strtoull.c.obj (.text:strtoull)
                  2000f840    00000154     drivers_cc32xx.a : GPIOCC32XX.oem4 (.text:GPIO_setConfig)
                  2000f994    00000154     ti_sysbios_config.obj (.text:ti_sysbios_family_arm_m3_Hwi_excBusFault)
                  2000fae8    0000014c     rtsv7M4_T_le_eabi.lib : locale.cpp.obj (.text:_ZNSt3__29__num_getIwE19__stage2_float_loopEwRbRcPcRS4_wwRKNS_12basic_stringIcNS_11char_traitsIcEENS_9allocatorIcEEEEPjRSE_RjPw)
                  2000fc34    0000014c                           : vla_alloc.c.obj (.text:__vla_alloc)
                  2000fd80    0000014a                           : locale.cpp.obj (.text:_ZN32_INTERNAL_10_locale_cpp_a7183203St3__220utf8_to_utf16_lengthEPKhS1_jmNS_12codecvt_modeE)
                  2000feca    00000002                           : string.cpp.obj (.text:_ZNSt3__211char_traitsIcE11to_int_typeEc)
                  2000fecc    00000148                           : locale.cpp.obj (.text:_ZNSt3__29__num_getIcE19__stage2_float_loopEcRbRcPcRS4_ccRKNS_12basic_stringIcNS_11char_traitsIcEENS_9allocatorIcEEEEPjRSE_RjS4_)
                  20010014    00000148     drivers_cc32xx.a : PowerCC32XX.oem4 (.text:parkPins)
                  2001015c    00000144     rtsv7M4_T_le_eabi.lib : locale.cpp.obj (.text:_ZNKSt3__27num_putIcNS_19ostreambuf_iteratorIcNS_11char_traitsIcEEEEE6do_putES4_RNS_8ios_baseEcd)
                  200102a0    00000140                           : locale.cpp.obj (.text:_ZN32_INTERNAL_10_locale_cpp_a7183203St3__219utf8_to_ucs4_lengthEPKhS1_jmNS_12codecvt_modeE)
                  200103e0    00000140                           : locale.cpp.obj (.text:_ZNKSt3__27num_putIcNS_19ostreambuf_iteratorIcNS_11char_traitsIcEEEEE6do_putES4_RNS_8ios_baseEce)
                  20010520    00000140                           : locale.cpp.obj (.text:_ZNKSt3__27num_putIwNS_19ostreambuf_iteratorIwNS_11char_traitsIwEEEEE6do_putES4_RNS_8ios_baseEwd)
                  20010660    00000140                           : locale.cpp.obj (.text:_ZNKSt3__27num_putIwNS_19ostreambuf_iteratorIwNS_11char_traitsIwEEEEE6do_putES4_RNS_8ios_baseEwe)
                  200107a0    0000013c                           : locale.cpp.obj (.text:_ZNKSt3__29money_getIwNS_19istreambuf_iteratorIwNS_11char_traitsIwEEEEE6do_getES4_S4_bRNS_8ios_baseERjRe)
                  200108dc    0000013c                           : _printfi.c.obj (.text:_pconv_e)
                  20010a18    00000138     drivers_cc32xx.a : PowerCC32XX.oem4 (.text:Power_sleep)
                  20010b50    00000136     rtsv7M4_T_le_eabi.lib : fd_div_t2.asm.obj (.text)
                  20010c86    00000002                           : locale.cpp.obj (.text:_ZNSt3__212__do_nothingEPv)
                  20010c88    00000130                           : strtol.c.obj (.text:strtol)
                  20010db8    00000130     ti_sysbios_config.obj (.text:ti_sysbios_family_arm_m3_Timer_Instance_init)
                  20010ee8    00000130     ti_sysbios_config.obj (.text:ti_sysbios_knl_Semaphore_pend)
                  20011018    0000012c     rtsv7M4_T_le_eabi.lib : locale.cpp.obj (.text:_ZNKSt3__27codecvtIwciE5do_inERiPKcS4_RS4_PwS6_RS6_)
                  20011144    0000012c     ti_sysbios_config.obj (.text:ti_sysbios_family_arm_m3_Hwi_excMemFault)
                  20011270    00000120     control.obj (.text:_Z10mainThreadPv)
                  20011390    00000120     rtsv7M4_T_le_eabi.lib : _printfi.c.obj (.text:fcvt)
                  200114b0    0000011c                           : locale.cpp.obj (.text:_ZNSt3__216__pad_and_outputIwNS_11char_traitsIwEEEENS_19ostreambuf_iteratorIT_T0_EES6_PKS4_S8_S8_RNS_8ios_baseES4_)
                  200115cc    00000118                           : locale.cpp.obj (.text:_ZNKSt3__27codecvtIwciE6do_outERiPKwS4_RS4_PcS6_RS6_)
                  200116e4    00000114                           : iostream.cpp.obj (.text:_ZNSt3__210__stdinbufIwE9__getcharEb)
                  200117f8    00000114                           : string.cpp.obj (.text:_ZNSt3__212basic_stringIwNS_11char_traitsIwEENS_9allocatorIwEEE7reserveEj)
                  2001190c    00000110     ti_sysbios_config.obj (.text:PowerCC32XX_sleepPolicy)
                  20011a1c    00000110     rtsv7M4_T_le_eabi.lib : iostream.cpp.obj (.text:_ZNSt3__210__stdinbufIcE9__getcharEb)
                  20011b2c    00000110                           : strtoul.c.obj (.text:strtoul)
                  20011c3c    0000010c                           : string.cpp.obj (.text:_ZNSt3__212basic_stringIwNS_11char_traitsIwEENS_9allocatorIwEEE21__grow_by_and_replaceEjjjjjjPKw)
                  20011d48    00000108                           : locale.cpp.obj (.text:_ZN32_INTERNAL_10_locale_cpp_a7183203St3__212ucs4_to_utf8EPKjS1_RS1_PhS3_RS3_mNS_12codecvt_modeE)
                  20011e50    000000fc                           : fd_mul_t2.asm.obj (.text)
                  20011f4c    000000fc     ti_sysbios_config.obj (.text:ti_sysbios_knl_Task_Instance_init)
                  20012048    000000fa     rtsv7M4_T_le_eabi.lib : fs_add_t2.asm.obj (.text)
                  20012142    00000002                           : memory.cpp.obj (.text:_ZNSt3__214__shared_countD1Ev)
                  20012144    000000f8     ti_sysbios_config.obj (.text:pthread_create)
                  2001223c    000000f8     ti_sysbios_config.obj (.text:ti_sysbios_family_arm_m3_Hwi_excFillContext)
                  20012334    000000f2     rtsv7M4_T_le_eabi.lib : string.cpp.obj (.text:_ZNSt3__212basic_stringIcNS_11char_traitsIcEENS_9allocatorIcEEE7reserveEj)
                  20012426    00000002                           : ios.cpp.obj (.text:_ZNSt3__215basic_streambufIcNS_11char_traitsIcEEE5imbueERKNS_6localeE)
                  20012428    000000f0                           : string.cpp.obj (.text:_ZNSt3__212basic_stringIcNS_11char_traitsIcEENS_9allocatorIcEEE21__grow_by_and_replaceEjjjjjjPKc)
                  20012518    000000f0     control.obj (.text:_ZNSt3__216__pad_and_outputIcNS_11char_traitsIcEEEENS_19ostreambuf_iteratorIT_T0_EES6_PKS4_S8_S8_RNS_8ios_baseES4_)
                  20012608    000000ee     rtsv7M4_T_le_eabi.lib : locale.cpp.obj (.text:_ZNSt3__220__get_up_to_n_digitsIwNS_19istreambuf_iteratorIwNS_11char_traitsIwEEEEEEiRT0_S5_RjRKNS_5ctypeIT_EEi)
                  200126f6    00000002                           : ios.cpp.obj (.text:_ZNSt3__215basic_streambufIcNS_11char_traitsIcEEE6setbufEPci)
                  200126f8    000000ec                           : locale.cpp.obj (.text:_ZNSt3__29__num_getIcE17__stage2_int_loopEciPcRS2_RjcRKNS_12basic_stringIcNS_11char_traitsIcEENS_9allocatorIcEEEEPjRSD_PKc)
                  200127e4    000000ec                           : locale.cpp.obj (.text:_ZNSt3__29__num_getIwE17__stage2_int_loopEwiPcRS2_RjwRKNS_12basic_stringIcNS_11char_traitsIcEENS_9allocatorIcEEEEPjRSD_PKw)
                  200128d0    000000e8                           : locale.cpp.obj (.text:_ZNKSt3__220__time_get_c_storageIwE3__cEv)
                  200129b8    000000e4                           : locale.cpp.obj (.text:_ZNSt3__220__get_up_to_n_digitsIcNS_19istreambuf_iteratorIcNS_11char_traitsIcEEEEEEiRT0_S5_RjRKNS_5ctypeIT_EEi)
                  20012a9c    000000e0                           : locale.cpp.obj (.text:_ZNSt3__26vectorIPNS_6locale5facetENS_15__sso_allocatorIS3_Lj28EEEE8__appendEj)
                  20012b7c    000000e0     ti_sysbios_config.obj (.text:ti_sysbios_family_arm_m3_Hwi_excHandlerMax)
                  20012c5c    000000dc     rtsv7M4_T_le_eabi.lib : locale.cpp.obj (.text:_ZNKSt3__27num_getIcNS_19istreambuf_iteratorIcNS_11char_traitsIcEEEEE6do_getES4_S4_RNS_8ios_baseERjRb)
                  20012d38    000000dc                           : locale.cpp.obj (.text:_ZNKSt3__27num_getIwNS_19istreambuf_iteratorIwNS_11char_traitsIwEEEEE6do_getES4_S4_RNS_8ios_baseERjRb)
                  20012e14    000000dc                           : setvbuf.c.obj (.text:setvbuf)
                  20012ef0    000000d8                           : string.cpp.obj (.text:_ZNSt3__212basic_stringIwNS_11char_traitsIwEENS_9allocatorIwEEE9__grow_byEjjjjjj)
                  20012fc8    000000d8     ti_sysbios_config.obj (.text:ti_sysbios_knl_Task_Instance_finalize)
                  200130a0    000000d8     ti_sysbios_config.obj (.text:ti_sysbios_knl_Task_setPri)
                  20013178    000000d4     rtsv7M4_T_le_eabi.lib : locale.cpp.obj (.text:_ZNKSt3__220__time_get_c_storageIwE3__rEv)
                  2001324c    000000d0                           : locale.cpp.obj (.text:_ZNKSt3__220__time_get_c_storageIwE3__XEv)
                  2001331c    000000d0                           : locale.cpp.obj (.text:_ZNKSt3__220__time_get_c_storageIwE3__xEv)
                  200133ec    000000d0                           : s_scalbn.c.obj (.text:scalbn)
                  200134bc    000000d0     sysbios.a : Hwi_asm.obj (.text:ti_sysbios_family_arm_m3_Hwi_dispatch)
                  2001358c    000000cc     rtsv7M4_T_le_eabi.lib : locale.cpp.obj (.text:_ZNKSt3__27num_putIcNS_19ostreambuf_iteratorIcNS_11char_traitsIcEEEEE6do_putES4_RNS_8ios_baseEcx)
                  20013658    000000cc                           : locale.cpp.obj (.text:_ZNKSt3__27num_putIwNS_19ostreambuf_iteratorIwNS_11char_traitsIwEEEEE6do_putES4_RNS_8ios_baseEwx)
                  20013724    000000cc     ti_sysbios_config.obj (.text:ti_sysbios_heaps_HeapMem_allocUnprotected)
                  200137f0    000000c4     rtsv7M4_T_le_eabi.lib : locale.cpp.obj (.text:_ZNKSt3__27num_putIcNS_19ostreambuf_iteratorIcNS_11char_traitsIcEEEEE6do_putES4_RNS_8ios_baseEcy)
                  200138b4    000000c4                           : locale.cpp.obj (.text:_ZNKSt3__27num_putIwNS_19ostreambuf_iteratorIwNS_11char_traitsIwEEEEE6do_putES4_RNS_8ios_baseEwy)
                  20013978    000000c0                           : locale.cpp.obj (.text:_ZNKSt3__27num_putIcNS_19ostreambuf_iteratorIcNS_11char_traitsIcEEEEE6do_putES4_RNS_8ios_baseEcl)
                  20013a38    000000c0                           : locale.cpp.obj (.text:_ZNKSt3__27num_putIcNS_19ostreambuf_iteratorIcNS_11char_traitsIcEEEEE6do_putES4_RNS_8ios_baseEcm)
                  20013af8    000000c0                           : locale.cpp.obj (.text:_ZNKSt3__27num_putIwNS_19ostreambuf_iteratorIwNS_11char_traitsIwEEEEE6do_putES4_RNS_8ios_baseEwl)
                  20013bb8    000000c0                           : locale.cpp.obj (.text:_ZNKSt3__27num_putIwNS_19ostreambuf_iteratorIwNS_11char_traitsIwEEEEE6do_putES4_RNS_8ios_baseEwm)
                  20013c78    000000c0                           : string.cpp.obj (.text:_ZNSt3__212basic_stringIcNS_11char_traitsIcEENS_9allocatorIcEEE9__grow_byEjjjjjj)
                  20013d38    000000c0     drivers_cc32xx.a : PowerCC32XX.oem4 (.text:restoreParkedPins)
                  20013df8    000000c0     ti_sysbios_config.obj (.text:ti_sysbios_heaps_HeapMem_freeUnprotected)
                  20013eb8    000000bc     rtsv7M4_T_le_eabi.lib : iostream.cpp.obj (.text:_ZNSt3__211__stdoutbufIwE8overflowEi)
                  20013f74    000000b2                           : iostream.cpp.obj (.text:_ZNSt3__211__stdoutbufIcE8overflowEi)
                  20014026    00000002                           : ios.cpp.obj (.text:_ZNSt3__215basic_streambufIwNS_11char_traitsIwEEE5imbueERKNS_6localeE)
                  20014028    000000b1                           : _printfi.c.obj (.text:_ltostr)
                  200140d9    00000001     --HOLE-- [fill = 0]
                  200140da    000000b0                           : iostream.cpp.obj (.text:_ZNSt3__210__stdinbufIwE9pbackfailEi)
                  2001418a    00000002                           : ios.cpp.obj (.text:_ZNSt3__215basic_streambufIwNS_11char_traitsIwEEE6setbufEPwi)
                  2001418c    000000ac                           : s_scalbnf.c.obj (.text:scalbnf)
                  20014238    000000a8     drivers_cc32xx.a : PowerCC32XX.oem4 (.text:PowerCC32XX_configureWakeup)
                  200142e0    000000a8     rtsv7M4_T_le_eabi.lib : iostream.cpp.obj (.text:_ZNSt3__210__stdinbufIcE9pbackfailEi)
                  20014388    000000a8                           : locale.cpp.obj (.text:_ZNSt3__219__double_or_nothingIwEEvRNS_10unique_ptrIT_PFvPvEEERPS2_S9_)
                  20014430    000000a4                           : string.cpp.obj (.text:_ZNSt3__212basic_stringIcNS_11char_traitsIcEENS_9allocatorIcEEE6appendEPKcj)
                  200144d4    000000a4                           : string.cpp.obj (.text:_ZNSt3__212basic_stringIwNS_11char_traitsIwEENS_9allocatorIwEEE6appendEPKwj)
                  20014578    000000a0                           : string.cpp.obj (.text:_ZNSt3__212basic_stringIcNS_11char_traitsIcEENS_9allocatorIcEEE9push_backEc)
                  20014618    000000a0     sysbios.a : auto_init.obj (.text)
                  200146b8    0000009e     rtsv7M4_T_le_eabi.lib : string.cpp.obj (.text:_ZNSt3__212basic_stringIwNS_11char_traitsIwEENS_9allocatorIwEEE9push_backEw)
                  20014756    00000002                           : string.cpp.obj (.text:_ZNSt3__222__compressed_pair_elemINS_12basic_stringIcNS_11char_traitsIcEENS_9allocatorIcEEE5__repELi0ELb0EE5__getEv)
                  20014758    0000009c                           : locale.cpp.obj (.text:_ZNKSt3__27num_putIwNS_19ostreambuf_iteratorIwNS_11char_traitsIwEEEEE6do_putES4_RNS_8ios_baseEwPKv)
                  200147f4    0000009c                           : locale.cpp.obj (.text:_ZNKSt3__27num_putIwNS_19ostreambuf_iteratorIwNS_11char_traitsIwEEEEE6do_putES4_RNS_8ios_baseEwb)
                  20014890    0000009c                           : string.cpp.obj (.text:_ZNSt3__212basic_stringIcNS_11char_traitsIcEENS_9allocatorIcEEE6appendEjc)
                  2001492c    0000009c                           : _bufread.c.obj (.text:__TI_buff_read)
                  200149c8    0000009c                           : memcpy_t2.asm.obj (.text)
                  20014a64    0000009c     ti_sysbios_config.obj (.text:ti_sysbios_family_arm_m3_Hwi_excDebugMon)
                  20014b00    0000009c     ti_sysbios_config.obj (.text:ti_sysbios_knl_Task_sleep)
                  20014b9c    00000098     rtsv7M4_T_le_eabi.lib : locale.cpp.obj (.text:_ZNKSt3__210__time_put8__do_putEPwRS1_PK2tmcc)
                  20014c34    00000098                           : locale.cpp.obj (.text:_ZNKSt3__27num_putIcNS_19ostreambuf_iteratorIcNS_11char_traitsIcEEEEE6do_putES4_RNS_8ios_baseEcPKv)
                  20014ccc    00000098                           : locale.cpp.obj (.text:_ZNKSt3__27num_putIcNS_19ostreambuf_iteratorIcNS_11char_traitsIcEEEEE6do_putES4_RNS_8ios_baseEcb)
                  20014d64    00000098                           : string.cpp.obj (.text:_ZNSt3__212basic_stringIwNS_11char_traitsIwEENS_9allocatorIwEEE6assignEPKwj)
                  20014dfc    00000096                           : string.cpp.obj (.text:_ZNSt3__212basic_stringIcNS_11char_traitsIcEENS_9allocatorIcEEE6assignEPKcj)
                  20014e92    00000096                           : locale.cpp.obj (.text:_ZNSt3__225__num_get_signed_integralIlEET_PKcS3_Rji)
                  20014f28    00000096                           : ull_div_t2.asm.obj (.text)
                  20014fbe    00000002                           : string.cpp.obj (.text:_ZNSt3__222__compressed_pair_elemINS_12basic_stringIwNS_11char_traitsIwEENS_9allocatorIwEEE5__repELi0ELb0EE5__getEv)
                  20014fc0    00000094                           : locale.cpp.obj (.text:_ZNKSt3__220__time_get_c_storageIwE7__am_pmEv)
                  20015054    00000094                           : string.cpp.obj (.text:_ZNSt3__212basic_stringIwNS_11char_traitsIwEENS_9allocatorIwEEE6__initEPKwj)
                  200150e8    00000094                           : locale.cpp.obj (.text:_ZNSt3__219__double_or_nothingIcEEvRNS_10unique_ptrIT_PFvPvEEERPS2_S9_)
                  2001517c    00000094                           : locale.cpp.obj (.text:_ZNSt3__219__double_or_nothingIjEEvRNS_10unique_ptrIT_PFvPvEEERPS2_S9_)
                  20015210    00000094     ti_sysbios_config.obj (.text:ti_sysbios_family_arm_m3_Hwi_excHardFault)
                  200152a4    00000092     rtsv7M4_T_le_eabi.lib : fs_div_t2.asm.obj (.text)
                  20015336    00000002                           : string.cpp.obj (.text:_ZNSt3__222__compressed_pair_elemINS_9allocatorIcEELi1ELb1EEC1IS2_vEEOT_)
                  20015338    00000090     drivers_cc32xx.a : GPIOCC32XX.oem4 (.text:GPIO_init)
                  200153c8    00000090     DRV8833.obj (.text:_ZN7DRV88339stepMotorEi)
                  20015458    00000090     rtsv7M4_T_le_eabi.lib : locale.cpp.obj (.text:_ZNSt3__225__num_get_signed_integralIxEET_PKcS3_Rji)
                  200154e8    00000090     drivers_cc32xx.a : PowerCC32XX.oem4 (.text:restoreNVICRegs)
                  20015578    0000008c     rtsv7M4_T_le_eabi.lib : locale.cpp.obj (.text:_ZNKSt3__220__time_get_c_storageIcE7__am_pmEv)
                  20015604    0000008c                           : locale.cpp.obj (.text:_ZNKSt3__28numpunctIwE11do_truenameEv)
                  20015690    0000008c                           : locale.cpp.obj (.text:_ZNKSt3__28numpunctIwE12do_falsenameEv)
                  2001571c    00000088     driverlib.a : pin.obj (.text:PinConfigSet)
                  200157a4    00000088     ti_sysbios_config.obj (.text:ti_sysbios_knl_Task_checkStacks)
                  2001582c    00000086     rtsv7M4_T_le_eabi.lib : fd_cmp_t2.asm.obj (.text:__aeabi_cdcmple)
                  200158b2    00000086                           : fd_cmp_t2.asm.obj (.text:__aeabi_cdrcmple)
                  20015938    00000084     drivers_cc32xx.a : PowerCC32XX.oem4 (.text:Power_init)
                  200159bc    00000084     rtsv7M4_T_le_eabi.lib : locale.cpp.obj (.text:_ZNKSt3__220__time_get_c_storageIcE3__cEv)
                  20015a40    00000084                           : locale.cpp.obj (.text:_ZNKSt3__27collateIwE12do_transformEPKwS3_)
                  20015ac4    00000084                           : fgetc.c.obj (.text:fgetc)
                  20015b48    00000084     drivers_cc32xx.a : PowerCC32XX.oem4 (.text:saveNVICRegs)
                  20015bcc    00000084     ti_sysbios_config.obj (.text:ti_sysbios_family_arm_m3_Hwi_initNVIC)
                  20015c50    00000080     drivers_cc32xx.a : GPIOCC32XX.oem4 (.text:GPIO_write)
                  20015cd0    00000080                      : PowerCC32XX.oem4 (.text:Power_setDependency)
                  20015d50    00000080     rtsv7M4_T_le_eabi.lib : ios.cpp.obj (.text:_ZNSt3__213basic_ostreamIcNS_11char_traitsIcEEE6sentryD1Ev)
                  20015dd0    00000080                           : ios.cpp.obj (.text:_ZNSt3__213basic_ostreamIwNS_11char_traitsIwEEE6sentryD1Ev)
                  20015e50    00000080                           : locale.cpp.obj (.text:_ZNSt3__214__num_put_base14__format_floatEPcPKcj)
                  20015ed0    00000080                           : locale.cpp.obj (.text:_ZNSt3__26locale5__impD1Ev)
                  20015f50    00000080     ti_sysbios_config.obj (.text:ti_sysbios_family_arm_m3_Hwi_Instance_init)
                  20015fd0    00000080     ti_sysbios_config.obj (.text:ti_sysbios_knl_Idle_init)
                  20016050    00000080     rtsv7M4_T_le_eabi.lib : ungetc.c.obj (.text:ungetc)
                  200160d0    0000007c                           : locale.cpp.obj (.text:_ZNKSt3__28time_getIcNS_19istreambuf_iteratorIcNS_11char_traitsIcEEEEE11__get_am_pmERiRS4_S4_RjRKNS_5ctypeIcEE)
                  2001614c    0000007c                           : locale.cpp.obj (.text:_ZNKSt3__28time_getIwNS_19istreambuf_iteratorIwNS_11char_traitsIwEEEEE11__get_am_pmERiRS4_S4_RjRKNS_5ctypeIwEE)
                  200161c8    0000007c     ti_sysbios_config.obj (.text:_pthread_removeThreadKeys)
                  20016244    0000007c     rtsv7M4_T_le_eabi.lib : fflush.c.obj (.text:fflush)
                  200162c0    0000007c     ti_sysbios_config.obj (.text:ti_sysbios_knl_TaskSupport_buildTaskStack)
                  2001633c    0000007a     rtsv7M4_T_le_eabi.lib : locale.cpp.obj (.text:_ZNSt3__227__num_get_unsigned_integralIjEET_PKcS3_Rji)
                  200163b6    0000007a                           : locale.cpp.obj (.text:_ZNSt3__227__num_get_unsigned_integralImEET_PKcS3_Rji)
                  20016430    0000007a                           : fs_mul_t2.asm.obj (.text)
                  200164aa    0000007a                           : memset_t2.asm.obj (.text)
                  20016524    00000078                           : vla_alloc.c.obj (.text:_ZN33_INTERNAL_11_vla_alloc_c_be8bd49b21free_dead_allocationsEPv)
                  2001659c    00000078                           : locale.cpp.obj (.text:_ZNKSt3__220__time_get_c_storageIcE3__rEv)
                  20016614    00000078                           : ios.cpp.obj (.text:_ZNSt3__215basic_streambufIwNS_11char_traitsIwEEE6xsgetnEPwi)
                  2001668c    00000078                           : locale.cpp.obj (.text:_ZNSt3__227__num_get_unsigned_integralItEET_PKcS3_Rji)
                  20016704    00000078     ti_sysbios_config.obj (.text:ti_sysbios_knl_Clock_workFunc)
                  2001677c    00000078     ti_sysbios_config.obj (.text:ti_sysbios_knl_Task_postInit)
                  200167f4    00000076     rtsv7M4_T_le_eabi.lib : vec_newdel.c.obj (.text:_ZN34_INTERNAL_12_vec_newdel_c_8a08d4a517array_new_generalEPvijjS0_PFYS0_S0_ES2_PFYS0_jEPFYvS0_Eii)
                  2001686a    00000076                           : string.cpp.obj (.text:_ZNSt3__212basic_stringIcNS_11char_traitsIcEENS_9allocatorIcEEE6resizeEjc)
                  200168e0    00000074                           : string.cpp.obj (.text:_ZNSt3__212basic_stringIcNS_11char_traitsIcEENS_9allocatorIcEEE6__initEPKcj)
                  20016954    00000074                           : locale.cpp.obj (.text:_ZNSt3__215__num_get_floatIdEET_PKcS3_Rj)
                  200169c8    00000074                           : locale.cpp.obj (.text:_ZNSt3__215__num_get_floatIeEET_PKcS3_Rj)
                  20016a3c    00000074                           : ios.cpp.obj (.text:_ZNSt3__215basic_streambufIcNS_11char_traitsIcEEE6xsgetnEPci)
                  20016ab0    00000074                           : locale.cpp.obj (.text:_ZNSt3__216__check_groupingERKNS_12basic_stringIcNS_11char_traitsIcEENS_9allocatorIcEEEEPjS8_Rj)
                  20016b24    00000074                           : locale.cpp.obj (.text:_ZNSt3__227__num_get_unsigned_integralIyEET_PKcS3_Rji)
                  20016b98    00000074                           : fclose.c.obj (.text:__TI_closefile)
                  20016c0c    00000074     drivers_cc32xx.a : GPIOCC32XX.oem4 (.text:powerNotifyFxn)
                  20016c80    00000074     ti_sysbios_config.obj (.text:ti_sysbios_knl_Swi_restoreHwi)
                  20016cf4    00000074     ti_sysbios_config.obj (.text:ti_sysbios_runtime_Error_raiseX)
                  20016d68    00000072     rtsv7M4_T_le_eabi.lib : vec_newdel.c.obj (.text:_ZN34_INTERNAL_12_vec_newdel_c_8a08d4a520array_delete_generalEPvijjPFYS0_S0_EiPFYvS0_Eii)
                  20016dda    00000072                           : none_mb.c.obj (.text:wcsnrtombs)
                  20016e4c    00000070                           : vla_alloc.c.obj (.text:__vla_dealloc)
                  20016ebc    00000070     ti_sysbios_config.obj (.text:ti_sysbios_heaps_HeapMem_Instance_init)
                  20016f2c    00000070     ti_sysbios_config.obj (.text:ti_sysbios_knl_Swi_Instance_init)
                  20016f9c    0000006e     rtsv7M4_T_le_eabi.lib : ios.cpp.obj (.text:_ZNSt3__213basic_ostreamIcNS_11char_traitsIcEEE3putEc)
                  2001700a    0000006e                           : _printfi.c.obj (.text:_mcpy)
                  20017078    0000006e                           : fd_tos_t2.asm.obj (.text)
                  200170e6    00000002                           : string.cpp.obj (.text:_ZNSt3__222__compressed_pair_elemINS_9allocatorIwEELi1ELb1EEC1IS2_vEEOT_)
                  200170e8    0000006d     ti_sysbios_config.obj (.text:ti_sysbios_runtime_System_formatNum)
                  20017155    00000001     --HOLE-- [fill = 0]
                  20017156    00000002     rtsv7M4_T_le_eabi.lib : stdlib_typeinfo.cpp.obj (.text:_ZNSt9type_infoD1Ev)
                  20017158    0000006c                           : hostrename.c.obj (.text:HOSTrename)
                  200171c4    0000006c                           : locale.cpp.obj (.text:_ZNSt3__26locale5__imp7installEPNS0_5facetEl)
                  20017230    0000006c     ti_sysbios_config.obj (.text:ti_sysbios_knl_Semaphore_post)
                  2001729c    0000006c     ti_sysbios_config.obj (.text:ti_sysbios_knl_Swi_run)
                  20017308    0000006c     ti_sysbios_config.obj (.text:ti_sysbios_knl_Task_schedule)
                  20017374    00000068     rtsv7M4_T_le_eabi.lib : hostlseek.c.obj (.text:HOSTlseek)
                  200173dc    00000068                           : locale.cpp.obj (.text:_ZNKSt3__220__time_get_c_storageIcE3__XEv)
                  20017444    00000068                           : locale.cpp.obj (.text:_ZNKSt3__220__time_get_c_storageIcE3__xEv)
                  200174ac    00000068                           : locale.cpp.obj (.text:_ZNKSt3__28time_getIcNS_19istreambuf_iteratorIcNS_11char_traitsIcEEEEE13__get_percentERS4_S4_RjRKNS_5ctypeIcEE)
                  20017514    00000068                           : locale.cpp.obj (.text:_ZNKSt3__28time_getIwNS_19istreambuf_iteratorIwNS_11char_traitsIwEEEEE13__get_percentERS4_S4_RjRKNS_5ctypeIwEE)
                  2001757c    00000068                           : locale.cpp.obj (.text:_ZNKSt3__28time_putIwNS_19ostreambuf_iteratorIwNS_11char_traitsIwEEEEE6do_putES4_RNS_8ios_baseEwPK2tmcc)
                  200175e4    00000068                           : ios.cpp.obj (.text:_ZNSt3__215basic_streambufIwNS_11char_traitsIwEEE6xsputnEPKwi)
                  2001764c    00000068                           : locale.cpp.obj (.text:_ZNSt3__29__num_getIcE19__stage2_float_prepERNS_8ios_baseEPcRcS5_)
                  200176b4    00000068                           : locale.cpp.obj (.text:_ZNSt3__29__num_getIwE19__stage2_float_prepERNS_8ios_baseEPwRwS5_)
                  2001771c    00000068                           : sscanf.c.obj (.text:_chkmbc)
                  20017784    00000068                           : copy_decompress_lzss.c.obj (.text:decompress:lzss:__TI_decompress_lzss)
                  200177ec    00000068     ti_sysbios_config.obj (.text:ti_sysbios_knl_Task_startup)
                  20017854    00000066     rtsv7M4_T_le_eabi.lib : locale.cpp.obj (.text:_ZNKSt3__28time_putIcNS_19ostreambuf_iteratorIcNS_11char_traitsIcEEEEE6do_putES4_RNS_8ios_baseEcPK2tmcc)
                  200178ba    00000002                           : _lock.c.obj (.text:_nop)
                  200178bc    00000064     drivers_cc32xx.a : GPIOCC32XX.oem4 (.text:GPIO_setInterruptConfig)
                  20017920    00000064                      : PowerCC32XX.oem4 (.text:PowerCC32XX_setParkState)
                  20017984    00000064     rtsv7M4_T_le_eabi.lib : locale.cpp.obj (.text:_ZNSt3__215__num_get_floatIfEET_PKcS3_Rj)
                  200179e8    00000064                           : ios.cpp.obj (.text:_ZNSt3__215basic_streambufIcNS_11char_traitsIcEEE6xsputnEPKci)
                  20017a4c    00000064                           : fseek.c.obj (.text:fseek)
                  20017ab0    00000064     ti_sysbios_config.obj (.text:ti_sysbios_knl_Clock_init)
                  20017b14    00000062     rtsv7M4_T_le_eabi.lib : _io_perm.c.obj (.text:__TI_wrt_ok)
                  20017b76    00000002                           : xlocale.c.obj (.text:freelocale)
                  20017b78    00000060     drivers_cc32xx.a : GPIOCC32XX.oem4 (.text:GPIO_hwiIntFxn)
                  20017bd8    00000060     rtsv7M4_T_le_eabi.lib : hostopen.c.obj (.text:HOSTopen)
                  20017c38    00000060     driverlib.a : prcm.obj (.text:PRCMSysResetCauseGet)
                  20017c98    00000060     DRV8833.obj (.text:_ZN7DRV88339stepStepsEij)
                  20017cf8    00000060     rtsv7M4_T_le_eabi.lib : fs_cmp_t2.asm.obj (.text:__aeabi_cfcmple)
                  20017d58    00000060     main_tirtos.obj (.text:main)
                  20017db8    0000005e     rtsv7M4_T_le_eabi.lib : locale.cpp.obj (.text:_ZNKSt3__219istreambuf_iteratorIcNS_11char_traitsIcEEE5equalERKS3_)
                  20017e16    0000005e                           : locale.cpp.obj (.text:_ZNKSt3__219istreambuf_iteratorIwNS_11char_traitsIwEEE5equalERKS3_)
                  20017e74    0000005e                           : locale.cpp.obj (.text:_ZNSt3__2eqIcNS_11char_traitsIcEEEEbRKNS_19istreambuf_iteratorIT_T0_EES8_)
                  20017ed2    0000005e                           : locale.cpp.obj (.text:_ZNSt3__2neIwNS_11char_traitsIwEEEEbRKNS_19istreambuf_iteratorIT_T0_EES8_)
                  20017f30    0000005c                           : locale.cpp.obj (.text:_ZNKSt3__27collateIcE12do_transformEPKcS3_)
                  20017f8c    0000005c                           : close.c.obj (.text:close)
                  20017fe8    0000005c                           : s_frexp.c.obj (.text:frexp)
                  20018044    0000005c     ti_sysbios_config.obj (.text:ti_sysbios_family_arm_m3_Hwi_postInit)
                  200180a0    0000005c     ti_sysbios_config.obj (.text:ti_sysbios_knl_Swi_schedule)
                  200180fc    0000005a     rtsv7M4_T_le_eabi.lib : locale.cpp.obj (.text:_ZNKSt3__28time_getIwNS_19istreambuf_iteratorIwNS_11char_traitsIwEEEEE11do_get_dateES4_S4_RNS_8ios_baseERjP2tm)
                  20018156    0000005a                           : locale.cpp.obj (.text:_ZNKSt3__28time_getIwNS_19istreambuf_iteratorIwNS_11char_traitsIwEEEEE17__get_white_spaceERS4_S4_RjRKNS_5ctypeIwEE)
                  200181b0    00000058                           : hostread.c.obj (.text:HOSTread)
                  20018208    00000058                           : hostwrite.c.obj (.text:HOSTwrite)
                  20018260    00000058     driverlib.a : prcm.obj (.text:PRCMPeripheralReset)
                  200182b8    00000058     rtsv7M4_T_le_eabi.lib : locale.cpp.obj (.text:_ZNKSt3__28time_getIcNS_19istreambuf_iteratorIcNS_11char_traitsIcEEEEE17__get_white_spaceERS4_S4_RjRKNS_5ctypeIcEE)
                  20018310    00000058     ti_sysbios_config.obj (.text:pthread_exit)
                  20018368    00000058     ti_sysbios_config.obj (.text:ti_sysbios_family_arm_m3_Hwi_dispatchC)
                  200183c0    00000058     ti_sysbios_config.obj (.text:ti_sysbios_knl_Swi_runLoop)
                  20018418    00000058     ti_sysbios_config.obj (.text:ti_sysbios_runtime_Memory_alloc)
                  20018470    00000056     rtsv7M4_T_le_eabi.lib : locale.cpp.obj (.text:_ZNKSt3__28time_getIcNS_19istreambuf_iteratorIcNS_11char_traitsIcEEEEE11do_get_dateES4_S4_RNS_8ios_baseERjP2tm)
                  200184c6    00000056                           : _printfi.c.obj (.text:_pconv_f)
                  2001851c    00000054                           : _ltoa.c.obj (.text:__TI_ltoa)
                  20018570    00000052     drivers_cc32xx.a : PowerCC32XX_asm.oem4 (.text:PowerCC32XX_resumeLPDS)
                  200185c2    00000052     rtsv7M4_T_le_eabi.lib : _printfi.c.obj (.text:_ecpy)
                  20018614    00000050                           : ios.cpp.obj (.text:_ZNSt3__213basic_ostreamIcNS_11char_traitsIcEEE5flushEv)
                  20018664    00000050                           : ios.cpp.obj (.text:_ZNSt3__213basic_ostreamIwNS_11char_traitsIwEEE5flushEv)
                  200186b4    0000004c     drivers_cc32xx.a : PowerCC32XX.oem4 (.text:PowerCC32XX_parkPin)
                  20018700    0000004c     rtsv7M4_T_le_eabi.lib : iostream.cpp.obj (.text:_ZNSt3__211__stdoutbufIcE4syncEv)
                  2001874c    0000004c                           : iostream.cpp.obj (.text:_ZNSt3__211__stdoutbufIwE4syncEv)
                  20018798    0000004c                           : string.cpp.obj (.text:_ZNSt3__212basic_stringIcNS_11char_traitsIcEENS_9allocatorIcEEEC1ERKS5_)
                  200187e4    0000004c                           : string.cpp.obj (.text:_ZNSt3__212basic_stringIwNS_11char_traitsIwEENS_9allocatorIwEEEC1ERKS5_)
                  20018830    0000004c                           : ios.cpp.obj (.text:_ZNSt3__213basic_ostreamIcNS_11char_traitsIcEEE6sentryC1ERS3_)
                  2001887c    0000004c                           : ios.cpp.obj (.text:_ZNSt3__213basic_ostreamIwNS_11char_traitsIwEEE6sentryC1ERS3_)
                  200188c8    0000004c                           : fflush.c.obj (.text:__TI_doflush)
                  20018914    0000004c                           : atoi.c.obj (.text:atoi)
                  20018960    0000004c                           : cpy_tbl.c.obj (.text:copy_in)
                  200189ac    0000004c     drivers_cc32xx.a : PowerCC32XX.oem4 (.text:restorePeriphClocks)
                  200189f8    0000004c     rtsv7M4_T_le_eabi.lib : snprintf.c.obj (.text:snprintf)
                  20018a44    0000004c     ti_sysbios_config.obj (.text:ti_sysbios_heaps_HeapMem_alloc)
                  20018a90    0000004c     ti_sysbios_config.obj (.text:ti_sysbios_knl_Swi_post)
                  20018adc    0000004a     rtsv7M4_T_le_eabi.lib : locale.cpp.obj (.text:_ZNSt3__214__num_put_base12__format_intEPcPKcbj)
                  20018b26    0000004a                           : _io_perm.c.obj (.text:__TI_rd_ok)
                  20018b70    00000048     ti_sysbios_config.obj (.text:BIOS_init)
                  20018bb8    00000048     ti_sysbios_config.obj (.text:BIOS_startFunc)
                  20018c00    00000048     driverlib.a : flash.obj (.text:FlashDisable)
                  20018c48    00000048     drivers_cc32xx.a : GPIOCC32XX.oem4 (.text:GPIO_disableInt)
                  20018c90    00000048                      : GPIOCC32XX.oem4 (.text:GPIO_enableInt)
                  20018cd8    00000048     driverlib.a : prcm.obj (.text:PRCMLPDSEnter)
                  20018d20    00000048                 : prcm.obj (.text:PRCMPeripheralClkEnable)
                  20018d68    00000048     rtsv7M4_T_le_eabi.lib : locale.cpp.obj (.text:_ZNKSt3__27codecvtIDiciE6do_outERiPKDiS4_RS4_PcS6_RS6_)
                  20018db0    00000048                           : locale.cpp.obj (.text:_ZNKSt3__27codecvtIDsciE6do_outERiPKDsS4_RS4_PcS6_RS6_)
                  20018df8    00000048                           : locale.cpp.obj (.text:_ZNKSt3__27codecvtIwciE10do_unshiftERiPcS3_RS3_)
                  20018e40    00000048                           : locale.cpp.obj (.text:_ZNKSt3__27codecvtIwciE9do_lengthERiPKcS4_j)
                  20018e88    00000048                           : iostream.cpp.obj (.text:_ZNSt3__211__stdoutbufIcEC1EP7__sFILEPi)
                  20018ed0    00000048                           : iostream.cpp.obj (.text:_ZNSt3__211__stdoutbufIwEC1EP7__sFILEPi)
                  20018f18    00000048     control.obj (.text:_ZNSt3__24endlIcNS_11char_traitsIcEEEERNS_13basic_ostreamIT_T0_EES7_)
                  20018f60    00000048     rtsv7M4_T_le_eabi.lib : exit.c.obj (.text:exit)
                  20018fa8    00000048                           : none_mb.c.obj (.text:mbsnrtowcs)
                  20018ff0    00000048                           : fd_toi_t2.asm.obj (.text)
                  20019038    00000048     ti_sysbios_config.obj (.text:ti_sysbios_family_arm_m3_Hwi_disableInterrupt)
                  20019080    00000048     sysbios.a : Hwi_asm_switch.obj (.text:ti_sysbios_family_arm_m3_Hwi_initStacks)
                  200190c8    00000048     ti_sysbios_config.obj (.text:ti_sysbios_runtime_SystemSupport_flush)
                  20019110    00000046     rtsv7M4_T_le_eabi.lib : locale.cpp.obj (.text:_ZNKSt3__28time_getIcNS_19istreambuf_iteratorIcNS_11char_traitsIcEEEEE15__get_monthnameERiRS4_S4_RjRKNS_5ctypeIcEE)
                  20019156    00000046                           : locale.cpp.obj (.text:_ZNKSt3__28time_getIcNS_19istreambuf_iteratorIcNS_11char_traitsIcEEEEE17__get_weekdaynameERiRS4_S4_RjRKNS_5ctypeIcEE)
                  2001919c    00000046                           : locale.cpp.obj (.text:_ZNKSt3__28time_getIwNS_19istreambuf_iteratorIwNS_11char_traitsIwEEEEE15__get_monthnameERiRS4_S4_RjRKNS_5ctypeIwEE)
                  200191e2    00000046                           : locale.cpp.obj (.text:_ZNKSt3__28time_getIwNS_19istreambuf_iteratorIwNS_11char_traitsIwEEEEE17__get_weekdaynameERiRS4_S4_RjRKNS_5ctypeIwEE)
                  20019228    00000046                           : iostream.cpp.obj (.text:_ZNSt3__211__stdoutbufIcE6xsputnEPKci)
                  2001926e    00000046                           : iostream.cpp.obj (.text:_ZNSt3__211__stdoutbufIwE6xsputnEPKwi)
                  200192b4    00000046     ti_sysbios_config.obj (.text:ti_sysbios_runtime_Error_print)
                  200192fa    00000002     rtsv7M4_T_le_eabi.lib : div0.asm.obj (.text)
                  200192fc    00000044                           : hostclose.c.obj (.text:HOSTclose)
                  20019340    00000044                           : hostunlink.c.obj (.text:HOSTunlink)
                  20019384    00000044     driverlib.a : prcm.obj (.text:PRCMLPDSRestoreInfoSet)
                  200193c8    00000044     drivers_cc32xx.a : PowerCC32XX_asm.oem4 (.text:PowerCC32XX_enterLPDS)
                  2001940c    00000044     rtsv7M4_T_le_eabi.lib : dtor_list.c.obj (.text:_Z25__add_destruction_to_listPP20a_needed_destructionPFYvPvES2_S2_)
                  20019450    00000044                           : locale.cpp.obj (.text:_ZNKSt3__210__time_put8__do_putEPcRS1_PK2tmcc)
                  20019494    00000044                           : locale.cpp.obj (.text:_ZNKSt3__27codecvtIDiciE5do_inERiPKcS4_RS4_PDiS6_RS6_)
                  200194d8    00000044                           : locale.cpp.obj (.text:_ZNKSt3__27codecvtIDsciE5do_inERiPKcS4_RS4_PDsS6_RS6_)
                  2001951c    00000044                           : iostream.cpp.obj (.text:_ZNSt3__210__stdinbufIcEC1EP7__sFILEPi)
                  20019560    00000044                           : iostream.cpp.obj (.text:_ZNSt3__210__stdinbufIwEC1EP7__sFILEPi)
                  200195a4    00000044                           : getdevice.c.obj (.text:getdevice)
                  200195e8    00000044     sysbios.a : boot.obj (.text)
                  2001962c    00000044     ti_sysbios_config.obj (.text:ti_sysbios_family_arm_m3_Hwi_enableInterrupt)
                  20019670    00000044     ti_sysbios_config.obj (.text:ti_sysbios_family_arm_m3_Hwi_getStackInfo)
                  200196b4    00000044     ti_sysbios_config.obj (.text:ti_sysbios_family_arm_m3_Timer_Instance_finalize)
                  200196f8    00000044     ti_sysbios_config.obj (.text:ti_sysbios_gates_GateMutex_enter)
                  2001973c    00000044     ti_sysbios_config.obj (.text:ti_sysbios_heaps_HeapMem_getStats)
                  20019780    00000044     ti_sysbios_config.obj (.text:ti_sysbios_runtime_SystemSupport_putch)
                  200197c4    00000042     rtsv7M4_T_le_eabi.lib : dtor_list.c.obj (.text:_Z23__finalize_destructionsPP20a_needed_destructionPv)
                  20019806    00000042                           : locale.cpp.obj (.text:_ZNSt3__214__split_bufferIPNS_6locale5facetERNS_15__sso_allocatorIS3_Lj28EEEEC1EjjS6_)
                  20019848    00000040     ti_sysbios_config.obj (.text:HwiP_create)
                  20019888    00000040     driverlib.a : pin.obj (.text:PinModeSet)
                  200198c8    00000040     rtsv7M4_T_le_eabi.lib : locale.cpp.obj (.text:_ZNKSt3__28time_getIcNS_19istreambuf_iteratorIcNS_11char_traitsIcEEEEE11do_get_yearES4_S4_RNS_8ios_baseERjP2tm)
                  20019908    00000040                           : locale.cpp.obj (.text:_ZNKSt3__28time_getIcNS_19istreambuf_iteratorIcNS_11char_traitsIcEEEEE14do_get_weekdayES4_S4_RNS_8ios_baseERjP2tm)
                  20019948    00000040                           : locale.cpp.obj (.text:_ZNKSt3__28time_getIcNS_19istreambuf_iteratorIcNS_11char_traitsIcEEEEE16do_get_monthnameES4_S4_RNS_8ios_baseERjP2tm)
                  20019988    00000040                           : locale.cpp.obj (.text:_ZNKSt3__28time_getIwNS_19istreambuf_iteratorIwNS_11char_traitsIwEEEEE11do_get_timeES4_S4_RNS_8ios_baseERjP2tm)
                  200199c8    00000040                           : locale.cpp.obj (.text:_ZNKSt3__28time_getIwNS_19istreambuf_iteratorIwNS_11char_traitsIwEEEEE11do_get_yearES4_S4_RNS_8ios_baseERjP2tm)
                  20019a08    00000040                           : locale.cpp.obj (.text:_ZNKSt3__28time_getIwNS_19istreambuf_iteratorIwNS_11char_traitsIwEEEEE14do_get_weekdayES4_S4_RNS_8ios_baseERjP2tm)
                  20019a48    00000040                           : locale.cpp.obj (.text:_ZNKSt3__28time_getIwNS_19istreambuf_iteratorIwNS_11char_traitsIwEEEEE16do_get_monthnameES4_S4_RNS_8ios_baseERjP2tm)
                  20019a88    00000040                           : locale.cpp.obj (.text:_ZNSt3__26locale2id5__getEv)
                  20019ac8    00000040                           : ios.cpp.obj (.text:_ZNSt3__28ios_base4initEPv)
                  20019b08    00000040                           : u_divt2.asm.obj (.text)
                  20019b48    00000040     ti_sysbios_config.obj (.text:ti_sysbios_family_arm_m3_Timer_start)
                  20019b88    00000040     ti_sysbios_config.obj (.text:ti_sysbios_knl_ClockSupport_init)
                  20019bc8    00000040     ti_sysbios_config.obj (.text:ti_sysbios_knl_Task_blockI)
                  20019c08    00000040     rtsv7M4_T_le_eabi.lib : vsnprintf.c.obj (.text:vsnprintf)
                  20019c48    0000003e                           : locale.cpp.obj (.text:_ZNSt3__26vectorIPNS_6locale5facetENS_15__sso_allocatorIS3_Lj28EEEE8allocateEj)
                  20019c86    0000003e                           : _printfi.c.obj (.text:_fcpy)
                  20019cc4    0000003e     ti_sysbios_config.obj (.text:realloc)
                  20019d02    00000002     ti_sysbios_config.obj (.text:ti_sysbios_runtime_Startup_reset)
                  20019d04    0000003c     driverlib.a : prcm.obj (.text:PRCMSlowClkCtrFastGet)
                  20019d40    0000003c     rtsv7M4_T_le_eabi.lib : iostream.cpp.obj (.text:_ZNSt3__210__stdinbufIcE5imbueERKNS_6localeE)
                  20019d7c    0000003c     ti_sysbios_config.obj (.text:ti_sysbios_knl_Swi_restore)
                  20019db8    0000003c     ti_sysbios_config.obj (.text:ti_sysbios_knl_Task_exit)
                  20019df4    0000003a     rtsv7M4_T_le_eabi.lib : locale.cpp.obj (.text:_ZNKSt3__27collateIwE10do_compareEPKwS3_S3_S3_)
                  20019e2e    0000003a                           : locale.cpp.obj (.text:_ZNSt3__214__num_put_base18__identify_paddingEPcS1_RKNS_8ios_baseE)
                  20019e68    0000003a     ti_sysbios_config.obj (.text:ti_sysbios_family_arm_m3_Hwi_create)
                  20019ea2    00000002     --HOLE-- [fill = 0]
                  20019ea4    00000038     ti_sysbios_config.obj (.text:BIOS_rtsUnlock)
                  20019edc    00000038     driverlib.a : prcm.obj (.text:PRCMLPDSEnterKeepDebugIf)
                  20019f14    00000038     water.obj (.text:_ZN13WaterSolenoid8instanceEv)
                  20019f4c    00000038     rtsv7M4_T_le_eabi.lib : locale.cpp.obj (.text:_ZNKSt3__25ctypeIcE10do_tolowerEPcPKc)
                  20019f84    00000038                           : locale.cpp.obj (.text:_ZNKSt3__25ctypeIcE10do_toupperEPcPKc)
                  20019fbc    00000038                           : locale.cpp.obj (.text:_ZNKSt3__25ctypeIwE10do_tolowerEPwPKw)
                  20019ff4    00000038                           : locale.cpp.obj (.text:_ZNKSt3__25ctypeIwE10do_toupperEPwPKw)
                  2001a02c    00000038                           : locale.cpp.obj (.text:_ZNKSt3__27collateIcE10do_compareEPKcS3_S3_S3_)
                  2001a064    00000038                           : locale.cpp.obj (.text:_ZNKSt3__28time_getIcNS_19istreambuf_iteratorIcNS_11char_traitsIcEEEEE10__get_yearERiRS4_S4_RjRKNS_5ctypeIcEE)
                  2001a09c    00000038                           : locale.cpp.obj (.text:_ZNKSt3__28time_getIwNS_19istreambuf_iteratorIwNS_11char_traitsIwEEEEE10__get_yearERiRS4_S4_RjRKNS_5ctypeIwEE)
                  2001a0d4    00000038                           : iostream.cpp.obj (.text:_ZNSt3__210__stdinbufIwE5imbueERKNS_6localeE)
                  2001a10c    00000038                           : locale.cpp.obj (.text:_ZNSt3__26__clocEv)
                  2001a144    00000038                           : ios.cpp.obj (.text:_ZNSt3__28ios_baseD1Ev)
                  2001a17c    00000038                           : locale.cpp.obj (.text:_ZNSt3__28numpunctIcEC1Ej)
                  2001a1b4    00000038                           : locale.cpp.obj (.text:_ZNSt3__28numpunctIwEC1Ej)
                  2001a1ec    00000038                           : trgmsg.c.obj (.text:__TI_writemsg)
                  2001a224    00000038     drivers_cc32xx.a : PowerCC32XX.oem4 (.text:notify)
                  2001a25c    00000038     rtsv7M4_T_le_eabi.lib : sscanf.c.obj (.text:sscanf)
                  2001a294    00000038     ti_sysbios_config.obj (.text:ti_sysbios_family_arm_m3_Hwi_Instance_finalize)
                  2001a2cc    00000038     ti_sysbios_config.obj (.text:ti_sysbios_family_arm_m3_Hwi_init)
                  2001a304    00000038     ti_sysbios_config.obj (.text:ti_sysbios_family_arm_m3_Timer_setPeriod)
                  2001a33c    00000038     ti_sysbios_config.obj (.text:ti_sysbios_family_arm_m3_Timer_setPeriodMicroSecs)
                  2001a374    00000038     ti_sysbios_config.obj (.text:ti_sysbios_heaps_HeapMem_construct)
                  2001a3ac    00000038     ti_sysbios_config.obj (.text:ti_sysbios_knl_Semaphore_Instance_init)
                  2001a3e4    00000038     ti_sysbios_config.obj (.text:ti_sysbios_knl_Task_processVitalTaskFlag)
                  2001a41c    00000036     rtsv7M4_T_le_eabi.lib : strncpy.c.obj (.text:strncpy)
                  2001a452    00000036                           : vasprintf.c.obj (.text:vasprintf)
                  2001a488    00000034     driverlib.a : pin.obj (.text:PinModeGet)
                  2001a4bc    00000034     rtsv7M4_T_le_eabi.lib : locale.cpp.obj (.text:_ZNKSt3__28time_getIcNS_19istreambuf_iteratorIcNS_11char_traitsIcEEEEE11do_get_timeES4_S4_RNS_8ios_baseERjP2tm)
                  2001a4f0    00000034                           : fopen.c.obj (.text:__TI_cleanup)
                  2001a524    00000034                           : trgmsg.c.obj (.text:__TI_readmsg)
                  2001a558    00000034                           : dtor_list.c.obj (.text:__aeabi_atexit)
                  2001a58c    00000034     ti_sysbios_config.obj (.text:ti_sysbios_knl_Clock_tick)
                  2001a5c0    00000034     ti_sysbios_config.obj (.text:ti_sysbios_knl_Clock_walkQueuePeriodic)
                  2001a5f4    00000034     ti_sysbios_config.obj (.text:ti_sysbios_knl_Task_create)
                  2001a628    00000034     ti_sysbios_config.obj (.text:ti_sysbios_knl_Task_unblockI)
                  2001a65c    00000034     ti_sysbios_config.obj (.text:ti_sysbios_runtime_Startup_exec)
                  2001a690    00000034     ti_sysbios_config.obj (.text:ti_sysbios_runtime_System_atexit)
                  2001a6c4    00000034     ti_sysbios_config.obj (.text:usleep)
                  2001a6f8    00000032     rtsv7M4_T_le_eabi.lib : locale.cpp.obj (.text:_ZNKSt3__27collateIwE7do_hashEPKwS3_)
                  2001a72a    00000032                           : locale.cpp.obj (.text:_ZNKSt3__28time_getIcNS_19istreambuf_iteratorIcNS_11char_traitsIcEEEEE13__get_12_hourERiRS4_S4_RjRKNS_5ctypeIcEE)
                  2001a75c    00000032                           : locale.cpp.obj (.text:_ZNKSt3__28time_getIcNS_19istreambuf_iteratorIcNS_11char_traitsIcEEEEE9__get_dayERiRS4_S4_RjRKNS_5ctypeIcEE)
                  2001a78e    00000032                           : locale.cpp.obj (.text:_ZNKSt3__28time_getIwNS_19istreambuf_iteratorIwNS_11char_traitsIwEEEEE13__get_12_hourERiRS4_S4_RjRKNS_5ctypeIwEE)
                  2001a7c0    00000032                           : locale.cpp.obj (.text:_ZNKSt3__28time_getIwNS_19istreambuf_iteratorIwNS_11char_traitsIwEEEEE9__get_dayERiRS4_S4_RjRKNS_5ctypeIwEE)
                  2001a7f2    00000032     ti_sysbios_config.obj (.text:getCountsRTC)
                  2001a824    00000030     ti_sysbios_config.obj (.text:BIOS_atExitFunc)
                  2001a854    00000030     ti_sysbios_config.obj (.text:MemAlloc_alloc)
                  2001a884    00000030     drivers_cc32xx.a : PowerCC32XX.oem4 (.text:PowerCC32XX_restoreParkedPin)
                  2001a8b4    00000030     rtsv7M4_T_le_eabi.lib : locale.cpp.obj (.text:_ZNKSt3__27collateIcE7do_hashEPKcS3_)
                  2001a8e4    00000030                           : locale.cpp.obj (.text:_ZNKSt3__28time_getIcNS_19istreambuf_iteratorIcNS_11char_traitsIcEEEEE11__get_monthERiRS4_S4_RjRKNS_5ctypeIcEE)
                  2001a914    00000030                           : locale.cpp.obj (.text:_ZNKSt3__28time_getIcNS_19istreambuf_iteratorIcNS_11char_traitsIcEEEEE18__get_day_year_numERiRS4_S4_RjRKNS_5ctypeIcEE)
                  2001a944    00000030                           : locale.cpp.obj (.text:_ZNKSt3__28time_getIwNS_19istreambuf_iteratorIwNS_11char_traitsIwEEEEE11__get_monthERiRS4_S4_RjRKNS_5ctypeIwEE)
                  2001a974    00000030                           : locale.cpp.obj (.text:_ZNKSt3__28time_getIwNS_19istreambuf_iteratorIwNS_11char_traitsIwEEEEE18__get_day_year_numERiRS4_S4_RjRKNS_5ctypeIwEE)
                  2001a9a4    00000030                           : locale.cpp.obj (.text:_ZNSt3__219ostreambuf_iteratorIcNS_11char_traitsIcEEEaSEc)
                  2001a9d4    00000030                           : locale.cpp.obj (.text:_ZNSt3__219ostreambuf_iteratorIwNS_11char_traitsIwEEEaSEw)
                  2001aa04    00000030                           : locale.cpp.obj (.text:_ZNSt3__26locale8__globalEv)
                  2001aa34    00000030                           : iostream.cpp.obj (.text:_ZNSt3__28ios_base4InitD1Ev)
                  2001aa64    00000030                           : snprintf.c.obj (.text:_outs)
                  2001aa94    00000030                           : vsnprintf.c.obj (.text:_outs)
                  2001aac4    00000030                           : getdevice.c.obj (.text:finddevice)
                  2001aaf4    00000030     ti_sysbios_config.obj (.text:sleep)
                  2001ab24    00000030     ti_sysbios_config.obj (.text:ti_sysbios_family_arm_m3_Hwi_excReserved)
                  2001ab54    00000030     ti_sysbios_config.obj (.text:ti_sysbios_family_arm_m3_Timer_initDevice)
                  2001ab84    00000030     ti_sysbios_config.obj (.text:ti_sysbios_family_arm_m3_Timer_periodicStub)
                  2001abb4    00000030     ti_sysbios_config.obj (.text:ti_sysbios_heaps_HeapMem_free)
                  2001abe4    00000030     ti_sysbios_config.obj (.text:ti_sysbios_knl_TaskSupport_start)
                  2001ac14    00000030     ti_sysbios_config.obj (.text:ti_sysbios_knl_Task_restore)
                  2001ac44    00000030     ti_sysbios_config.obj (.text:ti_sysbios_runtime_System_processAtExit)
                  2001ac74    0000002e     rtsv7M4_T_le_eabi.lib : locale.cpp.obj (.text:_ZNKSt3__25ctypeIwE5do_isEPKwS3_Ph)
                  2001aca2    0000002e                           : locale.cpp.obj (.text:_ZNKSt3__27codecvtIwciE11do_encodingEv)
                  2001acd0    0000002e                           : locale.cpp.obj (.text:_ZNKSt3__28time_getIcNS_19istreambuf_iteratorIcNS_11char_traitsIcEEEEE10__get_hourERiRS4_S4_RjRKNS_5ctypeIcEE)
                  2001acfe    0000002e                           : locale.cpp.obj (.text:_ZNKSt3__28time_getIcNS_19istreambuf_iteratorIcNS_11char_traitsIcEEEEE12__get_minuteERiRS4_S4_RjRKNS_5ctypeIcEE)
                  2001ad2c    0000002e                           : locale.cpp.obj (.text:_ZNKSt3__28time_getIcNS_19istreambuf_iteratorIcNS_11char_traitsIcEEEEE12__get_secondERiRS4_S4_RjRKNS_5ctypeIcEE)
                  2001ad5a    0000002e                           : locale.cpp.obj (.text:_ZNKSt3__28time_getIcNS_19istreambuf_iteratorIcNS_11char_traitsIcEEEEE13__get_weekdayERiRS4_S4_RjRKNS_5ctypeIcEE)
                  2001ad88    0000002e                           : locale.cpp.obj (.text:_ZNKSt3__28time_getIwNS_19istreambuf_iteratorIwNS_11char_traitsIwEEEEE10__get_hourERiRS4_S4_RjRKNS_5ctypeIwEE)
                  2001adb6    0000002e                           : locale.cpp.obj (.text:_ZNKSt3__28time_getIwNS_19istreambuf_iteratorIwNS_11char_traitsIwEEEEE12__get_minuteERiRS4_S4_RjRKNS_5ctypeIwEE)
                  2001ade4    0000002e                           : locale.cpp.obj (.text:_ZNKSt3__28time_getIwNS_19istreambuf_iteratorIwNS_11char_traitsIwEEEEE12__get_secondERiRS4_S4_RjRKNS_5ctypeIwEE)
                  2001ae12    0000002e                           : locale.cpp.obj (.text:_ZNKSt3__28time_getIwNS_19istreambuf_iteratorIwNS_11char_traitsIwEEEEE13__get_weekdayERiRS4_S4_RjRKNS_5ctypeIwEE)
                  2001ae40    0000002e                           : locale.cpp.obj (.text:_ZNSt3__214__split_bufferIPNS_6locale5facetERNS_15__sso_allocatorIS3_Lj28EEEED1Ev)
                  2001ae6e    0000002e                           : none_mb.c.obj (.text:mbtowc)
                  2001ae9c    0000002e     ti_sysbios_config.obj (.text:pthread_setcancelstate)
                  2001aeca    0000002e     rtsv7M4_T_le_eabi.lib : i_tofd_t2.asm.obj (.text)
                  2001aef8    0000002e     ti_sysbios_config.obj (.text:ti_sysbios_family_arm_m3_Hwi_initStack)
                  2001af26    00000002     --HOLE-- [fill = 0]
                  2001af28    0000002c     driverlib.a : prcm.obj (.text:PRCMLPDSIntervalSet)
                  2001af54    0000002c     rtsv7M4_T_le_eabi.lib : iostream.cpp.obj (.text:_ZNSt3__211__stdoutbufIcE5imbueERKNS_6localeE)
                  2001af80    0000002c                           : iostream.cpp.obj (.text:_ZNSt3__211__stdoutbufIwE5imbueERKNS_6localeE)
                  2001afac    0000002c                           : locale.cpp.obj (.text:_ZNSt3__26locale7classicEv)
                  2001afd8    0000002c     ti_sysbios_config.obj (.text:ti_sysbios_knl_Semaphore_pendTimeout)
                  2001b004    0000002c     rtsv7M4_T_le_eabi.lib : unlink.c.obj (.text:unlink)
                  2001b030    0000002a                           : locale.cpp.obj (.text:_ZNKSt3__25ctypeIwE10do_scan_isEhPKwS3_)
                  2001b05a    0000002a                           : locale.cpp.obj (.text:_ZNKSt3__25ctypeIwE11do_scan_notEhPKwS3_)
                  2001b084    0000002a                           : ios.cpp.obj (.text:_ZNSt3__215basic_streambufIcNS_11char_traitsIcEEE7seekposENS_4fposIiEEj)
                  2001b0ae    0000002a                           : ios.cpp.obj (.text:_ZNSt3__215basic_streambufIwNS_11char_traitsIwEEE7seekposENS_4fposIiEEj)
                  2001b0d8    00000028     ti_sysbios_config.obj (.text:BIOS_rtsLock)
                  2001b100    00000028     driverlib.a : prcm.obj (.text:PRCMLPDSWakeupSourceEnable)
                  2001b128    00000028                 : prcm.obj (.text:PRCMPeripheralClkDisable)
                  2001b150    00000028     drivers_cc32xx.a : PowerCC32XX.oem4 (.text:Power_registerNotify)
                  2001b178    00000028     ti_sysbios_config.obj (.text:SemaphoreP_createBinary)
                  2001b1a0    00000028     rtsv7M4_T_le_eabi.lib : locale.cpp.obj (.text:_ZNSt3__26vectorIPNS_6locale5facetENS_15__sso_allocatorIS3_Lj28EEEEC1Ej)
                  2001b1c8    00000028                           : lseek.c.obj (.text:lseek)
                  2001b1f0    00000028                           : memmov.c.obj (.text:memmove)
                  2001b218    00000028                           : read.c.obj (.text:read)
                  2001b240    00000028     ti_sysbios_config.obj (.text:ti_sysbios_family_arm_m3_Hwi_construct)
                  2001b268    00000028     sysbios.a : Hwi_asm.obj (.text:ti_sysbios_family_arm_m3_Hwi_excHandlerAsm)
                  2001b290    00000028     ti_sysbios_config.obj (.text:ti_sysbios_family_arm_m3_Hwi_excNoIsr)
                  2001b2b8    00000028     ti_sysbios_config.obj (.text:ti_sysbios_family_arm_m3_Hwi_excSvCall)
                  2001b2e0    00000028     ti_sysbios_config.obj (.text:ti_sysbios_family_arm_m3_Timer_construct)
                  2001b308    00000028     ti_sysbios_config.obj (.text:ti_sysbios_gates_GateMutex_Instance_init)
                  2001b330    00000028     ti_sysbios_config.obj (.text:ti_sysbios_knl_Swi_init)
                  2001b358    00000028     ti_sysbios_config.obj (.text:ti_sysbios_knl_Task_init)
                  2001b380    00000028     ti_sysbios_config.obj (.text:ti_sysbios_knl_Task_restoreHwi)
                  2001b3a8    00000028     rtsv7M4_T_le_eabi.lib : write.c.obj (.text:write)
                  2001b3d0    00000026     drivers_cc32xx.a : List.oem4 (.text:List_put)
                  2001b3f6    00000002     --HOLE-- [fill = 0]
                  2001b3f8    00000026     rtsv7M4_T_le_eabi.lib : locale.cpp.obj (.text:_ZNKSt3__28numpunctIcE12do_falsenameEv)
                  2001b41e    00000026                           : locale.cpp.obj (.text:_ZNKSt3__28time_getIcNS_19istreambuf_iteratorIcNS_11char_traitsIcEEEEE11__get_year4ERiRS4_S4_RjRKNS_5ctypeIcEE)
                  2001b444    00000026                           : locale.cpp.obj (.text:_ZNKSt3__28time_getIwNS_19istreambuf_iteratorIwNS_11char_traitsIwEEEEE11__get_year4ERiRS4_S4_RjRKNS_5ctypeIwEE)
                  2001b46a    00000026                           : ios.cpp.obj (.text:_ZNSt3__28ios_base16__call_callbacksENS0_5eventE)
                  2001b490    00000026                           : none_mb.c.obj (.text:mbrtowc)
                  2001b4b6    00000026     ti_sysbios_config.obj (.text:ti_sysbios_knl_Task_getMode)
                  2001b4dc    00000024     ti_sysbios_config.obj (.text:BIOS_registerRTSLock)
                  2001b500    00000024     rtsv7M4_T_le_eabi.lib : locale.cpp.obj (.text:_ZNKSt3__25ctypeIcE10do_tolowerEc)
                  2001b524    00000024                           : locale.cpp.obj (.text:_ZNKSt3__25ctypeIcE10do_toupperEc)
                  2001b548    00000024                           : locale.cpp.obj (.text:_ZNKSt3__25ctypeIwE10do_tolowerEw)
                  2001b56c    00000024                           : locale.cpp.obj (.text:_ZNKSt3__25ctypeIwE9do_narrowEPKwS3_cPc)
                  2001b590    00000024                           : ios.cpp.obj (.text:_ZNSt3__215basic_streambufIcNS_11char_traitsIcEEE5uflowEv)
                  2001b5b4    00000024                           : ios.cpp.obj (.text:_ZNSt3__215basic_streambufIcNS_11char_traitsIcEEEC1Ev)
                  2001b5d8    00000024                           : ios.cpp.obj (.text:_ZNSt3__215basic_streambufIwNS_11char_traitsIwEEE5uflowEv)
                  2001b5fc    00000024                           : ios.cpp.obj (.text:_ZNSt3__215basic_streambufIwNS_11char_traitsIwEEEC1Ev)
                  2001b620    00000024                           : locale.cpp.obj (.text:_ZNSt3__25ctypeIcEC1EPKhbj)
                  2001b644    00000024                           : locale.cpp.obj (.text:_ZNSt3__27codecvtIwciED1Ev)
                  2001b668    00000024                           : vec_newdel.c.obj (.text:__cxa_vec_ctor)
                  2001b68c    00000024     ti_sysbios_config.obj (.text:_pthread_cleanupFxn)
                  2001b6b0    00000024     ti_sysbios_config.obj (.text:_pthread_delete)
                  2001b6d4    00000024     ti_sysbios_config.obj (.text:pthread_attr_init)
                  2001b6f8    00000024     ti_sysbios_config.obj (.text:ti_sysbios_family_arm_m3_Hwi_excNmi)
                  2001b71c    00000024     ti_sysbios_config.obj (.text:ti_sysbios_family_arm_m3_Hwi_setPriority)
                  2001b740    00000024     ti_sysbios_config.obj (.text:ti_sysbios_family_arm_m3_Timer_postInit)
                  2001b764    00000024     ti_sysbios_config.obj (.text:ti_sysbios_family_arm_m3_Timer_startup)
                  2001b788    00000024     ti_sysbios_config.obj (.text:ti_sysbios_knl_Task_allBlockedFunction)
                  2001b7ac    00000024     ti_sysbios_config.obj (.text:ti_sysbios_knl_Task_destruct)
                  2001b7d0    00000024     ti_sysbios_config.obj (.text:ti_sysbios_knl_Task_enter)
                  2001b7f4    00000024     ti_sysbios_config.obj (.text:ti_sysbios_runtime_Assert_failX)
                  2001b818    00000022     DRV8833.obj (.text:_ZN7DRV8833C1Ehhhhh)
                  2001b83a    00000022     rtsv7M4_T_le_eabi.lib : locale.cpp.obj (.text:_ZNKSt3__25ctypeIcE9do_narrowEPKcS3_cPc)
                  2001b85c    00000022                           : locale.cpp.obj (.text:_ZNKSt3__25ctypeIwE10do_toupperEw)
                  2001b87e    00000022                           : locale.cpp.obj (.text:_ZNSt3__214__num_get_base10__get_baseERNS_8ios_baseE)
                  2001b8a0    00000022                           : new.cpp.obj (.text:_Znwj)
                  2001b8c2    00000022     ti_sysbios_config.obj (.text:ti_sysbios_family_arm_m3_Timer_oneShotStub)
                  2001b8e4    00000022     ti_sysbios_config.obj (.text:ti_sysbios_runtime_SysMin_output)
                  2001b906    00000022     ti_sysbios_config.obj (.text:ti_sysbios_runtime_System_putchar)
                  2001b928    00000021     rtsv7M4_T_le_eabi.lib : locale.cpp.obj (.text:_ZNKSt3__28numpunctIcE11do_truenameEv)
                  2001b949    00000003     --HOLE-- [fill = 0]
                  2001b94c    00000020     ti_sysbios_config.obj (.text:BIOS_removeRTSLock)
                  2001b96c    00000020     rtsv7M4_T_le_eabi.lib : iostream.cpp.obj (.text:_ZNKSt3__27codecvtIcciE3outERiPKcS4_RS4_PcS6_RS6_)
                  2001b98c    00000020                           : iostream.cpp.obj (.text:_ZNKSt3__27codecvtIwciE3outERiPKwS4_RS4_PcS6_RS6_)
                  2001b9ac    00000020                           : string.cpp.obj (.text:_ZNSt3__212basic_stringIcNS_11char_traitsIcEENS_9allocatorIcEEED1Ev)
                  2001b9cc    00000020                           : string.cpp.obj (.text:_ZNSt3__212basic_stringIwNS_11char_traitsIwEENS_9allocatorIwEEED1Ev)
                  2001b9ec    00000020                           : locale.cpp.obj (.text:_ZNSt3__217__call_once_proxyINS_5tupleIJONS_34_GLOBAL__N__10_locale_cpp_a718320311__fake_bindEEEEEEvPv)
                  2001ba0c    00000020                           : locale.cpp.obj (.text:_ZNSt3__219istreambuf_iteratorIcNS_11char_traitsIcEEEppEv)
                  2001ba2c    00000020                           : locale.cpp.obj (.text:_ZNSt3__219istreambuf_iteratorIwNS_11char_traitsIwEEEppEv)
[...]
2002baa8  _ZZNSt3__234_GLOBAL__N__10_locale_cpp_a71832034makeINS_7codecvtIcciEEjEERT_T0_E3buf                                                                                                      
2002bab0  _ZZNSt3__234_GLOBAL__N__10_locale_cpp_a71832034makeINS_7collateIcEEjEERT_T0_E3buf                                                                                                        
2002bab8  _ZZNSt3__234_GLOBAL__N__10_locale_cpp_a71832034makeINS_7collateIwEEjEERT_T0_E3buf                                                                                                        
2002bac0  _ZZNSt3__234_GLOBAL__N__10_locale_cpp_a71832034makeINS_7num_getIcNS_19istreambuf_iteratorIcNS_11char_traitsIcEEEEEEjEERT_T0_E3buf                                                        
2002bac8  _ZZNSt3__234_GLOBAL__N__10_locale_cpp_a71832034makeINS_7num_getIwNS_19istreambuf_iteratorIwNS_11char_traitsIwEEEEEEjEERT_T0_E3buf                                                        
2002bad0  _ZZNSt3__234_GLOBAL__N__10_locale_cpp_a71832034makeINS_7num_putIcNS_19ostreambuf_iteratorIcNS_11char_traitsIcEEEEEEjEERT_T0_E3buf                                                        
2002bad8  _ZZNSt3__234_GLOBAL__N__10_locale_cpp_a71832034makeINS_7num_putIwNS_19ostreambuf_iteratorIwNS_11char_traitsIwEEEEEEjEERT_T0_E3buf                                                        
2002bae0  _ZZNSt3__234_GLOBAL__N__10_locale_cpp_a71832034makeINS_8messagesIcEEjEERT_T0_E3buf                                                                                                       
2002bae8  _ZZNSt3__234_GLOBAL__N__10_locale_cpp_a71832034makeINS_8messagesIwEEjEERT_T0_E3buf                                                                                                       
2002baf0  _ZZNSt3__234_GLOBAL__N__10_locale_cpp_a71832034makeINS_9money_getIcNS_19istreambuf_iteratorIcNS_11char_traitsIcEEEEEEjEERT_T0_E3buf                                                      
2002baf8  _ZZNSt3__234_GLOBAL__N__10_locale_cpp_a71832034makeINS_9money_getIwNS_19istreambuf_iteratorIwNS_11char_traitsIwEEEEEEjEERT_T0_E3buf                                                      
2002bb00  _ZZNSt3__234_GLOBAL__N__10_locale_cpp_a71832034makeINS_9money_putIcNS_19ostreambuf_iteratorIcNS_11char_traitsIcEEEEEEjEERT_T0_E3buf                                                      
2002bb08  _ZZNSt3__234_GLOBAL__N__10_locale_cpp_a71832034makeINS_9money_putIwNS_19ostreambuf_iteratorIwNS_11char_traitsIwEEEEEEjEERT_T0_E3buf                                                      
2002bb10  parmbuf                                                                                                                                                                                  
2002bb18  __dso_handle                                                                                                                                                                             
2002bb1c  _ZNSt3__219__start_std_streamsE                                                                                                                                                          
2002bb20  _ZNSt3__26locale2id9__next_idE                                                                                                                                                           
2002bbac  _ZNSt3__25ctypeIwE2idE                                                                                                                                                                   
2002bbb4  _ZNSt3__25ctypeIcE2idE                                                                                                                                                                   
2002bbbc  _ZNSt3__27codecvtIcciE2idE                                                                                                                                                               
2002bbc4  _ZNSt3__27codecvtIwciE2idE                                                                                                                                                               
2002bbcc  _ZNSt3__27codecvtIDsciE2idE                                                                                                                                                              
2002bbd4  _ZNSt3__27codecvtIDiciE2idE                                                                                                                                                              
2002bbdc  _ZNSt3__28numpunctIcE2idE                                                                                                                                                                
2002bbe4  _ZNSt3__28numpunctIwE2idE                                                                                                                                                                
2002c21e  ti_sysbios_knl_Idle_initDone                                                                                                                                                             
2002c234  ti_sysbios_knl_Task_defaultStackHeap                                                                                                                                                     
2002c238  ti_sysbios_runtime_Memory_defaultHeapInstance                                                                                                                                            
2002c23c  ti_sysbios_gates_GateMutex_Module_state                                                                                                                                                  
2002c244  ti_sysbios_heaps_HeapMem_Module_state                                                                                                                                                    
2002c24c  ti_sysbios_knl_Mailbox_Module_state                                                                                                                                                      
2002c254  ti_sysbios_knl_Semaphore_Module_state                                                                                                                                                    
2002c270  ti_sysbios_runtime_Error_ignore                                                                                                                                                          
2002c27c  ti_sysbios_runtime_System_Module_state                                                                                                                                                   
2002c298  ti_sysbios_runtime_SysMin_Module_state                                                                                                                                                   
2002c2bc  ti_sysbios_hal_Seconds_Module_state                                                                                                                                                      
2002c2d0  ti_sysbios_family_arm_m3_Timer_Module_state                                                                                                                                              
2002c34c  BIOS_rtsGate                                                                                                                                                                             
2002c374  ti_sysbios_heaps_HeapMem_gate                                                                                                                                                            
2002c39c  ti_sysbios_knl_Swi_Module_state                                                                                                                                                          
2002c3c4  BIOS_heapMemObject                                                                                                                                                                       
2002c3f0  BIOS_Module_state                                                                                                                                                                        
2002c41c  ti_sysbios_knl_ClockSupport_timerStruct                                                                                                                                                  
2002c450  ti_sysbios_family_arm_m3_Hwi_Module_state                                                                                                                                                
2002c48c  ti_sysbios_knl_Task_Module_state                                                                                                                                                         
2002c4c8  ti_sysbios_knl_Idle_taskStruct                                                                                                                                                           
2002c520  ti_sysbios_knl_Clock_Module_state                                                                                                                                                        
2002c588  PowerCC32XX_module                                                                                                                                                                       
2002c6f4  parkInfo                                                                                                                                                                                 
2002c7ec  _ftable                                                                                                                                                                                  
2002c8dc  gpioPinConfigs                                                                                                                                                                           
2002c960  _device                                                                                                                                                                                  
2002c9d8  _stream                                                                                                                                                                                  
2002ca28  _tz                                                                                                                                                                                      
2002ca38  __TI_ft_end                                                                                                                                                                              
2002ca3c  __aeabi_stdin                                                                                                                                                                            
2002ca40  __aeabi_stdout                                                                                                                                                                           
2002ca44  __aeabi_stderr                                                                                                                                                                           
2002ca48  __TI_cleanup_ptr                                                                                                                                                                         
2002ca4c  __TI_dtors_ptr                                                                                                                                                                           
2002ca50  __TI_enable_exit_profile_output                                                                                                                                                          
2002ca54  _lock                                                                                                                                                                                    
2002ca58  _unlock                                                                                                                                                                                  
2002ca5c  _ZNSt3__210moneypunctIcLb0EE2idE                                                                                                                                                         
2002ca64  _ZNSt3__210moneypunctIcLb1EE2idE                                                                                                                                                         
2002ca6c  _ZNSt3__210moneypunctIwLb0EE2idE                                                                                                                                                         
2002ca74  _ZNSt3__210moneypunctIwLb1EE2idE                                                                                                                                                         
2002ca7c  _ZNSt3__27collateIcE2idE                                                                                                                                                                 
2002ca84  _ZNSt3__27collateIwE2idE                                                                                                                                                                 
2002ca8c  _ZNSt3__27num_getIcNS_19istreambuf_iteratorIcNS_11char_traitsIcEEEEE2idE                                                                                                                 
2002ca94  _ZNSt3__27num_getIwNS_19istreambuf_iteratorIwNS_11char_traitsIwEEEEE2idE                                                                                                                 
2002ca9c  _ZNSt3__27num_putIcNS_19ostreambuf_iteratorIcNS_11char_traitsIcEEEEE2idE                                                                                                                 
2002caa4  _ZNSt3__27num_putIwNS_19ostreambuf_iteratorIwNS_11char_traitsIwEEEEE2idE                                                                                                                 
2002caac  _ZNSt3__28messagesIcE2idE                                                                                                                                                                
2002cab4  _ZNSt3__28messagesIwE2idE                                                                                                                                                                
2002cabc  _ZNSt3__28time_getIcNS_19istreambuf_iteratorIcNS_11char_traitsIcEEEEE2idE                                                                                                                
2002cac4  _ZNSt3__28time_getIwNS_19istreambuf_iteratorIwNS_11char_traitsIwEEEEE2idE                                                                                                                
2002cacc  _ZNSt3__28time_putIcNS_19ostreambuf_iteratorIcNS_11char_traitsIcEEEEE2idE                                                                                                                
2002cad4  _ZNSt3__28time_putIwNS_19ostreambuf_iteratorIwNS_11char_traitsIwEEEEE2idE                                                                                                                
2002cadc  _ZNSt3__29money_getIcNS_19istreambuf_iteratorIcNS_11char_traitsIcEEEEE2idE                                                                                                               
2002cae4  _ZNSt3__29money_getIwNS_19istreambuf_iteratorIwNS_11char_traitsIwEEEEE2idE                                                                                                               
2002caec  _ZNSt3__29money_putIcNS_19ostreambuf_iteratorIcNS_11char_traitsIcEEEEE2idE                                                                                                               
2002caf4  _ZNSt3__29money_putIwNS_19ostreambuf_iteratorIwNS_11char_traitsIwEEEEE2idE                                                                                                               
2002cb00  errno                                                                                                                                                                                    
2002cb04  main_func_sp                                                                                                                                                                             
2002cb0e  ti_sysbios_runtime_Startup_done                                                                                                                                                          
2002cb10  SHT$$INIT_ARRAY$$Base                                                                                                                                                                    
2002cb14  SHT$$INIT_ARRAY$$Limit                                                                                                                                                                   
2002cb18  __TI_static_base__                                                                                                                                                                       
2002cce4  __TI_Handler_Table_Base                                                                                                                                                                  
2002ccf0  __TI_Handler_Table_Limit                                                                                                                                                                 
2002cd00  __TI_CINIT_Base                                                                                                                                                                          
2002cd18  __TI_CINIT_Limit                                                                                                                                                                         
ffffffff  __TI_pprof_out_hndl                                                                                                                                                                      
ffffffff  __TI_prof_data_size                                                                                                                                                                      
ffffffff  __TI_prof_data_start                                                                                                                                                                     
ffffffff  __binit__                                                                                                                                                                                
ffffffff  __c_args__                                                                                                                                                                               
ffffffff  binit                                                                                                                                                                                    
UNDEFED   ITM_flush                                                                                                                                                                                
UNDEFED   ITM_restore                                                                                                                                                                              

[1422 symbols]
