******************************************************************************
                  TI ARM Linker PC v20.2.7                     
******************************************************************************
>> Linked Tue Mar 21 14:16:52 2023

OUTPUT FILE NAME:   <control.out>
ENTRY POINT SYMBOL: "_c_int00"  address: 2000fc5d


MEMORY CONFIGURATION

         name            origin    length      used     unused   attr    fill
----------------------  --------  ---------  --------  --------  ----  --------
  SRAM0                 20000000   00004000  0000070c  000038f4  RW X
  SRAM                  20004000   0003c000  00012127  00029ed9  RW X
  LOG_DATA              90000000   00040000  00000000  00040000  R   


SEGMENT ALLOCATION MAP

run origin  load origin   length   init length attrs members
----------  ----------- ---------- ----------- ----- -------
20000000    20000000    0000030c   00000000    rw-
  20000000    20000000    0000030c   00000000    rw- .vecs
20003c00    20003c00    00000400   00000000    rw-
  20003c00    20003c00    00000400   00000000    rw- .stack
20004000    20004000    00008040   0000003c    r--
  20004000    20004000    0000003c   0000003c    r-- .resetVecs
  20004040    20004040    00008000   00000000    r-- .priheap
2000c040    2000c040    0000794c   0000794c    r-x
  2000c040    2000c040    000053ec   000053ec    r-x .text
  2001142c    2001142c    00002560   00002560    r-- .const
20013990    20013990    00002607   00000000    rw-
  20013990    20013990    00001fa0   00000000    rw- .bss
  20015930    20015930    00000667   00000000    rw- .data
20015f98    20015f98    00000198   00000198    r--
  20015f98    20015f98    00000198   00000198    r-- .cinit


SECTION ALLOCATION MAP

 output                                  attributes/
section   page    origin      length       input sections
--------  ----  ----------  ----------   ----------------
.resetVecs 
*          0    20004000    0000003c     
                  20004000    0000003c     ti_sysbios_config.obj (.resetVecs)

.text      0    2000c040    000053ec     
                  2000c040    0000042c     driverlib.a : prcm.obj (.text:PRCMCC3200MCUInit)
                  2000c46c    000003f7     ti_sysbios_config.obj (.text:ti_sysbios_family_arm_m3_Hwi_excDumpRegs)
                  2000c863    00000001     --HOLE-- [fill = 0]
                  2000c864    0000033b     ti_sysbios_config.obj (.text:ti_sysbios_runtime_System_doPrint)
                  2000cb9f    00000001     --HOLE-- [fill = 0]
                  2000cba0    00000174     ti_sysbios_config.obj (.text:ti_sysbios_family_arm_m3_Hwi_excUsageFault)
                  2000cd14    00000154     drivers_cc32xx.a : GPIOCC32XX.oem4 (.text:GPIO_setConfig)
                  2000ce68    00000154     ti_sysbios_config.obj (.text:ti_sysbios_family_arm_m3_Hwi_excBusFault)
                  2000cfbc    00000148     drivers_cc32xx.a : PowerCC32XX.oem4 (.text:parkPins)
                  2000d104    00000138                      : PowerCC32XX.oem4 (.text:Power_sleep)
                  2000d23c    00000130     ti_sysbios_config.obj (.text:ti_sysbios_family_arm_m3_Timer_Instance_init)
                  2000d36c    00000130     ti_sysbios_config.obj (.text:ti_sysbios_knl_Semaphore_pend)
                  2000d49c    0000012c     ti_sysbios_config.obj (.text:ti_sysbios_family_arm_m3_Hwi_excMemFault)
                  2000d5c8    00000110     ti_sysbios_config.obj (.text:PowerCC32XX_sleepPolicy)
                  2000d6d8    000000fc     ti_sysbios_config.obj (.text:ti_sysbios_knl_Task_Instance_init)
                  2000d7d4    000000f8     ti_sysbios_config.obj (.text:pthread_create)
                  2000d8cc    000000f8     ti_sysbios_config.obj (.text:ti_sysbios_family_arm_m3_Hwi_excFillContext)
                  2000d9c4    000000e0     ti_sysbios_config.obj (.text:ti_sysbios_family_arm_m3_Hwi_excHandlerMax)
                  2000daa4    000000d8     ti_sysbios_config.obj (.text:ti_sysbios_knl_Task_Instance_finalize)
                  2000db7c    000000d8     ti_sysbios_config.obj (.text:ti_sysbios_knl_Task_setPri)
                  2000dc54    000000d0     sysbios.a : Hwi_asm.obj (.text:ti_sysbios_family_arm_m3_Hwi_dispatch)
                  2000dd24    000000cc     ti_sysbios_config.obj (.text:ti_sysbios_heaps_HeapMem_allocUnprotected)
                  2000ddf0    000000c0     DRV8833.obj (.text:_ZN7DRV88339stepMotorEi)
                  2000deb0    000000c0     drivers_cc32xx.a : PowerCC32XX.oem4 (.text:restoreParkedPins)
                  2000df70    000000c0     ti_sysbios_config.obj (.text:ti_sysbios_heaps_HeapMem_freeUnprotected)
                  2000e030    000000a8     drivers_cc32xx.a : PowerCC32XX.oem4 (.text:PowerCC32XX_configureWakeup)
                  2000e0d8    000000a0     sysbios.a : auto_init.obj (.text)
                  2000e178    0000009c     rtsv7M4_T_le_eabi.lib : memcpy_t2.asm.obj (.text)
                  2000e214    0000009c     ti_sysbios_config.obj (.text:ti_sysbios_family_arm_m3_Hwi_excDebugMon)
                  2000e2b0    0000009c     ti_sysbios_config.obj (.text:ti_sysbios_knl_Task_sleep)
                  2000e34c    00000096     rtsv7M4_T_le_eabi.lib : ull_div_t2.asm.obj (.text)
                  2000e3e2    00000002     ti_sysbios_config.obj (.text:BIOS_nullFunc)
                  2000e3e4    00000094     ti_sysbios_config.obj (.text:ti_sysbios_family_arm_m3_Hwi_excHardFault)
                  2000e478    00000090     drivers_cc32xx.a : GPIOCC32XX.oem4 (.text:GPIO_init)
                  2000e508    00000090                      : PowerCC32XX.oem4 (.text:restoreNVICRegs)
                  2000e598    00000088     driverlib.a : pin.obj (.text:PinConfigSet)
                  2000e620    00000088     ti_sysbios_config.obj (.text:ti_sysbios_knl_Task_checkStacks)
                  2000e6a8    00000084     drivers_cc32xx.a : PowerCC32XX.oem4 (.text:Power_init)
                  2000e72c    00000084                      : PowerCC32XX.oem4 (.text:saveNVICRegs)
                  2000e7b0    00000084     ti_sysbios_config.obj (.text:ti_sysbios_family_arm_m3_Hwi_initNVIC)
                  2000e834    00000080     drivers_cc32xx.a : PowerCC32XX.oem4 (.text:Power_setDependency)
                  2000e8b4    00000080     ti_sysbios_config.obj (.text:ti_sysbios_family_arm_m3_Hwi_Instance_init)
                  2000e934    00000080     ti_sysbios_config.obj (.text:ti_sysbios_knl_Idle_init)
                  2000e9b4    0000007c     ti_sysbios_config.obj (.text:_pthread_removeThreadKeys)
                  2000ea30    0000007c     ti_sysbios_config.obj (.text:ti_sysbios_knl_TaskSupport_buildTaskStack)
                  2000eaac    0000007a     rtsv7M4_T_le_eabi.lib : memset_t2.asm.obj (.text)
                  2000eb26    00000002     ti_drivers_config.obj (.text:Board_initHook)
                  2000eb28    00000078     ti_sysbios_config.obj (.text:ti_sysbios_knl_Clock_workFunc)
                  2000eba0    00000078     ti_sysbios_config.obj (.text:ti_sysbios_knl_Task_postInit)
                  2000ec18    00000074     drivers_cc32xx.a : GPIOCC32XX.oem4 (.text:powerNotifyFxn)
                  2000ec8c    00000074     ti_sysbios_config.obj (.text:ti_sysbios_knl_Swi_restoreHwi)
                  2000ed00    00000074     ti_sysbios_config.obj (.text:ti_sysbios_runtime_Error_raiseX)
                  2000ed74    00000070     ti_sysbios_config.obj (.text:ti_sysbios_heaps_HeapMem_Instance_init)
                  2000ede4    00000070     ti_sysbios_config.obj (.text:ti_sysbios_knl_Swi_Instance_init)
                  2000ee54    0000006d     ti_sysbios_config.obj (.text:ti_sysbios_runtime_System_formatNum)
                  2000eec1    00000001     --HOLE-- [fill = 0]
                  2000eec2    00000002     rtsv7M4_T_le_eabi.lib : _lock.c.obj (.text:_nop)
                  2000eec4    0000006c     ti_sysbios_config.obj (.text:ti_sysbios_knl_Semaphore_post)
                  2000ef30    0000006c     ti_sysbios_config.obj (.text:ti_sysbios_knl_Swi_run)
                  2000ef9c    0000006c     ti_sysbios_config.obj (.text:ti_sysbios_knl_Task_schedule)
                  2000f008    00000068     rtsv7M4_T_le_eabi.lib : copy_decompress_lzss.c.obj (.text:decompress:lzss:__TI_decompress_lzss)
                  2000f070    00000068     ti_sysbios_config.obj (.text:ti_sysbios_knl_Task_startup)
                  2000f0d8    00000064     drivers_cc32xx.a : GPIOCC32XX.oem4 (.text:GPIO_setInterruptConfig)
                  2000f13c    00000064                      : PowerCC32XX.oem4 (.text:PowerCC32XX_setParkState)
                  2000f1a0    00000064     ti_sysbios_config.obj (.text:ti_sysbios_knl_Clock_init)
                  2000f204    00000060     drivers_cc32xx.a : GPIOCC32XX.oem4 (.text:GPIO_hwiIntFxn)
                  2000f264    00000060     driverlib.a : prcm.obj (.text:PRCMSysResetCauseGet)
                  2000f2c4    00000060     DRV8833.obj (.text:_ZN7DRV88339stepStepsEij)
                  2000f324    00000060     main_tirtos.obj (.text:main)
                  2000f384    0000005c     ti_sysbios_config.obj (.text:ti_sysbios_family_arm_m3_Hwi_postInit)
                  2000f3e0    0000005c     ti_sysbios_config.obj (.text:ti_sysbios_knl_Swi_schedule)
                  2000f43c    00000058     rtsv7M4_T_le_eabi.lib : hostwrite.c.obj (.text:HOSTwrite)
                  2000f494    00000058     driverlib.a : prcm.obj (.text:PRCMPeripheralReset)
                  2000f4ec    00000058     DRV8833.obj (.text:_ZN7DRV8833C1Ehhhhh)
                  2000f544    00000058     ti_sysbios_config.obj (.text:pthread_exit)
                  2000f59c    00000058     ti_sysbios_config.obj (.text:ti_sysbios_family_arm_m3_Hwi_dispatchC)
                  2000f5f4    00000058     ti_sysbios_config.obj (.text:ti_sysbios_knl_Swi_runLoop)
                  2000f64c    00000058     ti_sysbios_config.obj (.text:ti_sysbios_runtime_Memory_alloc)
                  2000f6a4    00000052     drivers_cc32xx.a : PowerCC32XX_asm.oem4 (.text:PowerCC32XX_resumeLPDS)
                  2000f6f6    0000004c                      : PowerCC32XX.oem4 (.text:PowerCC32XX_parkPin)
                  2000f742    00000002     rtsv7M4_T_le_eabi.lib : div0.asm.obj (.text)
                  2000f744    0000004c                           : cpy_tbl.c.obj (.text:copy_in)
                  2000f790    0000004c     drivers_cc32xx.a : PowerCC32XX.oem4 (.text:restorePeriphClocks)
                  2000f7dc    0000004c     ti_sysbios_config.obj (.text:ti_sysbios_heaps_HeapMem_alloc)
                  2000f828    0000004c     ti_sysbios_config.obj (.text:ti_sysbios_knl_Swi_post)
                  2000f874    00000048     ti_sysbios_config.obj (.text:BIOS_init)
                  2000f8bc    00000048     ti_sysbios_config.obj (.text:BIOS_startFunc)
                  2000f904    00000048     driverlib.a : flash.obj (.text:FlashDisable)
                  2000f94c    00000048     drivers_cc32xx.a : GPIOCC32XX.oem4 (.text:GPIO_disableInt)
                  2000f994    00000048                      : GPIOCC32XX.oem4 (.text:GPIO_enableInt)
                  2000f9dc    00000048     driverlib.a : prcm.obj (.text:PRCMLPDSEnter)
                  2000fa24    00000048                 : prcm.obj (.text:PRCMPeripheralClkEnable)
                  2000fa6c    00000048     control.obj (.text:_Z10mainThreadPv)
                  2000fab4    00000048     ti_sysbios_config.obj (.text:ti_sysbios_family_arm_m3_Hwi_disableInterrupt)
                  2000fafc    00000048     sysbios.a : Hwi_asm_switch.obj (.text:ti_sysbios_family_arm_m3_Hwi_initStacks)
                  2000fb44    00000048     ti_sysbios_config.obj (.text:ti_sysbios_runtime_SystemSupport_flush)
                  2000fb8c    00000046     ti_sysbios_config.obj (.text:ti_sysbios_runtime_Error_print)
                  2000fbd2    00000002     ti_sysbios_config.obj (.text:ti_sysbios_runtime_Startup_reset)
                  2000fbd4    00000044     driverlib.a : prcm.obj (.text:PRCMLPDSRestoreInfoSet)
                  2000fc18    00000044     drivers_cc32xx.a : PowerCC32XX_asm.oem4 (.text:PowerCC32XX_enterLPDS)
                  2000fc5c    00000044     sysbios.a : boot.obj (.text)
                  2000fca0    00000044     ti_sysbios_config.obj (.text:ti_sysbios_family_arm_m3_Hwi_enableInterrupt)
                  2000fce4    00000044     ti_sysbios_config.obj (.text:ti_sysbios_family_arm_m3_Hwi_getStackInfo)
                  2000fd28    00000044     ti_sysbios_config.obj (.text:ti_sysbios_family_arm_m3_Timer_Instance_finalize)
                  2000fd6c    00000044     ti_sysbios_config.obj (.text:ti_sysbios_gates_GateMutex_enter)
                  2000fdb0    00000044     ti_sysbios_config.obj (.text:ti_sysbios_heaps_HeapMem_getStats)
                  2000fdf4    00000044     ti_sysbios_config.obj (.text:ti_sysbios_runtime_SystemSupport_putch)
                  2000fe38    00000040     ti_sysbios_config.obj (.text:HwiP_create)
                  2000fe78    00000040     driverlib.a : pin.obj (.text:PinModeSet)
                  2000feb8    00000040     rtsv7M4_T_le_eabi.lib : u_divt2.asm.obj (.text)
                  2000fef8    00000040     ti_sysbios_config.obj (.text:ti_sysbios_family_arm_m3_Timer_start)
                  2000ff38    00000040     ti_sysbios_config.obj (.text:ti_sysbios_knl_ClockSupport_init)
                  2000ff78    00000040     ti_sysbios_config.obj (.text:ti_sysbios_knl_Task_blockI)
                  2000ffb8    0000003c     driverlib.a : prcm.obj (.text:PRCMSlowClkCtrFastGet)
                  2000fff4    0000003c     ti_sysbios_config.obj (.text:ti_sysbios_knl_Swi_restore)
                  20010030    0000003c     ti_sysbios_config.obj (.text:ti_sysbios_knl_Task_exit)
                  2001006c    0000003a     ti_sysbios_config.obj (.text:ti_sysbios_family_arm_m3_Hwi_create)
                  200100a6    00000002     --HOLE-- [fill = 0]
                  200100a8    00000038     ti_sysbios_config.obj (.text:BIOS_rtsUnlock)
                  200100e0    00000038     driverlib.a : prcm.obj (.text:PRCMLPDSEnterKeepDebugIf)
                  20010118    00000038     rtsv7M4_T_le_eabi.lib : trgmsg.c.obj (.text:__TI_writemsg)
                  20010150    00000038     drivers_cc32xx.a : PowerCC32XX.oem4 (.text:notify)
                  20010188    00000038     ti_sysbios_config.obj (.text:ti_sysbios_family_arm_m3_Hwi_Instance_finalize)
                  200101c0    00000038     ti_sysbios_config.obj (.text:ti_sysbios_family_arm_m3_Hwi_init)
                  200101f8    00000038     ti_sysbios_config.obj (.text:ti_sysbios_family_arm_m3_Timer_setPeriod)
                  20010230    00000038     ti_sysbios_config.obj (.text:ti_sysbios_family_arm_m3_Timer_setPeriodMicroSecs)
                  20010268    00000038     ti_sysbios_config.obj (.text:ti_sysbios_heaps_HeapMem_construct)
                  200102a0    00000038     ti_sysbios_config.obj (.text:ti_sysbios_knl_Semaphore_Instance_init)
                  200102d8    00000038     ti_sysbios_config.obj (.text:ti_sysbios_knl_Task_processVitalTaskFlag)
                  20010310    00000036     driverlib.a : gpio.obj (.text:GPIODirModeSet)
                  20010346    00000002     --HOLE-- [fill = 0]
                  20010348    00000034                 : pin.obj (.text:PinModeGet)
                  2001037c    00000034     rtsv7M4_T_le_eabi.lib : trgmsg.c.obj (.text:__TI_readmsg)
                  200103b0    00000034     ti_sysbios_config.obj (.text:ti_sysbios_knl_Clock_tick)
                  200103e4    00000034     ti_sysbios_config.obj (.text:ti_sysbios_knl_Clock_walkQueuePeriodic)
                  20010418    00000034     ti_sysbios_config.obj (.text:ti_sysbios_knl_Task_create)
                  2001044c    00000034     ti_sysbios_config.obj (.text:ti_sysbios_knl_Task_unblockI)
                  20010480    00000034     ti_sysbios_config.obj (.text:ti_sysbios_runtime_Startup_exec)
                  200104b4    00000034     ti_sysbios_config.obj (.text:ti_sysbios_runtime_System_atexit)
                  200104e8    00000034     ti_sysbios_config.obj (.text:usleep)
                  2001051c    00000032     ti_sysbios_config.obj (.text:getCountsRTC)
                  2001054e    00000002     --HOLE-- [fill = 0]
                  20010550    00000030     ti_sysbios_config.obj (.text:BIOS_atExitFunc)
                  20010580    00000030     drivers_cc32xx.a : PowerCC32XX.oem4 (.text:PowerCC32XX_restoreParkedPin)
                  200105b0    00000030     ti_sysbios_config.obj (.text:sleep)
                  200105e0    00000030     ti_sysbios_config.obj (.text:ti_sysbios_family_arm_m3_Hwi_excReserved)
                  20010610    00000030     ti_sysbios_config.obj (.text:ti_sysbios_family_arm_m3_Timer_initDevice)
                  20010640    00000030     ti_sysbios_config.obj (.text:ti_sysbios_family_arm_m3_Timer_periodicStub)
                  20010670    00000030     ti_sysbios_config.obj (.text:ti_sysbios_heaps_HeapMem_free)
                  200106a0    00000030     ti_sysbios_config.obj (.text:ti_sysbios_knl_TaskSupport_start)
                  200106d0    00000030     ti_sysbios_config.obj (.text:ti_sysbios_knl_Task_restore)
                  20010700    00000030     ti_sysbios_config.obj (.text:ti_sysbios_runtime_System_processAtExit)
                  20010730    0000002e     ti_sysbios_config.obj (.text:pthread_setcancelstate)
                  2001075e    0000002e     ti_sysbios_config.obj (.text:ti_sysbios_family_arm_m3_Hwi_initStack)
                  2001078c    0000002c     driverlib.a : prcm.obj (.text:PRCMLPDSIntervalSet)
                  200107b8    0000002c     ti_sysbios_config.obj (.text:ti_sysbios_knl_Semaphore_pendTimeout)
                  200107e4    00000028     ti_sysbios_config.obj (.text:BIOS_rtsLock)
                  2001080c    00000028     driverlib.a : prcm.obj (.text:PRCMLPDSWakeupSourceEnable)
                  20010834    00000028                 : prcm.obj (.text:PRCMPeripheralClkDisable)
                  2001085c    00000028     drivers_cc32xx.a : PowerCC32XX.oem4 (.text:Power_registerNotify)
                  20010884    00000028     ti_sysbios_config.obj (.text:SemaphoreP_createBinary)
                  200108ac    00000028     ti_sysbios_config.obj (.text:ti_sysbios_family_arm_m3_Hwi_construct)
                  200108d4    00000028     sysbios.a : Hwi_asm.obj (.text:ti_sysbios_family_arm_m3_Hwi_excHandlerAsm)
                  200108fc    00000028     ti_sysbios_config.obj (.text:ti_sysbios_family_arm_m3_Hwi_excNoIsr)
                  20010924    00000028     ti_sysbios_config.obj (.text:ti_sysbios_family_arm_m3_Hwi_excSvCall)
                  2001094c    00000028     ti_sysbios_config.obj (.text:ti_sysbios_family_arm_m3_Timer_construct)
                  20010974    00000028     ti_sysbios_config.obj (.text:ti_sysbios_gates_GateMutex_Instance_init)
                  2001099c    00000028     ti_sysbios_config.obj (.text:ti_sysbios_knl_Swi_init)
                  200109c4    00000028     ti_sysbios_config.obj (.text:ti_sysbios_knl_Task_init)
                  200109ec    00000028     ti_sysbios_config.obj (.text:ti_sysbios_knl_Task_restoreHwi)
                  20010a14    00000026     drivers_cc32xx.a : List.oem4 (.text:List_put)
                  20010a3a    00000026     ti_sysbios_config.obj (.text:ti_sysbios_knl_Task_getMode)
                  20010a60    00000024     ti_sysbios_config.obj (.text:BIOS_registerRTSLock)
                  20010a84    00000024     ti_sysbios_config.obj (.text:_pthread_cleanupFxn)
                  20010aa8    00000024     ti_sysbios_config.obj (.text:_pthread_delete)
                  20010acc    00000024     ti_sysbios_config.obj (.text:pthread_attr_init)
                  20010af0    00000024     ti_sysbios_config.obj (.text:ti_sysbios_family_arm_m3_Hwi_excNmi)
                  20010b14    00000024     ti_sysbios_config.obj (.text:ti_sysbios_family_arm_m3_Hwi_setPriority)
                  20010b38    00000024     ti_sysbios_config.obj (.text:ti_sysbios_family_arm_m3_Timer_postInit)
                  20010b5c    00000024     ti_sysbios_config.obj (.text:ti_sysbios_family_arm_m3_Timer_startup)
                  20010b80    00000024     ti_sysbios_config.obj (.text:ti_sysbios_knl_Task_allBlockedFunction)
                  20010ba4    00000024     ti_sysbios_config.obj (.text:ti_sysbios_knl_Task_destruct)
                  20010bc8    00000024     ti_sysbios_config.obj (.text:ti_sysbios_knl_Task_enter)
                  20010bec    00000024     ti_sysbios_config.obj (.text:ti_sysbios_runtime_Assert_failX)
                  20010c10    00000022     ti_sysbios_config.obj (.text:ti_sysbios_family_arm_m3_Timer_oneShotStub)
                  20010c32    00000022     ti_sysbios_config.obj (.text:ti_sysbios_runtime_SysMin_output)
                  20010c54    00000022     ti_sysbios_config.obj (.text:ti_sysbios_runtime_System_putchar)
                  20010c76    00000002     --HOLE-- [fill = 0]
                  20010c78    00000020     ti_sysbios_config.obj (.text:BIOS_removeRTSLock)
                  20010c98    00000020     driverlib.a : gpio.obj (.text:GPIOPinWrite)
                  20010cb8    00000020     ti_sysbios_config.obj (.text:ti_sysbios_family_arm_m3_Hwi_clearInterrupt)
                  20010cd8    00000020     ti_sysbios_config.obj (.text:ti_sysbios_knl_Swi_construct)
                  20010cf8    00000020     ti_sysbios_config.obj (.text:ti_sysbios_knl_Task_construct)
                  20010d18    00000020     ti_sysbios_config.obj (.text:ti_sysbios_knl_Task_enabled)
                  20010d38    0000001e     sysbios.a : Hwi_asm_switch.obj (.text:ti_sysbios_family_arm_m3_Hwi_switchAndRunFunc)
                  20010d56    0000001e     ti_sysbios_config.obj (.text:ti_sysbios_knl_Semaphore_create)
                  20010d74    0000001e     ti_sysbios_config.obj (.text:ti_sysbios_knl_Semaphore_destruct)
                  20010d92    0000001e     ti_sysbios_config.obj (.text:ti_sysbios_runtime_SystemSupport_abort)
                  20010db0    0000001c     driverlib.a : pin.obj (.text:PinToPadGet)
                  20010dcc    0000001c     ti_sysbios_config.obj (.text:ti_sysbios_family_arm_m3_Hwi_switchFromBootStack)
                  20010de8    0000001c     ti_sysbios_config.obj (.text:ti_sysbios_knl_Queue_put)
                  20010e04    0000001c     ti_sysbios_config.obj (.text:ti_sysbios_runtime_System_init)
                  20010e20    0000001a     ti_sysbios_config.obj (.text:ti_sysbios_family_arm_m3_Hwi_delete)
                  20010e3a    0000001a     sysbios.a : Hwi_asm.obj (.text:ti_sysbios_family_arm_m3_Hwi_pendSV)
                  20010e54    0000001a     ti_sysbios_config.obj (.text:ti_sysbios_knl_Semaphore_delete)
                  20010e6e    0000001a     ti_sysbios_config.obj (.text:ti_sysbios_knl_Task_delete)
                  20010e88    0000001a     ti_sysbios_config.obj (.text:ti_sysbios_knl_Task_sleepTimeout)
                  20010ea2    0000001a     ti_sysbios_config.obj (.text:ti_sysbios_runtime_System_printf)
                  20010ebc    0000001a     ti_sysbios_config.obj (.text:ti_sysbios_runtime_System_printfExtend)
                  20010ed6    00000018     driverlib.a : gpio.obj (.text:GPIOPinRead)
                  20010eee    00000002     --HOLE-- [fill = 0]
                  20010ef0    00000018     drivers_cc32xx.a : PowerCC32XX.oem4 (.text:Power_getTransitionLatency)
                  20010f08    00000018     rtsv7M4_T_le_eabi.lib : args_main.c.obj (.text:_args_main)
                  20010f20    00000018                           : ll_mul_t2.asm.obj (.text)
                  20010f38    00000018     ti_sysbios_config.obj (.text:ti_sysbios_family_arm_m3_Hwi_plug)
                  20010f50    00000018     ti_sysbios_config.obj (.text:ti_sysbios_family_arm_m3_Timer_getFreq)
                  20010f68    00000018     ti_sysbios_config.obj (.text:ti_sysbios_family_arm_m3_Timer_stop)
                  20010f80    00000018     ti_sysbios_config.obj (.text:ti_sysbios_knl_Clock_startI)
                  20010f98    00000018     ti_sysbios_config.obj (.text:ti_sysbios_knl_Swi_Instance_finalize)
                  20010fb0    00000018     ti_sysbios_config.obj (.text:ti_sysbios_knl_Task_unblock)
                  20010fc8    00000016     ti_sysbios_config.obj (.text:BIOS_exitFunc)
                  20010fde    00000016     driverlib.a : prcm.obj (.text:PRCMHIBRegRead)
                  20010ff4    00000016                 : prcm.obj (.text:PRCMHIBRegWrite)
                  2001100a    00000016     ti_sysbios_config.obj (.text:ti_sysbios_runtime_System_vprintf)
                  20011020    00000014     ti_sysbios_config.obj (.text:BIOS_setThreadType)
                  20011034    00000014     ti_drivers_config.obj (.text:Board_init)
                  20011048    00000014     driverlib.a : cpu.obj (.text:CPUcpsid)
                  2001105c    00000014                 : cpu.obj (.text:CPUcpsie)
                  20011070    00000014     drivers_cc32xx.a : PowerCC32XX.oem4 (.text:Power_getDependencyCount)
                  20011084    00000014     ti_sysbios_config.obj (.text:pthread_attr_setschedparam)
                  20011098    00000014     rtsv7M4_T_le_eabi.lib : strlen.c.obj (.text:strlen)
                  200110ac    00000014     ti_sysbios_config.obj (.text:ti_sysbios_knl_Semaphore_construct)
                  200110c0    00000014     ti_sysbios_config.obj (.text:ti_sysbios_knl_Swi_disable)
                  200110d4    00000014     sysbios.a : TaskSupport_asm.obj (.text:ti_sysbios_knl_TaskSupport_swap)
                  200110e8    00000014     ti_sysbios_config.obj (.text:ti_sysbios_knl_Task_disable)
                  200110fc    00000014     ti_sysbios_config.obj (.text:ti_sysbios_runtime_Error_init)
                  20011110    00000014     ti_sysbios_config.obj (.text:ti_sysbios_runtime_Memory_free)
                  20011124    00000014     ti_sysbios_config.obj (.text:ti_sysbios_runtime_SystemSupport_init)
                  20011138    00000012     ti_sysbios_config.obj (.text:SemaphoreP_pend)
                  2001114a    00000012     ti_sysbios_config.obj (.text:_pthread_cleanup_pop)
                  2001115c    00000012     ti_sysbios_config.obj (.text:_pthread_runStub)
                  2001116e    00000012     ti_sysbios_config.obj (.text:ti_sysbios_runtime_System_abort)
                  20011180    00000010     ti_sysbios_config.obj (.text:BIOS_exit)
                  20011190    00000010     ti_sysbios_config.obj (.text:BIOS_getCpuFreq)
                  200111a0    00000010     ti_sysbios_config.obj (.text:BIOS_start)
                  200111b0    00000010     ti_sysbios_config.obj (.text:HwiP_Params_init)
                  200111c0    00000010     ti_sysbios_config.obj (.text:ti_sysbios_family_arm_m3_Hwi_excHandler)
                  200111d0    00000010     ti_sysbios_config.obj (.text:ti_sysbios_family_arm_m3_Hwi_getHandle)
                  200111e0    00000010     ti_sysbios_config.obj (.text:ti_sysbios_knl_Clock_enqueueI)
                  200111f0    00000010     ti_sysbios_config.obj (.text:ti_sysbios_knl_Clock_tickReconfig)
                  20011200    00000010     ti_sysbios_config.obj (.text:ti_sysbios_knl_Idle_run)
                  20011210    00000010     ti_sysbios_config.obj (.text:ti_sysbios_knl_Swi_enabled)
                  20011220    00000010     sysbios.a : TaskSupport_asm.obj (.text:ti_sysbios_knl_TaskSupport_glue)
                  20011230    00000010     ti_sysbios_config.obj (.text:ti_sysbios_runtime_System_exit)
                  20011240    0000000e     rtsv7M4_T_le_eabi.lib : copy_decompress_none.c.obj (.text:decompress:none:__TI_decompress_none)
                  2001124e    0000000e     ti_sysbios_config.obj (.text:pthread_attr_setdetachstate)
                  2001125c    0000000e     ti_sysbios_config.obj (.text:ti_sysbios_gates_GateMutex_leave)
                  2001126a    0000000e     ti_sysbios_config.obj (.text:ti_sysbios_heaps_HeapMem_restore)
                  20011278    0000000e     ti_sysbios_config.obj (.text:ti_sysbios_knl_Clock_initI)
                  20011286    0000000e     ti_sysbios_config.obj (.text:ti_sysbios_knl_Queue_empty)
                  20011294    0000000e     ti_sysbios_config.obj (.text:ti_sysbios_knl_Queue_remove)
                  200112a2    0000000e     ti_sysbios_config.obj (.text:ti_sysbios_runtime_Error_check)
                  200112b0    0000000c     ti_sysbios_config.obj (.text:BIOS_getThreadType)
                  200112bc    0000000c     ti_sysbios_config.obj (.text:BIOS_linkedWithIncorrectBootLibrary)
                  200112c8    0000000c     driverlib.a : cpu.obj (.text:CPUwfi)
                  200112d4    0000000c     ti_sysbios_config.obj (.text:HwiP_disable)
                  200112e0    0000000c     ti_sysbios_config.obj (.text:PowerCC32XX_initPolicy)
                  200112ec    0000000c     drivers_cc32xx.a : PowerCC32XX.oem4 (.text:Power_getConstraintMask)
                  200112f8    0000000c     ti_sysbios_config.obj (.text:SemaphoreP_delete)
                  20011304    0000000c     rtsv7M4_T_le_eabi.lib : _lock.c.obj (.text:_register_lock)
                  20011310    0000000c                           : _lock.c.obj (.text:_register_unlock)
                  2001131c    0000000c                           : copy_zero_init.c.obj (.text:decompress:ZI:__TI_zero_init)
                  20011328    0000000c     ti_sysbios_config.obj (.text:ti_sysbios_heaps_HeapMem_init)
                  20011334    0000000c     ti_sysbios_config.obj (.text:ti_sysbios_knl_ClockSupport_start)
                  20011340    0000000c     ti_sysbios_config.obj (.text:ti_sysbios_knl_ClockSupport_stop)
                  2001134c    0000000c     ti_sysbios_config.obj (.text:ti_sysbios_knl_Clock_getTicks)
                  20011358    0000000c     ti_sysbios_config.obj (.text:ti_sysbios_knl_Clock_setTicks)
                  20011364    0000000c     ti_sysbios_config.obj (.text:ti_sysbios_knl_Queue_dequeue)
                  20011370    0000000c     ti_sysbios_config.obj (.text:ti_sysbios_knl_Queue_enqueue)
                  2001137c    0000000c     ti_sysbios_config.obj (.text:ti_sysbios_knl_Queue_insert)
                  20011388    0000000c     ti_sysbios_config.obj (.text:ti_sysbios_knl_Swi_self)
                  20011394    0000000c     ti_sysbios_config.obj (.text:ti_sysbios_knl_TaskSupport_checkStack)
                  200113a0    0000000c     ti_sysbios_config.obj (.text:ti_sysbios_knl_Task_self)
                  200113ac    0000000a     ti_sysbios_config.obj (.text:pthread_self)
                  200113b6    00000008     driverlib.a : prcm.obj (.text:PRCMSleepEnter)
                  200113be    00000002     --HOLE-- [fill = 0]
                  200113c0    00000008     rtsv7M4_T_le_eabi.lib : errno.c.obj (.text:__aeabi_errno_addr)
                  200113c8    00000008     ti_sysbios_config.obj (.text:pthread_attr_setstacksize)
                  200113d0    00000008     ti_sysbios_config.obj (.text:ti_sysbios_family_arm_m3_Hwi_doSwiRestore)
                  200113d8    00000008     ti_sysbios_config.obj (.text:ti_sysbios_family_arm_m3_Hwi_startup)
                  200113e0    00000008     ti_sysbios_config.obj (.text:ti_sysbios_knl_Idle_loop)
                  200113e8    00000006     driverlib.a : utils.obj (.text:UtilsDelay)
                  200113ee    00000006     ti_sysbios_config.obj (.text:ti_sysbios_family_arm_m3_Hwi_destruct)
                  200113f4    00000006     ti_sysbios_config.obj (.text:ti_sysbios_family_arm_m3_Hwi_doTaskRestore)
                  200113fa    00000006     ti_sysbios_config.obj (.text:ti_sysbios_family_arm_m3_Hwi_restore)
                  20011400    00000006     ti_sysbios_config.obj (.text:ti_sysbios_knl_Clock_stop)
                  20011406    00000006     ti_sysbios_config.obj (.text:ti_sysbios_knl_Queue_elemClear)
                  2001140c    00000006     ti_sysbios_config.obj (.text:ti_sysbios_knl_Semaphore_Instance_finalize)
                  20011412    00000006     ti_sysbios_config.obj (.text:ti_sysbios_knl_Swi_startup)
                  20011418    00000004     ti_sysbios_config.obj (.text:SemaphoreP_post)
                  2001141c    00000004     rtsv7M4_T_le_eabi.lib : exit.c.obj (.text:abort:abort)
                  20011420    00000004     ti_sysbios_config.obj (.text:ti_sysbios_heaps_HeapMem_isBlocking)
                  20011424    00000004     ti_sysbios_config.obj (.text:ti_sysbios_knl_ClockSupport_getMaxTicks)
                  20011428    00000004     ti_sysbios_config.obj (.text:ti_sysbios_runtime_System_printf_va)

.bss       0    20013990    00001fa0     UNINITIALIZED
                  20013990    00001000     (.common:BIOS_heap)
                  20014990    00000400     (.common:ti_sysbios_knl_Idle_taskStack)
                  20014d90    00000400     (.common:ti_sysbios_runtime_SysMin_outbuf)
                  20015190    0000030c     (.common:ti_sysbios_family_arm_m3_Hwi_dispatchTable)
                  2001549c    0000012c     (.common:PowerCC32XX_contextSave)
                  200155c8    00000120     rtsv7M4_T_le_eabi.lib : trgmsg.c.obj (.bss:_CIOBUF_)
                  200156e8    00000084     (.common:gpioCallbackFunctions)
                  2001576c    00000084     (.common:gpioUserArgs)
                  200157f0    00000080     (.common:ti_sysbios_knl_Swi_readyQs)
                  20015870    00000080     (.common:ti_sysbios_knl_Task_readyQs)
                  200158f0    00000020     (.common:ti_sysbios_runtime_System_atexitHandlers)
                  20015910    00000014     drivers_cc32xx.a : GPIOCC32XX.oem4 (.bss:powerNotifyObj)
                  20015924    00000008     (.common:parmbuf)
                  2001592c    00000004                      : GPIOCC32XX.oem4 (.bss)

.const     0    2001142c    00002560     
                  2001142c    000022e0     ti_sysbios_config.obj (.const:$O2$$)
                  2001370c    00000100     driverlib.a : pin.obj (.const:g_ulPinToPadMap)
                  2001380c    000000a8                 : prcm.obj (.const:PRCM_PeriphRegsList)
                  200138b4    00000044     ti_drivers_config.obj (.const:PowerCC32XX_config)
                  200138f8    00000028     drivers_cc32xx.a : GPIOCC32XX.oem4 (.const:portConfigs)
                  20013920    00000021                      : GPIOCC32XX.oem4 (.const:.string:pinTable)
                  20013941    00000003     --HOLE-- [fill = 0]
                  20013944    00000020     ti_sysbios_config.obj (.const:.string)
                  20013964    00000014     ti_drivers_config.obj (.const)
                  20013978    00000010     ti_drivers_config.obj (.const:GPIO_config)
                  20013988    00000004     ti_sysbios_config.obj (.const:ti_sysbios_knl_Idle_funcList)

.data      0    20015930    00000667     UNINITIALIZED
                  20015930    0000036c     ti_sysbios_config.obj (.data:$O1$$)
                  20015c9c    0000016c     drivers_cc32xx.a : PowerCC32XX.oem4 (.data:PowerCC32XX_module)
                  20015e08    000000f8     ti_drivers_config.obj (.data:parkInfo)
                  20015f00    00000084     ti_drivers_config.obj (.data:gpioPinConfigs)
                  20015f84    00000008     rtsv7M4_T_le_eabi.lib : _lock.c.obj (.data:$O1$$)
                  20015f8c    00000004                           : errno.c.obj (.data)
                  20015f90    00000004                           : stkdepth_vars.c.obj (.data)
                  20015f94    00000002     drivers_cc32xx.a : GPIOCC32XX.oem4 (.data)
                  20015f96    00000001     ti_sysbios_config.obj (.data)

.vecs      0    20000000    0000030c     UNINITIALIZED
                  20000000    0000030c     ti_sysbios_config.obj (.vecs)

.stack     0    20003c00    00000400     UNINITIALIZED
                  20003c00    00000400     --HOLE--

.cinit     0    20015f98    00000198     
                  20015f98    00000164     (.cinit..data.load) [load image, compression = lzss]
                  200160fc    0000000c     (__TI_handler_table)
                  20016108    00000008     (.cinit..bss.load) [load image, compression = zero_init]
                  20016110    00000008     (.cinit..vecs.load) [load image, compression = zero_init]
                  20016118    00000018     (__TI_cinit_table)

.init_array 
*          0    20004000    00000000     UNINITIALIZED

.priheap   0    20004040    00008000     UNINITIALIZED
                  20004040    00008000     --HOLE--

.log_data 
*          0    90000000    00000000     COPY SECTION

__llvm_prf_cnts 
*          0    20004000    00000000     UNINITIALIZED

MODULE SUMMARY

       Module                       code    ro data   rw data
       ------                       ----    -------   -------
    .\
       DRV8833.obj                  376     0         0      
       main_tirtos.obj              96      0         0      
       control.obj                  72      0         0      
    +--+----------------------------+-------+---------+---------+
       Total:                       544     0         0      
                                                             
    .\syscfg\
       ti_sysbios_config.obj        13869   9024      8869   
       ti_drivers_config.obj        22      104       644    
    +--+----------------------------+-------+---------+---------+
       Total:                       13891   9128      9513   
                                                             
    C:/ti/simplelink_cc32xx_sdk_6_10_00_05/kernel/tirtos7/packages/ti/sysbios/lib/ccs/m4/sysbios.a
       Hwi_asm.obj                  274     0         0      
       auto_init.obj                160     0         0      
       Hwi_asm_switch.obj           102     0         0      
       boot.obj                     68      0         0      
       TaskSupport_asm.obj          36      0         0      
    +--+----------------------------+-------+---------+---------+
       Total:                       640     0         0      
                                                             
    C:/ti/simplelink_cc32xx_sdk_6_10_00_05/source/ti/devices/cc32xx/driverlib/ccs/Release/driverlib.a
       prcm.obj                     1756    168       0      
       pin.obj                      280     256       0      
       gpio.obj                     110     0         0      
       flash.obj                    72      0         0      
       cpu.obj                      52      0         0      
       utils.obj                    6       0         0      
    +--+----------------------------+-------+---------+---------+
       Total:                       2276    424       0      
                                                             
    C:/ti/simplelink_cc32xx_sdk_6_10_00_05/source/ti/drivers/lib/ccs/m4/drivers_cc32xx.a
       PowerCC32XX.oem4             1988    0         664    
       GPIOCC32XX.oem4              940     73        26     
       PowerCC32XX_asm.oem4         150     0         0      
       List.oem4                    38      0         0      
    +--+----------------------------+-------+---------+---------+
       Total:                       3116    73        690    
                                                             
    C:\ti\ccs1210\ccs\tools\compiler\ti-cgt-arm_20.2.7.LTS\lib\rtsv7M4_T_le_eabi.lib
       trgmsg.c.obj                 108     0         288    
       memcpy_t2.asm.obj            156     0         0      
       ull_div_t2.asm.obj           150     0         0      
       memset_t2.asm.obj            122     0         0      
       copy_decompress_lzss.c.obj   104     0         0      
       hostwrite.c.obj              88      0         0      
       cpy_tbl.c.obj                76      0         0      
       u_divt2.asm.obj              64      0         0      
       _lock.c.obj                  26      0         8      
       args_main.c.obj              24      0         0      
       ll_mul_t2.asm.obj            24      0         0      
       strlen.c.obj                 20      0         0      
       copy_decompress_none.c.obj   14      0         0      
       copy_zero_init.c.obj         12      0         0      
       errno.c.obj                  8       0         4      
       hostopen.c.obj               0       0         8      
       exit.c.obj                   4       0         0      
       stkdepth_vars.c.obj          0       0         4      
       div0.asm.obj                 2       0         0      
    +--+----------------------------+-------+---------+---------+
       Total:                       1002    0         312    
                                                             
       Stack:                       0       0         1024   
       Linker Generated:            0       408       0      
    +--+----------------------------+-------+---------+---------+
       Grand Total:                 21469   10033     11539  


LINKER GENERATED COPY TABLES

__TI_cinit_table @ 20016118 records: 3, size/record: 8, table size: 24
	.data: load addr=20015f98, load size=00000164 bytes, run addr=20015930, run size=00000667 bytes, compression=lzss
	.bss: load addr=20016108, load size=00000008 bytes, run addr=20013990, run size=00001fa0 bytes, compression=zero_init
	.vecs: load addr=20016110, load size=00000008 bytes, run addr=20000000, run size=0000030c bytes, compression=zero_init


LINKER GENERATED HANDLER TABLE

__TI_handler_table @ 200160fc records: 3, size/record: 4, table size: 12
	index: 0, handler: __TI_zero_init
	index: 1, handler: __TI_decompress_lzss
	index: 2, handler: __TI_decompress_none


GLOBAL SYMBOLS: SORTED ALPHABETICALLY BY Name 

address   name                                                            
-------   ----                                                            
20013970  ADC_BUSY_CONST                                                  
20013966  AIN1_CONST                                                      
20013967  AIN2_CONST                                                      
2001396b  AMBER_LED_CONST                                                 
2001396e  BIN1_CONST                                                      
2001396f  BIN2_CONST                                                      
20015b04  BIOS_Module_state                                               
20010551  BIOS_atExitFunc                                                 
20011181  BIOS_exit                                                       
20010fc9  BIOS_exitFunc                                                   
20011191  BIOS_getCpuFreq                                                 
200112b1  BIOS_getThreadType                                              
20013990  BIOS_heap                                                       
20015ad8  BIOS_heapMemObject                                              
2000f875  BIOS_init                                                       
200112bd  BIOS_linkedWithIncorrectBootLibrary                             
2000e3e3  BIOS_nullFunc                                                   
20010a61  BIOS_registerRTSLock                                            
20010c79  BIOS_removeRTSLock                                              
20015a60  BIOS_rtsGate                                                    
200107e5  BIOS_rtsLock                                                    
200100a9  BIOS_rtsUnlock                                                  
20011021  BIOS_setThreadType                                              
200111a1  BIOS_start                                                      
2000f8bd  BIOS_startFunc                                                  
20011035  Board_init                                                      
2000eb27  Board_initHook                                                  
2001141d  C$$EXIT                                                         
20010147  C$$IO$$                                                         
2001396d  CHRG_OK_CONST                                                   
20011049  CPUcpsid                                                        
2001105d  CPUcpsie                                                        
200112c9  CPUwfi                                                          
2001134d  ClockP_getSystemTicks                                           
20013969  DRV_FAULT_CONST                                                 
20013968  DRV_SLEEP_CONST                                                 
2000f905  FlashDisable                                                    
20010311  GPIODirModeSet                                                  
20010ed7  GPIOPinRead                                                     
20010c99  GPIOPinWrite                                                    
20013978  GPIO_config                                                     
2000f94d  GPIO_disableInt                                                 
2000f995  GPIO_enableInt                                                  
2000f205  GPIO_hwiIntFxn                                                  
2000e479  GPIO_init                                                       
20013964  GPIO_pinLowerBound                                              
20013965  GPIO_pinUpperBound                                              
2000cd15  GPIO_setConfig                                                  
2000f0d9  GPIO_setInterruptConfig                                         
2001396a  GREEN_LED_CONST                                                 
00008000  HEAPSIZE                                                        
2000f43d  HOSTwrite                                                       
200111b1  HwiP_Params_init                                                
2000fe39  HwiP_create                                                     
200112d5  HwiP_disable                                                    
200113fb  HwiP_restore                                                    
20013975  I2C_count                                                       
UNDEFED   ITM_flush                                                       
UNDEFED   ITM_restore                                                     
20013972  LAMP_EN_CONST                                                   
20010a15  List_put                                                        
20013974  MyI2C1_CONST                                                    
20013976  MyUART1_CONST                                                   
2000c041  PRCMCC3200MCUInit                                               
20010fdf  PRCMHIBRegRead                                                  
20010ff5  PRCMHIBRegWrite                                                 
2000f9dd  PRCMLPDSEnter                                                   
200100e1  PRCMLPDSEnterKeepDebugIf                                        
2001078d  PRCMLPDSIntervalSet                                             
2000fbd5  PRCMLPDSRestoreInfoSet                                          
2001080d  PRCMLPDSWakeupSourceEnable                                      
20010835  PRCMPeripheralClkDisable                                        
2000fa25  PRCMPeripheralClkEnable                                         
2000f495  PRCMPeripheralReset                                             
200113b7  PRCMSleepEnter                                                  
2000ffb9  PRCMSlowClkCtrFastGet                                           
2000f265  PRCMSysResetCauseGet                                            
20013973  PROCHOT_CONST                                                   
2000e599  PinConfigSet                                                    
20010349  PinModeGet                                                      
2000fe79  PinModeSet                                                      
20010db1  PinToPadGet                                                     
200138b4  PowerCC32XX_config                                              
2000e031  PowerCC32XX_configureWakeup                                     
2001549c  PowerCC32XX_contextSave                                         
2000fc19  PowerCC32XX_enterLPDS                                           
200112e1  PowerCC32XX_initPolicy                                          
20015c9c  PowerCC32XX_module                                              
2000f6f7  PowerCC32XX_parkPin                                             
20010581  PowerCC32XX_restoreParkedPin                                    
2000f6a5  PowerCC32XX_resumeLPDS                                          
2000f13d  PowerCC32XX_setParkState                                        
2000d5c9  PowerCC32XX_sleepPolicy                                         
200112ed  Power_getConstraintMask                                         
20011071  Power_getDependencyCount                                        
20010ef1  Power_getTransitionLatency                                      
2000e6a9  Power_init                                                      
2001085d  Power_registerNotify                                            
2000e835  Power_setDependency                                             
2000d105  Power_sleep                                                     
2001396c  RED_LED_CONST                                                   
UNDEFED   SHT$$INIT_ARRAY$$Base                                           
UNDEFED   SHT$$INIT_ARRAY$$Limit                                          
20010885  SemaphoreP_createBinary                                         
200112f9  SemaphoreP_delete                                               
20011139  SemaphoreP_pend                                                 
20011419  SemaphoreP_post                                                 
2000fff5  SwiP_restore                                                    
20013977  UART2_count                                                     
200113e9  UtilsDelay                                                      
20013971  VALVE_EN_CONST                                                  
2000fa6d  _Z10mainThreadPv                                                
2000ddf1  _ZN7DRV88339stepMotorEi                                         
2000f2c5  _ZN7DRV88339stepStepsEij                                        
2000f4ed  _ZN7DRV8833C1Ehhhhh                                             
2000f4ed  _ZN7DRV8833C2Ehhhhh                                             
2001141d  _ZSt17__throw_bad_allocv                                        
200155c8  __CIOBUF_                                                       
20004000  __STACK_END                                                     
00000400  __STACK_SIZE                                                    
20016118  __TI_CINIT_Base                                                 
20016130  __TI_CINIT_Limit                                                
200160fc  __TI_Handler_Table_Base                                         
20016108  __TI_Handler_Table_Limit                                        
2000e0d9  __TI_auto_init                                                  
2000f009  __TI_decompress_lzss                                            
20011241  __TI_decompress_none                                            
ffffffff  __TI_pprof_out_hndl                                             
ffffffff  __TI_prof_data_size                                             
ffffffff  __TI_prof_data_start                                            
2001037d  __TI_readmsg                                                    
20015f98  __TI_static_base__                                              
20010119  __TI_writemsg                                                   
2001131d  __TI_zero_init                                                  
200113c1  __aeabi_errno_addr                                              
2000f743  __aeabi_idiv0                                                   
2000f743  __aeabi_ldiv0                                                   
20010f21  __aeabi_lmul                                                    
2000eaad  __aeabi_memclr                                                  
2000eaad  __aeabi_memclr4                                                 
2000eaad  __aeabi_memclr8                                                 
2000e179  __aeabi_memcpy                                                  
2000e179  __aeabi_memcpy4                                                 
2000e179  __aeabi_memcpy8                                                 
2000eaaf  __aeabi_memset                                                  
2000eaaf  __aeabi_memset4                                                 
2000eaaf  __aeabi_memset8                                                 
2000feb9  __aeabi_uidiv                                                   
2000feb9  __aeabi_uidivmod                                                
2000e34d  __aeabi_uldivmod                                                
ffffffff  __binit__                                                       
ffffffff  __c_args__                                                      
2000c040  __primary_heap_end__                                            
20004040  __primary_heap_start__                                          
20003c00  __stack                                                         
20004000  __start___llvm_prf_cnts                                         
20004000  __stop___llvm_prf_cnts                                          
20010f09  _args_main                                                      
2000fc5d  _c_int00                                                        
20015f84  _lock                                                           
2000eec3  _nop                                                            
20010a85  _pthread_cleanupFxn                                             
2001114b  _pthread_cleanup_pop                                            
2000e9b5  _pthread_removeThreadKeys                                       
20011305  _register_lock                                                  
20011311  _register_unlock                                                
20010481  _system_post_cinit                                              
2000fbd3  _system_pre_init                                                
20015f88  _unlock                                                         
2001141d  abort                                                           
ffffffff  binit                                                           
2000f745  copy_in                                                         
20015f8c  errno                                                           
200156e8  gpioCallbackFunctions                                           
20015f00  gpioPinConfigs                                                  
2001576c  gpioUserArgs                                                    
20010481  iar_startup_exec                                                
2000fbd3  iar_startup_reset                                               
2000f325  main                                                            
20015f90  main_func_sp                                                    
2000e179  memcpy                                                          
2000eab5  memset                                                          
20015e08  parkInfo                                                        
20015924  parmbuf                                                         
20010acd  pthread_attr_init                                               
2001124f  pthread_attr_setdetachstate                                     
20011085  pthread_attr_setschedparam                                      
200113c9  pthread_attr_setstacksize                                       
2000d7d5  pthread_create                                                  
2000f545  pthread_exit                                                    
200113ad  pthread_self                                                    
20010731  pthread_setcancelstate                                          
200105b1  sleep                                                           
20011099  strlen                                                          
20010189  ti_sysbios_family_arm_m3_Hwi_Instance_finalize                  
2000e8b5  ti_sysbios_family_arm_m3_Hwi_Instance_init                      
20015b64  ti_sysbios_family_arm_m3_Hwi_Module_state                       
20010cb9  ti_sysbios_family_arm_m3_Hwi_clearInterrupt                     
200108ad  ti_sysbios_family_arm_m3_Hwi_construct                          
2001006d  ti_sysbios_family_arm_m3_Hwi_create                             
20010e21  ti_sysbios_family_arm_m3_Hwi_delete                             
200113ef  ti_sysbios_family_arm_m3_Hwi_destruct                           
2000fab5  ti_sysbios_family_arm_m3_Hwi_disableInterrupt                   
2000dc55  ti_sysbios_family_arm_m3_Hwi_dispatch                           
2000f59d  ti_sysbios_family_arm_m3_Hwi_dispatchC                          
20015190  ti_sysbios_family_arm_m3_Hwi_dispatchTable                      
200113d1  ti_sysbios_family_arm_m3_Hwi_doSwiRestore                       
200113f5  ti_sysbios_family_arm_m3_Hwi_doTaskRestore                      
2000fca1  ti_sysbios_family_arm_m3_Hwi_enableInterrupt                    
2000ce69  ti_sysbios_family_arm_m3_Hwi_excBusFault                        
2000e215  ti_sysbios_family_arm_m3_Hwi_excDebugMon                        
2000c46d  ti_sysbios_family_arm_m3_Hwi_excDumpRegs                        
2000d8cd  ti_sysbios_family_arm_m3_Hwi_excFillContext                     
200111c1  ti_sysbios_family_arm_m3_Hwi_excHandler                         
200108d5  ti_sysbios_family_arm_m3_Hwi_excHandlerAsm                      
2000d9c5  ti_sysbios_family_arm_m3_Hwi_excHandlerMax                      
2000e3e5  ti_sysbios_family_arm_m3_Hwi_excHardFault                       
2000d49d  ti_sysbios_family_arm_m3_Hwi_excMemFault                        
20010af1  ti_sysbios_family_arm_m3_Hwi_excNmi                             
200108fd  ti_sysbios_family_arm_m3_Hwi_excNoIsr                           
200105e1  ti_sysbios_family_arm_m3_Hwi_excReserved                        
20010925  ti_sysbios_family_arm_m3_Hwi_excSvCall                          
2000cba1  ti_sysbios_family_arm_m3_Hwi_excUsageFault                      
200111d1  ti_sysbios_family_arm_m3_Hwi_getHandle                          
2000fce5  ti_sysbios_family_arm_m3_Hwi_getStackInfo                       
200101c1  ti_sysbios_family_arm_m3_Hwi_init                               
2000e7b1  ti_sysbios_family_arm_m3_Hwi_initNVIC                           
2001075f  ti_sysbios_family_arm_m3_Hwi_initStack                          
2000fafd  ti_sysbios_family_arm_m3_Hwi_initStacks                         
2000dd09  ti_sysbios_family_arm_m3_Hwi_interruptsAreDisabledButShouldNotBe
20010e3b  ti_sysbios_family_arm_m3_Hwi_pendSV                             
20010f39  ti_sysbios_family_arm_m3_Hwi_plug                               
2000f385  ti_sysbios_family_arm_m3_Hwi_postInit                           
20000000  ti_sysbios_family_arm_m3_Hwi_ramVectors                         
20004000  ti_sysbios_family_arm_m3_Hwi_resetVectors                       
20010e53  ti_sysbios_family_arm_m3_Hwi_return                             
20010b15  ti_sysbios_family_arm_m3_Hwi_setPriority                        
200113d9  ti_sysbios_family_arm_m3_Hwi_startup                            
200110c1  ti_sysbios_family_arm_m3_Hwi_swiDisable                         
2000fff5  ti_sysbios_family_arm_m3_Hwi_swiRestore                         
2000ec8d  ti_sysbios_family_arm_m3_Hwi_swiRestoreHwi                      
20010d39  ti_sysbios_family_arm_m3_Hwi_switchAndRunFunc                   
20010dcd  ti_sysbios_family_arm_m3_Hwi_switchFromBootStack                
200110e9  ti_sysbios_family_arm_m3_Hwi_taskDisable                        
200109ed  ti_sysbios_family_arm_m3_Hwi_taskRestoreHwi                     
2000fd29  ti_sysbios_family_arm_m3_Timer_Instance_finalize                
2000d23d  ti_sysbios_family_arm_m3_Timer_Instance_init                    
200159e4  ti_sysbios_family_arm_m3_Timer_Module_state                     
2001094d  ti_sysbios_family_arm_m3_Timer_construct                        
20010f51  ti_sysbios_family_arm_m3_Timer_getFreq                          
20010611  ti_sysbios_family_arm_m3_Timer_initDevice                       
20010c11  ti_sysbios_family_arm_m3_Timer_oneShotStub                      
20010641  ti_sysbios_family_arm_m3_Timer_periodicStub                     
20010b39  ti_sysbios_family_arm_m3_Timer_postInit                         
200101f9  ti_sysbios_family_arm_m3_Timer_setPeriod                        
20010231  ti_sysbios_family_arm_m3_Timer_setPeriodMicroSecs               
2000fef9  ti_sysbios_family_arm_m3_Timer_start                            
20010b5d  ti_sysbios_family_arm_m3_Timer_startup                          
20011430  ti_sysbios_family_arm_m3_Timer_startupNeeded                    
20010f69  ti_sysbios_family_arm_m3_Timer_stop                             
20010975  ti_sysbios_gates_GateMutex_Instance_init                        
20015950  ti_sysbios_gates_GateMutex_Module_state                         
2000fd6d  ti_sysbios_gates_GateMutex_enter                                
2001125d  ti_sysbios_gates_GateMutex_leave                                
200159d0  ti_sysbios_hal_Seconds_Module_state                             
2000ed75  ti_sysbios_heaps_HeapMem_Instance_init                          
20015958  ti_sysbios_heaps_HeapMem_Module_state                           
2000f7dd  ti_sysbios_heaps_HeapMem_alloc                                  
2000dd25  ti_sysbios_heaps_HeapMem_allocUnprotected                       
20010269  ti_sysbios_heaps_HeapMem_construct                              
20010671  ti_sysbios_heaps_HeapMem_free                                   
2000df71  ti_sysbios_heaps_HeapMem_freeUnprotected                        
20015a88  ti_sysbios_heaps_HeapMem_gate                                   
2000fdb1  ti_sysbios_heaps_HeapMem_getStats                               
20011329  ti_sysbios_heaps_HeapMem_init                                   
20011421  ti_sysbios_heaps_HeapMem_isBlocking                             
2001126b  ti_sysbios_heaps_HeapMem_restore                                
20011425  ti_sysbios_knl_ClockSupport_getMaxTicks                         
2000ff39  ti_sysbios_knl_ClockSupport_init                                
20011335  ti_sysbios_knl_ClockSupport_start                               
20011341  ti_sysbios_knl_ClockSupport_stop                                
20015b30  ti_sysbios_knl_ClockSupport_timerStruct                         
20015c34  ti_sysbios_knl_Clock_Module_state                               
200111e1  ti_sysbios_knl_Clock_enqueueI                                   
2001134d  ti_sysbios_knl_Clock_getTicks                                   
200103e5  ti_sysbios_knl_Clock_getTicksUntilTimeout                       
2000f1a1  ti_sysbios_knl_Clock_init                                       
20011279  ti_sysbios_knl_Clock_initI                                      
20011359  ti_sysbios_knl_Clock_setTicks                                   
20010f81  ti_sysbios_knl_Clock_startI                                     
20011401  ti_sysbios_knl_Clock_stop                                       
200103b1  ti_sysbios_knl_Clock_tick                                       
200111f1  ti_sysbios_knl_Clock_tickReconfig                               
200103e5  ti_sysbios_knl_Clock_walkQueuePeriodic                          
2000eb29  ti_sysbios_knl_Clock_workFunc                                   
20013988  ti_sysbios_knl_Idle_funcList                                    
2000e935  ti_sysbios_knl_Idle_init                                        
20015932  ti_sysbios_knl_Idle_initDone                                    
200113e1  ti_sysbios_knl_Idle_loop                                        
20011201  ti_sysbios_knl_Idle_run                                         
20014990  ti_sysbios_knl_Idle_taskStack                                   
20015bdc  ti_sysbios_knl_Idle_taskStruct                                  
20015960  ti_sysbios_knl_Mailbox_Module_state                             
20011365  ti_sysbios_knl_Queue_dequeue                                    
20011407  ti_sysbios_knl_Queue_destruct                                   
20011407  ti_sysbios_knl_Queue_elemClear                                  
20011287  ti_sysbios_knl_Queue_empty                                      
20011371  ti_sysbios_knl_Queue_enqueue                                    
2001137d  ti_sysbios_knl_Queue_insert                                     
20010de9  ti_sysbios_knl_Queue_put                                        
20011295  ti_sysbios_knl_Queue_remove                                     
2001140d  ti_sysbios_knl_Semaphore_Instance_finalize                      
200102a1  ti_sysbios_knl_Semaphore_Instance_init                          
20015968  ti_sysbios_knl_Semaphore_Module_state                           
200110ad  ti_sysbios_knl_Semaphore_construct                              
20010d57  ti_sysbios_knl_Semaphore_create                                 
20010e55  ti_sysbios_knl_Semaphore_delete                                 
20010d75  ti_sysbios_knl_Semaphore_destruct                               
2000d36d  ti_sysbios_knl_Semaphore_pend                                   
200107b9  ti_sysbios_knl_Semaphore_pendTimeout                            
2000eec5  ti_sysbios_knl_Semaphore_post                                   
20010f99  ti_sysbios_knl_Swi_Instance_finalize                            
2000ede5  ti_sysbios_knl_Swi_Instance_init                                
20015ab0  ti_sysbios_knl_Swi_Module_state                                 
20010cd9  ti_sysbios_knl_Swi_construct                                    
200110c1  ti_sysbios_knl_Swi_disable                                      
20011211  ti_sysbios_knl_Swi_enabled                                      
2001099d  ti_sysbios_knl_Swi_init                                         
2000f829  ti_sysbios_knl_Swi_post                                         
200157f0  ti_sysbios_knl_Swi_readyQs                                      
2000fff5  ti_sysbios_knl_Swi_restore                                      
2000ec8d  ti_sysbios_knl_Swi_restoreHwi                                   
2000ef31  ti_sysbios_knl_Swi_run                                          
2000f5f5  ti_sysbios_knl_Swi_runLoop                                      
2000f3e1  ti_sysbios_knl_Swi_schedule                                     
20011389  ti_sysbios_knl_Swi_self                                         
20011413  ti_sysbios_knl_Swi_startup                                      
2000ea31  ti_sysbios_knl_TaskSupport_buildTaskStack                       
20011395  ti_sysbios_knl_TaskSupport_checkStack                           
20011221  ti_sysbios_knl_TaskSupport_glue                                 
200106a1  ti_sysbios_knl_TaskSupport_start                                
200110d5  ti_sysbios_knl_TaskSupport_swap                                 
200110e1  ti_sysbios_knl_TaskSupport_swapReturn                           
2000daa5  ti_sysbios_knl_Task_Instance_finalize                           
2000d6d9  ti_sysbios_knl_Task_Instance_init                               
20015ba0  ti_sysbios_knl_Task_Module_state                                
20010b81  ti_sysbios_knl_Task_allBlockedFunction                          
2000ff79  ti_sysbios_knl_Task_blockI                                      
2000e621  ti_sysbios_knl_Task_checkStacks                                 
20010cf9  ti_sysbios_knl_Task_construct                                   
20010419  ti_sysbios_knl_Task_create                                      
20015948  ti_sysbios_knl_Task_defaultStackHeap                            
20010e6f  ti_sysbios_knl_Task_delete                                      
20010ba5  ti_sysbios_knl_Task_destruct                                    
200110e9  ti_sysbios_knl_Task_disable                                     
20010d19  ti_sysbios_knl_Task_enabled                                     
20010bc9  ti_sysbios_knl_Task_enter                                       
20010031  ti_sysbios_knl_Task_exit                                        
20010a3b  ti_sysbios_knl_Task_getMode                                     
200109c5  ti_sysbios_knl_Task_init                                        
2000eba1  ti_sysbios_knl_Task_postInit                                    
200102d9  ti_sysbios_knl_Task_processVitalTaskFlag                        
20015870  ti_sysbios_knl_Task_readyQs                                     
200106d1  ti_sysbios_knl_Task_restore                                     
200109ed  ti_sysbios_knl_Task_restoreHwi                                  
2000ef9d  ti_sysbios_knl_Task_schedule                                    
200113a1  ti_sysbios_knl_Task_self                                        
2000db7d  ti_sysbios_knl_Task_setPri                                      
2000e2b1  ti_sysbios_knl_Task_sleep                                       
20010e89  ti_sysbios_knl_Task_sleepTimeout                                
2000f071  ti_sysbios_knl_Task_startup                                     
20010fb1  ti_sysbios_knl_Task_unblock                                     
2001044d  ti_sysbios_knl_Task_unblockI                                    
20010bed  ti_sysbios_runtime_Assert_failX                                 
200112a3  ti_sysbios_runtime_Error_check                                  
20015984  ti_sysbios_runtime_Error_ignore                                 
200110fd  ti_sysbios_runtime_Error_init                                   
2000fb8d  ti_sysbios_runtime_Error_print                                  
2000ed01  ti_sysbios_runtime_Error_raiseX                                 
2000f64d  ti_sysbios_runtime_Memory_alloc                                 
2001594c  ti_sysbios_runtime_Memory_defaultHeapInstance                   
20011111  ti_sysbios_runtime_Memory_free                                  
20015f96  ti_sysbios_runtime_Startup_done                                 
20010481  ti_sysbios_runtime_Startup_exec                                 
2000fbd3  ti_sysbios_runtime_Startup_reset                                
200159ac  ti_sysbios_runtime_SysMin_Module_state                          
20014d90  ti_sysbios_runtime_SysMin_outbuf                                
20010c33  ti_sysbios_runtime_SysMin_output                                
20010d93  ti_sysbios_runtime_SystemSupport_abort                          
2000fb45  ti_sysbios_runtime_SystemSupport_flush                          
20011125  ti_sysbios_runtime_SystemSupport_init                           
2000fdf5  ti_sysbios_runtime_SystemSupport_putch                          
20015990  ti_sysbios_runtime_System_Module_state                          
2001116f  ti_sysbios_runtime_System_abort                                 
2001141d  ti_sysbios_runtime_System_abortStd                              
200104b5  ti_sysbios_runtime_System_atexit                                
200158f0  ti_sysbios_runtime_System_atexitHandlers                        
2000c865  ti_sysbios_runtime_System_doPrint                               
20011231  ti_sysbios_runtime_System_exit                                  
2001141d  ti_sysbios_runtime_System_exitStd                               
2000fb45  ti_sysbios_runtime_System_flush                                 
2000ee55  ti_sysbios_runtime_System_formatNum                             
20010e05  ti_sysbios_runtime_System_init                                  
20010ea3  ti_sysbios_runtime_System_printf                                
20010ebd  ti_sysbios_runtime_System_printfExtend                          
20011429  ti_sysbios_runtime_System_printf_va                             
20010701  ti_sysbios_runtime_System_processAtExit                         
20010c55  ti_sysbios_runtime_System_putchar                               
2001100b  ti_sysbios_runtime_System_vprintf                               
200104e9  usleep                                                          


GLOBAL SYMBOLS: SORTED BY Symbol Address 

address   name                                                            
-------   ----                                                            
00000400  __STACK_SIZE                                                    
00008000  HEAPSIZE                                                        
20000000  ti_sysbios_family_arm_m3_Hwi_ramVectors                         
20003c00  __stack                                                         
20004000  __STACK_END                                                     
20004000  __start___llvm_prf_cnts                                         
20004000  __stop___llvm_prf_cnts                                          
20004000  ti_sysbios_family_arm_m3_Hwi_resetVectors                       
20004040  __primary_heap_start__                                          
2000c040  __primary_heap_end__                                            
2000c041  PRCMCC3200MCUInit                                               
2000c46d  ti_sysbios_family_arm_m3_Hwi_excDumpRegs                        
2000c865  ti_sysbios_runtime_System_doPrint                               
2000cba1  ti_sysbios_family_arm_m3_Hwi_excUsageFault                      
2000cd15  GPIO_setConfig                                                  
2000ce69  ti_sysbios_family_arm_m3_Hwi_excBusFault                        
2000d105  Power_sleep                                                     
2000d23d  ti_sysbios_family_arm_m3_Timer_Instance_init                    
2000d36d  ti_sysbios_knl_Semaphore_pend                                   
2000d49d  ti_sysbios_family_arm_m3_Hwi_excMemFault                        
2000d5c9  PowerCC32XX_sleepPolicy                                         
2000d6d9  ti_sysbios_knl_Task_Instance_init                               
2000d7d5  pthread_create                                                  
2000d8cd  ti_sysbios_family_arm_m3_Hwi_excFillContext                     
2000d9c5  ti_sysbios_family_arm_m3_Hwi_excHandlerMax                      
2000daa5  ti_sysbios_knl_Task_Instance_finalize                           
2000db7d  ti_sysbios_knl_Task_setPri                                      
2000dc55  ti_sysbios_family_arm_m3_Hwi_dispatch                           
2000dd09  ti_sysbios_family_arm_m3_Hwi_interruptsAreDisabledButShouldNotBe
2000dd25  ti_sysbios_heaps_HeapMem_allocUnprotected                       
2000ddf1  _ZN7DRV88339stepMotorEi                                         
2000df71  ti_sysbios_heaps_HeapMem_freeUnprotected                        
2000e031  PowerCC32XX_configureWakeup                                     
2000e0d9  __TI_auto_init                                                  
2000e179  __aeabi_memcpy                                                  
2000e179  __aeabi_memcpy4                                                 
2000e179  __aeabi_memcpy8                                                 
2000e179  memcpy                                                          
2000e215  ti_sysbios_family_arm_m3_Hwi_excDebugMon                        
2000e2b1  ti_sysbios_knl_Task_sleep                                       
2000e34d  __aeabi_uldivmod                                                
2000e3e3  BIOS_nullFunc                                                   
2000e3e5  ti_sysbios_family_arm_m3_Hwi_excHardFault                       
2000e479  GPIO_init                                                       
2000e599  PinConfigSet                                                    
2000e621  ti_sysbios_knl_Task_checkStacks                                 
2000e6a9  Power_init                                                      
2000e7b1  ti_sysbios_family_arm_m3_Hwi_initNVIC                           
2000e835  Power_setDependency                                             
2000e8b5  ti_sysbios_family_arm_m3_Hwi_Instance_init                      
2000e935  ti_sysbios_knl_Idle_init                                        
2000e9b5  _pthread_removeThreadKeys                                       
2000ea31  ti_sysbios_knl_TaskSupport_buildTaskStack                       
2000eaad  __aeabi_memclr                                                  
2000eaad  __aeabi_memclr4                                                 
2000eaad  __aeabi_memclr8                                                 
2000eaaf  __aeabi_memset                                                  
2000eaaf  __aeabi_memset4                                                 
2000eaaf  __aeabi_memset8                                                 
2000eab5  memset                                                          
2000eb27  Board_initHook                                                  
2000eb29  ti_sysbios_knl_Clock_workFunc                                   
2000eba1  ti_sysbios_knl_Task_postInit                                    
2000ec8d  ti_sysbios_family_arm_m3_Hwi_swiRestoreHwi                      
2000ec8d  ti_sysbios_knl_Swi_restoreHwi                                   
2000ed01  ti_sysbios_runtime_Error_raiseX                                 
2000ed75  ti_sysbios_heaps_HeapMem_Instance_init                          
2000ede5  ti_sysbios_knl_Swi_Instance_init                                
2000ee55  ti_sysbios_runtime_System_formatNum                             
2000eec3  _nop                                                            
2000eec5  ti_sysbios_knl_Semaphore_post                                   
2000ef31  ti_sysbios_knl_Swi_run                                          
2000ef9d  ti_sysbios_knl_Task_schedule                                    
2000f009  __TI_decompress_lzss                                            
2000f071  ti_sysbios_knl_Task_startup                                     
2000f0d9  GPIO_setInterruptConfig                                         
2000f13d  PowerCC32XX_setParkState                                        
2000f1a1  ti_sysbios_knl_Clock_init                                       
[...]
20010311  GPIODirModeSet                                                  
20010349  PinModeGet                                                      
2001037d  __TI_readmsg                                                    
200103b1  ti_sysbios_knl_Clock_tick                                       
200103e5  ti_sysbios_knl_Clock_getTicksUntilTimeout                       
200103e5  ti_sysbios_knl_Clock_walkQueuePeriodic                          
20010419  ti_sysbios_knl_Task_create                                      
2001044d  ti_sysbios_knl_Task_unblockI                                    
20010481  _system_post_cinit                                              
20010481  iar_startup_exec                                                
20010481  ti_sysbios_runtime_Startup_exec                                 
200104b5  ti_sysbios_runtime_System_atexit                                
200104e9  usleep                                                          
20010551  BIOS_atExitFunc                                                 
20010581  PowerCC32XX_restoreParkedPin                                    
200105b1  sleep                                                           
200105e1  ti_sysbios_family_arm_m3_Hwi_excReserved                        
20010611  ti_sysbios_family_arm_m3_Timer_initDevice                       
20010641  ti_sysbios_family_arm_m3_Timer_periodicStub                     
20010671  ti_sysbios_heaps_HeapMem_free                                   
200106a1  ti_sysbios_knl_TaskSupport_start                                
200106d1  ti_sysbios_knl_Task_restore                                     
20010701  ti_sysbios_runtime_System_processAtExit                         
20010731  pthread_setcancelstate                                          
2001075f  ti_sysbios_family_arm_m3_Hwi_initStack                          
2001078d  PRCMLPDSIntervalSet                                             
200107b9  ti_sysbios_knl_Semaphore_pendTimeout                            
200107e5  BIOS_rtsLock                                                    
2001080d  PRCMLPDSWakeupSourceEnable                                      
20010835  PRCMPeripheralClkDisable                                        
2001085d  Power_registerNotify                                            
20010885  SemaphoreP_createBinary                                         
200108ad  ti_sysbios_family_arm_m3_Hwi_construct                          
200108d5  ti_sysbios_family_arm_m3_Hwi_excHandlerAsm                      
200108fd  ti_sysbios_family_arm_m3_Hwi_excNoIsr                           
20010925  ti_sysbios_family_arm_m3_Hwi_excSvCall                          
2001094d  ti_sysbios_family_arm_m3_Timer_construct                        
20010975  ti_sysbios_gates_GateMutex_Instance_init                        
2001099d  ti_sysbios_knl_Swi_init                                         
200109c5  ti_sysbios_knl_Task_init                                        
200109ed  ti_sysbios_family_arm_m3_Hwi_taskRestoreHwi                     
200109ed  ti_sysbios_knl_Task_restoreHwi                                  
20010a15  List_put                                                        
20010a3b  ti_sysbios_knl_Task_getMode                                     
20010a61  BIOS_registerRTSLock                                            
20010a85  _pthread_cleanupFxn                                             
20010acd  pthread_attr_init                                               
20010af1  ti_sysbios_family_arm_m3_Hwi_excNmi                             
20010b15  ti_sysbios_family_arm_m3_Hwi_setPriority                        
20010b39  ti_sysbios_family_arm_m3_Timer_postInit                         
20010b5d  ti_sysbios_family_arm_m3_Timer_startup                          
20010b81  ti_sysbios_knl_Task_allBlockedFunction                          
20010ba5  ti_sysbios_knl_Task_destruct                                    
20010bc9  ti_sysbios_knl_Task_enter                                       
20010bed  ti_sysbios_runtime_Assert_failX                                 
20010c11  ti_sysbios_family_arm_m3_Timer_oneShotStub                      
20010c33  ti_sysbios_runtime_SysMin_output                                
20010c55  ti_sysbios_runtime_System_putchar                               
20010c79  BIOS_removeRTSLock                                              
20010c99  GPIOPinWrite                                                    
20010cb9  ti_sysbios_family_arm_m3_Hwi_clearInterrupt                     
20010cd9  ti_sysbios_knl_Swi_construct                                    
20010cf9  ti_sysbios_knl_Task_construct                                   
20010d19  ti_sysbios_knl_Task_enabled                                     
20010d39  ti_sysbios_family_arm_m3_Hwi_switchAndRunFunc                   
20010d57  ti_sysbios_knl_Semaphore_create                                 
20010d75  ti_sysbios_knl_Semaphore_destruct                               
20010d93  ti_sysbios_runtime_SystemSupport_abort                          
20010db1  PinToPadGet                                                     
20010dcd  ti_sysbios_family_arm_m3_Hwi_switchFromBootStack                
20010de9  ti_sysbios_knl_Queue_put                                        
20010e05  ti_sysbios_runtime_System_init                                  
20010e21  ti_sysbios_family_arm_m3_Hwi_delete                             
20010e3b  ti_sysbios_family_arm_m3_Hwi_pendSV                             
20010e53  ti_sysbios_family_arm_m3_Hwi_return                             
20010e55  ti_sysbios_knl_Semaphore_delete                                 
20010e6f  ti_sysbios_knl_Task_delete                                      
20010e89  ti_sysbios_knl_Task_sleepTimeout                                
20010ea3  ti_sysbios_runtime_System_printf                                
20010ebd  ti_sysbios_runtime_System_printfExtend                          
20010ed7  GPIOPinRead                                                     
20010ef1  Power_getTransitionLatency                                      
20010f09  _args_main                                                      
20010f21  __aeabi_lmul                                                    
20010f39  ti_sysbios_family_arm_m3_Hwi_plug                               
20010f51  ti_sysbios_family_arm_m3_Timer_getFreq                          
20010f69  ti_sysbios_family_arm_m3_Timer_stop                             
20010f81  ti_sysbios_knl_Clock_startI                                     
20010f99  ti_sysbios_knl_Swi_Instance_finalize                            
20010fb1  ti_sysbios_knl_Task_unblock                                     
20010fc9  BIOS_exitFunc                                                   
20010fdf  PRCMHIBRegRead                                                  
20010ff5  PRCMHIBRegWrite                                                 
2001100b  ti_sysbios_runtime_System_vprintf                               
20011021  BIOS_setThreadType                                              
20011035  Board_init                                                      
20011049  CPUcpsid                                                        
2001105d  CPUcpsie                                                        
20011071  Power_getDependencyCount                                        
20011085  pthread_attr_setschedparam                                      
20011099  strlen                                                          
200110ad  ti_sysbios_knl_Semaphore_construct                              
200110c1  ti_sysbios_family_arm_m3_Hwi_swiDisable                         
200110c1  ti_sysbios_knl_Swi_disable                                      
200110d5  ti_sysbios_knl_TaskSupport_swap                                 
200110e1  ti_sysbios_knl_TaskSupport_swapReturn                           
200110e9  ti_sysbios_family_arm_m3_Hwi_taskDisable                        
200110e9  ti_sysbios_knl_Task_disable                                     
200110fd  ti_sysbios_runtime_Error_init                                   
20011111  ti_sysbios_runtime_Memory_free                                  
20011125  ti_sysbios_runtime_SystemSupport_init                           
20011139  SemaphoreP_pend                                                 
2001114b  _pthread_cleanup_pop                                            
2001116f  ti_sysbios_runtime_System_abort                                 
20011181  BIOS_exit                                                       
20011191  BIOS_getCpuFreq                                                 
200111a1  BIOS_start                                                      
200111b1  HwiP_Params_init                                                
200111c1  ti_sysbios_family_arm_m3_Hwi_excHandler                         
200111d1  ti_sysbios_family_arm_m3_Hwi_getHandle                          
200111e1  ti_sysbios_knl_Clock_enqueueI                                   
200111f1  ti_sysbios_knl_Clock_tickReconfig                               
20011201  ti_sysbios_knl_Idle_run                                         
20011211  ti_sysbios_knl_Swi_enabled                                      
20011221  ti_sysbios_knl_TaskSupport_glue                                 
20011231  ti_sysbios_runtime_System_exit                                  
20011241  __TI_decompress_none                                            
2001124f  pthread_attr_setdetachstate                                     
2001125d  ti_sysbios_gates_GateMutex_leave                                
2001126b  ti_sysbios_heaps_HeapMem_restore                                
20011279  ti_sysbios_knl_Clock_initI                                      
20011287  ti_sysbios_knl_Queue_empty                                      
20011295  ti_sysbios_knl_Queue_remove                                     
200112a3  ti_sysbios_runtime_Error_check                                  
200112b1  BIOS_getThreadType                                              
200112bd  BIOS_linkedWithIncorrectBootLibrary                             
200112c9  CPUwfi                                                          
200112d5  HwiP_disable                                                    
200112e1  PowerCC32XX_initPolicy                                          
200112ed  Power_getConstraintMask                                         
200112f9  SemaphoreP_delete                                               
20011305  _register_lock                                                  
20011311  _register_unlock                                                
2001131d  __TI_zero_init                                                  
20011329  ti_sysbios_heaps_HeapMem_init                                   
20011335  ti_sysbios_knl_ClockSupport_start                               
20011341  ti_sysbios_knl_ClockSupport_stop                                
2001134d  ClockP_getSystemTicks                                           
2001134d  ti_sysbios_knl_Clock_getTicks                                   
20011359  ti_sysbios_knl_Clock_setTicks                                   
20011365  ti_sysbios_knl_Queue_dequeue                                    
20011371  ti_sysbios_knl_Queue_enqueue                                    
2001137d  ti_sysbios_knl_Queue_insert                                     
20011389  ti_sysbios_knl_Swi_self                                         
20011395  ti_sysbios_knl_TaskSupport_checkStack                           
200113a1  ti_sysbios_knl_Task_self                                        
200113ad  pthread_self                                                    
200113b7  PRCMSleepEnter                                                  
200113c1  __aeabi_errno_addr                                              
200113c9  pthread_attr_setstacksize                                       
200113d1  ti_sysbios_family_arm_m3_Hwi_doSwiRestore                       
200113d9  ti_sysbios_family_arm_m3_Hwi_startup                            
200113e1  ti_sysbios_knl_Idle_loop                                        
200113e9  UtilsDelay                                                      
200113ef  ti_sysbios_family_arm_m3_Hwi_destruct                           
200113f5  ti_sysbios_family_arm_m3_Hwi_doTaskRestore                      
200113fb  HwiP_restore                                                    
20011401  ti_sysbios_knl_Clock_stop                                       
20011407  ti_sysbios_knl_Queue_destruct                                   
20011407  ti_sysbios_knl_Queue_elemClear                                  
2001140d  ti_sysbios_knl_Semaphore_Instance_finalize                      
20011413  ti_sysbios_knl_Swi_startup                                      
20011419  SemaphoreP_post                                                 
2001141d  C$$EXIT                                                         
2001141d  _ZSt17__throw_bad_allocv                                        
2001141d  abort                                                           
2001141d  ti_sysbios_runtime_System_abortStd                              
2001141d  ti_sysbios_runtime_System_exitStd                               
20011421  ti_sysbios_heaps_HeapMem_isBlocking                             
20011425  ti_sysbios_knl_ClockSupport_getMaxTicks                         
20011429  ti_sysbios_runtime_System_printf_va                             
20011430  ti_sysbios_family_arm_m3_Timer_startupNeeded                    
200138b4  PowerCC32XX_config                                              
20013964  GPIO_pinLowerBound                                              
20013965  GPIO_pinUpperBound                                              
20013966  AIN1_CONST                                                      
20013967  AIN2_CONST                                                      
20013968  DRV_SLEEP_CONST                                                 
20013969  DRV_FAULT_CONST                                                 
2001396a  GREEN_LED_CONST                                                 
2001396b  AMBER_LED_CONST                                                 
2001396c  RED_LED_CONST                                                   
2001396d  CHRG_OK_CONST                                                   
2001396e  BIN1_CONST                                                      
2001396f  BIN2_CONST                                                      
20013970  ADC_BUSY_CONST                                                  
20013971  VALVE_EN_CONST                                                  
20013972  LAMP_EN_CONST                                                   
20013973  PROCHOT_CONST                                                   
20013974  MyI2C1_CONST                                                    
20013975  I2C_count                                                       
20013976  MyUART1_CONST                                                   
20013977  UART2_count                                                     
20013978  GPIO_config                                                     
20013988  ti_sysbios_knl_Idle_funcList                                    
20013990  BIOS_heap                                                       
20014990  ti_sysbios_knl_Idle_taskStack                                   
20014d90  ti_sysbios_runtime_SysMin_outbuf                                
20015190  ti_sysbios_family_arm_m3_Hwi_dispatchTable                      
2001549c  PowerCC32XX_contextSave                                         
200155c8  __CIOBUF_                                                       
200156e8  gpioCallbackFunctions                                           
2001576c  gpioUserArgs                                                    
200157f0  ti_sysbios_knl_Swi_readyQs                                      
20015870  ti_sysbios_knl_Task_readyQs                                     
200158f0  ti_sysbios_runtime_System_atexitHandlers                        
20015924  parmbuf                                                         
20015932  ti_sysbios_knl_Idle_initDone                                    
20015948  ti_sysbios_knl_Task_defaultStackHeap                            
2001594c  ti_sysbios_runtime_Memory_defaultHeapInstance                   
20015950  ti_sysbios_gates_GateMutex_Module_state                         
20015958  ti_sysbios_heaps_HeapMem_Module_state                           
20015960  ti_sysbios_knl_Mailbox_Module_state                             
20015968  ti_sysbios_knl_Semaphore_Module_state                           
20015984  ti_sysbios_runtime_Error_ignore                                 
20015990  ti_sysbios_runtime_System_Module_state                          
200159ac  ti_sysbios_runtime_SysMin_Module_state                          
200159d0  ti_sysbios_hal_Seconds_Module_state                             
200159e4  ti_sysbios_family_arm_m3_Timer_Module_state                     
20015a60  BIOS_rtsGate                                                    
20015a88  ti_sysbios_heaps_HeapMem_gate                                   
20015ab0  ti_sysbios_knl_Swi_Module_state                                 
20015ad8  BIOS_heapMemObject                                              
20015b04  BIOS_Module_state                                               
20015b30  ti_sysbios_knl_ClockSupport_timerStruct                         
20015b64  ti_sysbios_family_arm_m3_Hwi_Module_state                       
20015ba0  ti_sysbios_knl_Task_Module_state                                
20015bdc  ti_sysbios_knl_Idle_taskStruct                                  
20015c34  ti_sysbios_knl_Clock_Module_state                               
20015c9c  PowerCC32XX_module                                              
20015e08  parkInfo                                                        
20015f00  gpioPinConfigs                                                  
20015f84  _lock                                                           
20015f88  _unlock                                                         
20015f8c  errno                                                           
20015f90  main_func_sp                                                    
20015f96  ti_sysbios_runtime_Startup_done                                 
20015f98  __TI_static_base__                                              
200160fc  __TI_Handler_Table_Base                                         
20016108  __TI_Handler_Table_Limit                                        
20016118  __TI_CINIT_Base                                                 
20016130  __TI_CINIT_Limit                                                
ffffffff  __TI_pprof_out_hndl                                             
ffffffff  __TI_prof_data_size                                             
ffffffff  __TI_prof_data_start                                            
ffffffff  __binit__                                                       
ffffffff  __c_args__                                                      
ffffffff  binit                                                           
UNDEFED   ITM_flush                                                       
UNDEFED   ITM_restore                                                     
UNDEFED   SHT$$INIT_ARRAY$$Base                                           
UNDEFED   SHT$$INIT_ARRAY$$Limit                                          

[410 symbols]
