******************************************************************************
                  TI ARM Linker PC v20.2.7                     
******************************************************************************
>> Linked Mon Jan  9 13:54:13 2023

OUTPUT FILE NAME:   <empty_CC3220S_LAUNCHXL_tirtos7_ccs.out>
ENTRY POINT SYMBOL: "_c_int00"  address: 2000e9a9


MEMORY CONFIGURATION

         name            origin    length      used     unused   attr    fill
----------------------  --------  ---------  --------  --------  ----  --------
  SRAM0                 20000000   00004000  0000070c  000038f4  RW X
  SRAM                  20004000   0003c000  0000dd75  0002e28b  RW X
  LOG_DATA              90000000   00040000  00000000  00040000  R   


SEGMENT ALLOCATION MAP

run origin  load origin   length   init length attrs members
----------  ----------- ---------- ----------- ----- -------
20000000    20000000    0000030c   00000000    rw-
  20000000    20000000    0000030c   00000000    rw- .vecs
20003c00    20003c00    00000400   00000000    rw-
  20003c00    20003c00    00000400   00000000    rw- .stack
20004000    20004000    00008040   0000003c    r--
  20004000    20004000    0000003c   0000003c    r-- .resetVecs
  20004040    20004040    00008000   00000000    r-- .priheap
2000c040    2000c040    00004cec   00004cec    r-x
  2000c040    2000c040    00003dbe   00003dbe    r-x .text
  2000fe00    2000fe00    00000f2c   00000f2c    r-- .const
20010d30    20010d30    00000ecf   00000000    rw-
  20010d30    20010d30    00000878   00000000    rw- .bss
  200115a8    200115a8    00000657   00000000    rw- .data
20011c00    20011c00    00000180   00000180    r--
  20011c00    20011c00    00000180   00000180    r-- .cinit


SECTION ALLOCATION MAP

 output                                  attributes/
section   page    origin      length       input sections
--------  ----  ----------  ----------   ----------------
.resetVecs 
*          0    20004000    0000003c     
                  20004000    0000003c     ti_sysbios_config.obj (.resetVecs)

.text      0    2000c040    00003dbe     
                  2000c040    0000042c     driverlib.a : prcm.obj (.text:PRCMCC3200MCUInit)
                  2000c46c    00000154     drivers_cc32xx.a : GPIOCC32XX.oem4 (.text:GPIO_setConfig)
                  2000c5c0    00000148                      : PowerCC32XX.oem4 (.text:parkPins)
                  2000c708    00000138                      : PowerCC32XX.oem4 (.text:Power_sleep)
                  2000c840    0000012c     ti_sysbios_config.obj (.text:ti_sysbios_family_arm_m3_Timer_Instance_init)
                  2000c96c    00000110     ti_sysbios_config.obj (.text:PowerCC32XX_sleepPolicy)
                  2000ca7c    000000f8     ti_sysbios_config.obj (.text:pthread_create)
                  2000cb74    000000f8     ti_sysbios_config.obj (.text:ti_sysbios_family_arm_m3_Hwi_excFillContext)
                  2000cc6c    000000d0     sysbios.a : Hwi_asm.obj (.text:ti_sysbios_family_arm_m3_Hwi_dispatch)
                  2000cd3c    000000c4     ti_sysbios_config.obj (.text:ti_sysbios_knl_Semaphore_pend)
                  2000ce00    000000c0     drivers_cc32xx.a : PowerCC32XX.oem4 (.text:restoreParkedPins)
                  2000cec0    000000c0     ti_sysbios_config.obj (.text:ti_sysbios_knl_Task_Instance_init)
                  2000cf80    000000b0     ti_sysbios_config.obj (.text:ti_sysbios_knl_Task_setPri)
                  2000d030    000000a8     drivers_cc32xx.a : PowerCC32XX.oem4 (.text:PowerCC32XX_configureWakeup)
                  2000d0d8    000000a0     sysbios.a : auto_init.obj (.text)
                  2000d178    0000009c     rtsv7M4_T_le_eabi.lib : memcpy_t2.asm.obj (.text)
                  2000d214    0000009c     ti_sysbios_config.obj (.text:ti_sysbios_knl_Task_Instance_finalize)
                  2000d2b0    00000096     rtsv7M4_T_le_eabi.lib : ull_div_t2.asm.obj (.text)
                  2000d346    00000002     ti_sysbios_config.obj (.text:BIOS_nullFunc)
                  2000d348    00000090     drivers_cc32xx.a : GPIOCC32XX.oem4 (.text:GPIO_init)
                  2000d3d8    00000090                      : PowerCC32XX.oem4 (.text:restoreNVICRegs)
                  2000d468    00000088     driverlib.a : pin.obj (.text:PinConfigSet)
                  2000d4f0    00000088     ti_sysbios_config.obj (.text:ti_sysbios_family_arm_m3_Hwi_Instance_init)
                  2000d578    00000084     drivers_cc32xx.a : PowerCC32XX.oem4 (.text:Power_init)
                  2000d5fc    00000084                      : PowerCC32XX.oem4 (.text:saveNVICRegs)
                  2000d680    00000080                      : GPIOCC32XX.oem4 (.text:GPIO_write)
                  2000d700    00000080                      : PowerCC32XX.oem4 (.text:Power_setDependency)
                  2000d780    00000080     ti_sysbios_config.obj (.text:ti_sysbios_family_arm_m3_Hwi_initNVIC)
                  2000d800    00000080     ti_sysbios_config.obj (.text:ti_sysbios_knl_Idle_init)
                  2000d880    0000007c     ti_sysbios_config.obj (.text:_pthread_removeThreadKeys)
                  2000d8fc    0000007c     ti_sysbios_config.obj (.text:ti_sysbios_knl_TaskSupport_buildTaskStack)
                  2000d978    0000007a     rtsv7M4_T_le_eabi.lib : memset_t2.asm.obj (.text)
                  2000d9f2    00000002     ti_drivers_config.obj (.text:Board_initHook)
                  2000d9f4    00000078     ti_sysbios_config.obj (.text:ti_sysbios_knl_Clock_workFunc)
                  2000da6c    00000078     ti_sysbios_config.obj (.text:ti_sysbios_knl_Task_postInit)
                  2000dae4    00000078     ti_sysbios_config.obj (.text:ti_sysbios_knl_Task_sleep)
                  2000db5c    00000074     drivers_cc32xx.a : GPIOCC32XX.oem4 (.text:powerNotifyFxn)
                  2000dbd0    00000074     ti_sysbios_config.obj (.text:ti_sysbios_heaps_HeapMem_allocUnprotected)
                  2000dc44    00000074     ti_sysbios_config.obj (.text:ti_sysbios_knl_Swi_restoreHwi)
                  2000dcb8    0000006c     ti_sysbios_config.obj (.text:ti_sysbios_knl_Swi_run)
                  2000dd24    00000068     rtsv7M4_T_le_eabi.lib : copy_decompress_lzss.c.obj (.text:decompress:lzss:__TI_decompress_lzss)
                  2000dd8c    00000068     ti_sysbios_config.obj (.text:ti_sysbios_knl_Task_startup)
                  2000ddf4    00000064     drivers_cc32xx.a : GPIOCC32XX.oem4 (.text:GPIO_setInterruptConfig)
                  2000de58    00000064                      : PowerCC32XX.oem4 (.text:PowerCC32XX_setParkState)
                  2000debc    00000064     ti_sysbios_config.obj (.text:ti_sysbios_knl_Clock_init)
                  2000df20    00000060     drivers_cc32xx.a : GPIOCC32XX.oem4 (.text:GPIO_hwiIntFxn)
                  2000df80    00000060                      : GPIOCC32XX.oem4 (.text:GPIO_toggle)
                  2000dfe0    00000060     driverlib.a : prcm.obj (.text:PRCMSysResetCauseGet)
                  2000e040    00000060     main_tirtos.obj (.text:main)
                  2000e0a0    00000060     ti_sysbios_config.obj (.text:ti_sysbios_knl_Swi_schedule)
                  2000e100    0000005c     ti_sysbios_config.obj (.text:ti_sysbios_family_arm_m3_Hwi_postInit)
                  2000e15c    0000005c     ti_sysbios_config.obj (.text:ti_sysbios_knl_Swi_Instance_init)
                  2000e1b8    0000005c     ti_sysbios_config.obj (.text:ti_sysbios_knl_Task_schedule)
                  2000e214    00000058     driverlib.a : prcm.obj (.text:PRCMPeripheralReset)
                  2000e26c    00000058     ti_sysbios_config.obj (.text:pthread_exit)
                  2000e2c4    00000058     ti_sysbios_config.obj (.text:ti_sysbios_family_arm_m3_Hwi_dispatchC)
                  2000e31c    00000058     ti_sysbios_config.obj (.text:ti_sysbios_family_arm_m3_Hwi_excHandlerMin)
                  2000e374    00000058     ti_sysbios_config.obj (.text:ti_sysbios_heaps_HeapMem_freeUnprotected)
                  2000e3cc    00000058     ti_sysbios_config.obj (.text:ti_sysbios_knl_Semaphore_post)
                  2000e424    00000058     ti_sysbios_config.obj (.text:ti_sysbios_knl_Swi_runLoop)
                  2000e47c    00000052     drivers_cc32xx.a : PowerCC32XX_asm.oem4 (.text:PowerCC32XX_resumeLPDS)
                  2000e4ce    00000002     rtsv7M4_T_le_eabi.lib : _lock.c.obj (.text:_nop)
                  2000e4d0    00000050     ti_sysbios_config.obj (.text:ti_sysbios_knl_Swi_post)
                  2000e520    0000004c     ti_sysbios_config.obj (.text:BIOS_init)
                  2000e56c    0000004c     drivers_cc32xx.a : PowerCC32XX.oem4 (.text:PowerCC32XX_parkPin)
                  2000e5b8    0000004c     rtsv7M4_T_le_eabi.lib : cpy_tbl.c.obj (.text:copy_in)
                  2000e604    0000004c     drivers_cc32xx.a : PowerCC32XX.oem4 (.text:restorePeriphClocks)
                  2000e650    0000004c     ti_sysbios_config.obj (.text:ti_sysbios_heaps_HeapMem_Instance_init)
                  2000e69c    00000048     driverlib.a : flash.obj (.text:FlashDisable)
                  2000e6e4    00000048     drivers_cc32xx.a : GPIOCC32XX.oem4 (.text:GPIO_disableInt)
                  2000e72c    00000048                      : GPIOCC32XX.oem4 (.text:GPIO_enableInt)
                  2000e774    00000048     driverlib.a : prcm.obj (.text:PRCMLPDSEnter)
                  2000e7bc    00000048                 : prcm.obj (.text:PRCMPeripheralClkEnable)
                  2000e804    00000048     ti_sysbios_config.obj (.text:ti_sysbios_family_arm_m3_Hwi_disableInterrupt)
                  2000e84c    00000048     sysbios.a : Hwi_asm_switch.obj (.text:ti_sysbios_family_arm_m3_Hwi_initStacks)
                  2000e894    00000048     ti_sysbios_config.obj (.text:ti_sysbios_heaps_HeapMem_alloc)
                  2000e8dc    00000044     ti_sysbios_config.obj (.text:BIOS_startFunc)
                  2000e920    00000044     driverlib.a : prcm.obj (.text:PRCMLPDSRestoreInfoSet)
                  2000e964    00000044     drivers_cc32xx.a : PowerCC32XX_asm.oem4 (.text:PowerCC32XX_enterLPDS)
                  2000e9a8    00000044     sysbios.a : boot.obj (.text)
                  2000e9ec    00000044     ti_sysbios_config.obj (.text:ti_sysbios_family_arm_m3_Hwi_enableInterrupt)
                  2000ea30    00000044     ti_sysbios_config.obj (.text:ti_sysbios_family_arm_m3_Hwi_getStackInfo)
                  2000ea74    00000044     ti_sysbios_config.obj (.text:ti_sysbios_family_arm_m3_Timer_Instance_finalize)
                  2000eab8    00000044     ti_sysbios_config.obj (.text:ti_sysbios_heaps_HeapMem_getStats)
                  2000eafc    00000040     ti_sysbios_config.obj (.text:HwiP_create)
                  2000eb3c    00000040     driverlib.a : pin.obj (.text:PinModeSet)
                  2000eb7c    00000040     ti_sysbios_config.obj (.text:ti_sysbios_family_arm_m3_Timer_start)
                  2000ebbc    00000040     ti_sysbios_config.obj (.text:ti_sysbios_knl_ClockSupport_init)
                  2000ebfc    00000040     ti_sysbios_config.obj (.text:ti_sysbios_knl_Task_blockI)
                  2000ec3c    0000003c     driverlib.a : prcm.obj (.text:PRCMSlowClkCtrFastGet)
                  2000ec78    0000003c     ti_sysbios_config.obj (.text:ti_sysbios_knl_Task_exit)
                  2000ecb4    0000003a     ti_sysbios_config.obj (.text:ti_sysbios_family_arm_m3_Hwi_create)
                  2000ecee    00000002     rtsv7M4_T_le_eabi.lib : div0.asm.obj (.text)
                  2000ecf0    00000038     driverlib.a : prcm.obj (.text:PRCMLPDSEnterKeepDebugIf)
                  2000ed28    00000038     drivers_cc32xx.a : PowerCC32XX.oem4 (.text:notify)
                  2000ed60    00000038     ti_sysbios_config.obj (.text:ti_sysbios_family_arm_m3_Hwi_init)
                  2000ed98    00000038     ti_sysbios_config.obj (.text:ti_sysbios_family_arm_m3_Timer_setPeriodMicroSecs)
                  2000edd0    00000038     ti_sysbios_config.obj (.text:ti_sysbios_heaps_HeapMem_construct)
                  2000ee08    00000038     ti_sysbios_config.obj (.text:ti_sysbios_knl_Swi_restore)
                  2000ee40    00000038     ti_sysbios_config.obj (.text:ti_sysbios_knl_Task_processVitalTaskFlag)
                  2000ee78    00000038     ti_sysbios_config.obj (.text:ti_sysbios_runtime_Memory_alloc)
                  2000eeb0    00000038     ti_sysbios_config.obj (.text:ti_sysbios_runtime_Startup_exec)
                  2000eee8    00000034     driverlib.a : pin.obj (.text:PinModeGet)
                  2000ef1c    00000034     ti_sysbios_config.obj (.text:ti_sysbios_family_arm_m3_Hwi_Instance_finalize)
                  2000ef50    00000034     ti_sysbios_config.obj (.text:ti_sysbios_family_arm_m3_Timer_setPeriod)
                  2000ef84    00000034     ti_sysbios_config.obj (.text:ti_sysbios_knl_Clock_tick)
                  2000efb8    00000034     ti_sysbios_config.obj (.text:ti_sysbios_knl_Clock_walkQueuePeriodic)
                  2000efec    00000034     ti_sysbios_config.obj (.text:ti_sysbios_knl_Task_create)
                  2000f020    00000034     ti_sysbios_config.obj (.text:ti_sysbios_knl_Task_unblockI)
                  2000f054    00000034     ti_sysbios_config.obj (.text:ti_sysbios_runtime_System_atexit)
                  2000f088    00000032     ti_sysbios_config.obj (.text:getCountsRTC)
                  2000f0ba    00000002     ti_sysbios_config.obj (.text:ti_sysbios_runtime_Startup_reset)
                  2000f0bc    00000030     ti_sysbios_config.obj (.text:BIOS_atExitFunc)
                  2000f0ec    00000030     drivers_cc32xx.a : PowerCC32XX.oem4 (.text:PowerCC32XX_restoreParkedPin)
                  2000f11c    00000030     ti_sysbios_config.obj (.text:sleep)
                  2000f14c    00000030     ti_sysbios_config.obj (.text:ti_sysbios_family_arm_m3_Timer_initDevice)
                  2000f17c    00000030     ti_sysbios_config.obj (.text:ti_sysbios_family_arm_m3_Timer_periodicStub)
                  2000f1ac    00000030     ti_sysbios_config.obj (.text:ti_sysbios_heaps_HeapMem_free)
                  2000f1dc    00000030     ti_sysbios_config.obj (.text:ti_sysbios_knl_TaskSupport_start)
                  2000f20c    00000030     ti_sysbios_config.obj (.text:ti_sysbios_knl_Task_restore)
                  2000f23c    0000002e     ti_sysbios_config.obj (.text:pthread_setcancelstate)
                  2000f26a    0000002e     ti_sysbios_config.obj (.text:ti_sysbios_family_arm_m3_Hwi_initStack)
                  2000f298    0000002c     driverlib.a : prcm.obj (.text:PRCMLPDSIntervalSet)
                  2000f2c4    0000002c     ti_sysbios_config.obj (.text:ti_sysbios_knl_Semaphore_pendTimeout)
                  2000f2f0    0000002c     ti_sysbios_config.obj (.text:ti_sysbios_runtime_System_processAtExit)
                  2000f31c    0000002a     ti_sysbios_config.obj (.text:ti_sysbios_gates_GateMutex_enter)
                  2000f346    00000002     ti_sysbios_config.obj (.text:ti_sysbios_runtime_System_exitSpin)
                  2000f348    00000028     ti_sysbios_config.obj (.text:BIOS_rtsLock)
                  2000f370    00000028     driverlib.a : prcm.obj (.text:PRCMLPDSWakeupSourceEnable)
                  2000f398    00000028                 : prcm.obj (.text:PRCMPeripheralClkDisable)
                  2000f3c0    00000028     drivers_cc32xx.a : PowerCC32XX.oem4 (.text:Power_registerNotify)
                  2000f3e8    00000028     ti_sysbios_config.obj (.text:SemaphoreP_createBinary)
                  2000f410    00000028     ti_sysbios_config.obj (.text:ti_sysbios_family_arm_m3_Hwi_construct)
                  2000f438    00000028     sysbios.a : Hwi_asm.obj (.text:ti_sysbios_family_arm_m3_Hwi_excHandlerAsm)
                  2000f460    00000028     ti_sysbios_config.obj (.text:ti_sysbios_family_arm_m3_Timer_construct)
                  2000f488    00000028     ti_sysbios_config.obj (.text:ti_sysbios_gates_GateMutex_Instance_init)
                  2000f4b0    00000028     ti_sysbios_config.obj (.text:ti_sysbios_knl_Semaphore_Instance_init)
                  2000f4d8    00000028     ti_sysbios_config.obj (.text:ti_sysbios_knl_Swi_init)
                  2000f500    00000028     ti_sysbios_config.obj (.text:ti_sysbios_knl_Task_init)
                  2000f528    00000028     ti_sysbios_config.obj (.text:ti_sysbios_knl_Task_restoreHwi)
                  2000f550    00000026     drivers_cc32xx.a : List.oem4 (.text:List_put)
                  2000f576    00000026     empty.obj (.text:mainThread)
                  2000f59c    00000024     ti_sysbios_config.obj (.text:BIOS_registerRTSLock)
                  2000f5c0    00000024     ti_sysbios_config.obj (.text:_pthread_cleanupFxn)
                  2000f5e4    00000024     ti_sysbios_config.obj (.text:_pthread_delete)
                  2000f608    00000024     ti_sysbios_config.obj (.text:pthread_attr_init)
                  2000f62c    00000024     ti_sysbios_config.obj (.text:ti_sysbios_family_arm_m3_Hwi_setPriority)
                  2000f650    00000024     ti_sysbios_config.obj (.text:ti_sysbios_family_arm_m3_Timer_postInit)
                  2000f674    00000024     ti_sysbios_config.obj (.text:ti_sysbios_family_arm_m3_Timer_startup)
                  2000f698    00000024     ti_sysbios_config.obj (.text:ti_sysbios_knl_Task_allBlockedFunction)
                  2000f6bc    00000024     ti_sysbios_config.obj (.text:ti_sysbios_knl_Task_destruct)
                  2000f6e0    00000024     ti_sysbios_config.obj (.text:ti_sysbios_knl_Task_enter)
                  2000f704    00000022     ti_sysbios_config.obj (.text:ti_sysbios_family_arm_m3_Timer_oneShotStub)
                  2000f726    00000002     --HOLE-- [fill = 0]
                  2000f728    00000020     ti_sysbios_config.obj (.text:BIOS_removeRTSLock)
                  2000f748    00000020     ti_sysbios_config.obj (.text:BIOS_rtsUnlock)
                  2000f768    00000020     ti_sysbios_config.obj (.text:ti_sysbios_family_arm_m3_Hwi_clearInterrupt)
                  2000f788    00000020     ti_sysbios_config.obj (.text:ti_sysbios_knl_Task_construct)
                  2000f7a8    00000020     ti_sysbios_config.obj (.text:ti_sysbios_runtime_Error_raiseX)
                  2000f7c8    0000001e     sysbios.a : Hwi_asm_switch.obj (.text:ti_sysbios_family_arm_m3_Hwi_switchAndRunFunc)
                  2000f7e6    0000001e     ti_sysbios_config.obj (.text:ti_sysbios_knl_Semaphore_create)
                  2000f804    0000001e     ti_sysbios_config.obj (.text:ti_sysbios_knl_Semaphore_destruct)
                  2000f822    00000002     --HOLE-- [fill = 0]
                  2000f824    0000001c     driverlib.a : pin.obj (.text:PinToPadGet)
                  2000f840    0000001c     ti_sysbios_config.obj (.text:ti_sysbios_knl_Queue_put)
                  2000f85c    0000001a     ti_sysbios_config.obj (.text:ti_sysbios_family_arm_m3_Hwi_delete)
                  2000f876    0000001a     sysbios.a : Hwi_asm.obj (.text:ti_sysbios_family_arm_m3_Hwi_pendSV)
                  2000f890    0000001a     ti_sysbios_config.obj (.text:ti_sysbios_knl_Semaphore_delete)
                  2000f8aa    0000001a     ti_sysbios_config.obj (.text:ti_sysbios_knl_Task_delete)
                  2000f8c4    0000001a     ti_sysbios_config.obj (.text:ti_sysbios_knl_Task_sleepTimeout)
                  2000f8de    00000002     --HOLE-- [fill = 0]
                  2000f8e0    00000018     drivers_cc32xx.a : PowerCC32XX.oem4 (.text:Power_getTransitionLatency)
                  2000f8f8    00000018                      : PowerCC32XX.oem4 (.text:Power_idleFunc)
                  2000f910    00000018     rtsv7M4_T_le_eabi.lib : args_main.c.obj (.text:_args_main)
                  2000f928    00000018                           : ll_mul_t2.asm.obj (.text)
                  2000f940    00000018     ti_sysbios_config.obj (.text:ti_sysbios_family_arm_m3_Hwi_plug)
                  2000f958    00000018     ti_sysbios_config.obj (.text:ti_sysbios_family_arm_m3_Hwi_switchFromBootStack)
                  2000f970    00000018     ti_sysbios_config.obj (.text:ti_sysbios_family_arm_m3_Timer_getFreq)
                  2000f988    00000018     ti_sysbios_config.obj (.text:ti_sysbios_family_arm_m3_Timer_stop)
                  2000f9a0    00000018     ti_sysbios_config.obj (.text:ti_sysbios_knl_Clock_startI)
                  2000f9b8    00000018     ti_sysbios_config.obj (.text:ti_sysbios_knl_Idle_run)
                  2000f9d0    00000018     ti_sysbios_config.obj (.text:ti_sysbios_knl_Swi_construct)
                  2000f9e8    00000018     ti_sysbios_config.obj (.text:ti_sysbios_knl_Task_unblock)
                  2000fa00    00000016     ti_sysbios_config.obj (.text:BIOS_exitFunc)
                  2000fa16    00000016     driverlib.a : prcm.obj (.text:PRCMHIBRegRead)
                  2000fa2c    00000016                 : prcm.obj (.text:PRCMHIBRegWrite)
                  2000fa42    00000002     --HOLE-- [fill = 0]
                  2000fa44    00000014     ti_sysbios_config.obj (.text:BIOS_setThreadType)
                  2000fa58    00000014     ti_drivers_config.obj (.text:Board_init)
                  2000fa6c    00000014     driverlib.a : cpu.obj (.text:CPUcpsid)
                  2000fa80    00000014                 : cpu.obj (.text:CPUcpsie)
                  2000fa94    00000014     drivers_cc32xx.a : PowerCC32XX.oem4 (.text:Power_getDependencyCount)
                  2000faa8    00000014     ti_sysbios_config.obj (.text:pthread_attr_setschedparam)
                  2000fabc    00000014     ti_sysbios_config.obj (.text:ti_sysbios_knl_Semaphore_construct)
                  2000fad0    00000014     ti_sysbios_config.obj (.text:ti_sysbios_knl_Swi_disable)
                  2000fae4    00000014     sysbios.a : TaskSupport_asm.obj (.text:ti_sysbios_knl_TaskSupport_swap)
                  2000faf8    00000014     ti_sysbios_config.obj (.text:ti_sysbios_knl_Task_disable)
                  2000fb0c    00000014     ti_sysbios_config.obj (.text:ti_sysbios_runtime_Error_init)
                  2000fb20    00000014     ti_sysbios_config.obj (.text:ti_sysbios_runtime_Memory_free)
                  2000fb34    00000014     ti_sysbios_config.obj (.text:ti_sysbios_runtime_System_init)
                  2000fb48    00000012     ti_sysbios_config.obj (.text:SemaphoreP_pend)
                  2000fb5a    00000012     ti_sysbios_config.obj (.text:_pthread_cleanup_pop)
                  2000fb6c    00000012     ti_sysbios_config.obj (.text:_pthread_runStub)
                  2000fb7e    00000002     --HOLE-- [fill = 0]
                  2000fb80    00000010     ti_sysbios_config.obj (.text:BIOS_exit)
                  2000fb90    00000010     ti_sysbios_config.obj (.text:BIOS_getCpuFreq)
                  2000fba0    00000010     ti_sysbios_config.obj (.text:BIOS_start)
                  2000fbb0    00000010     ti_sysbios_config.obj (.text:HwiP_Params_init)
                  2000fbc0    00000010     ti_sysbios_config.obj (.text:ti_sysbios_family_arm_m3_Hwi_excHandler)
                  2000fbd0    00000010     ti_sysbios_config.obj (.text:ti_sysbios_family_arm_m3_Hwi_getHandle)
                  2000fbe0    00000010     ti_sysbios_config.obj (.text:ti_sysbios_family_arm_m3_TimestampProvider_init)
                  2000fbf0    00000010     ti_sysbios_config.obj (.text:ti_sysbios_knl_Clock_enqueueI)
                  2000fc00    00000010     ti_sysbios_config.obj (.text:ti_sysbios_knl_Clock_tickReconfig)
                  2000fc10    00000010     ti_sysbios_config.obj (.text:ti_sysbios_knl_Swi_enabled)
                  2000fc20    00000010     sysbios.a : TaskSupport_asm.obj (.text:ti_sysbios_knl_TaskSupport_glue)
                  2000fc30    0000000e     rtsv7M4_T_le_eabi.lib : copy_decompress_none.c.obj (.text:decompress:none:__TI_decompress_none)
                  2000fc3e    0000000e     ti_sysbios_config.obj (.text:pthread_attr_setdetachstate)
                  2000fc4c    0000000e     ti_sysbios_config.obj (.text:ti_sysbios_gates_GateMutex_leave)
                  2000fc5a    0000000e     ti_sysbios_config.obj (.text:ti_sysbios_heaps_HeapMem_restore)
                  2000fc68    0000000e     ti_sysbios_config.obj (.text:ti_sysbios_knl_Clock_initI)
                  2000fc76    0000000e     ti_sysbios_config.obj (.text:ti_sysbios_knl_Queue_empty)
                  2000fc84    0000000e     ti_sysbios_config.obj (.text:ti_sysbios_knl_Queue_remove)
                  2000fc92    00000002     --HOLE-- [fill = 0]
                  2000fc94    0000000c     ti_sysbios_config.obj (.text:BIOS_getThreadType)
                  2000fca0    0000000c     ti_sysbios_config.obj (.text:BIOS_linkedWithIncorrectBootLibrary)
                  2000fcac    0000000c     driverlib.a : cpu.obj (.text:CPUwfi)
                  2000fcb8    0000000c     ti_sysbios_config.obj (.text:HwiP_disable)
                  2000fcc4    0000000c     ti_sysbios_config.obj (.text:PowerCC32XX_initPolicy)
                  2000fcd0    0000000c     drivers_cc32xx.a : PowerCC32XX.oem4 (.text:Power_getConstraintMask)
                  2000fcdc    0000000c     ti_sysbios_config.obj (.text:SemaphoreP_delete)
                  2000fce8    0000000c     rtsv7M4_T_le_eabi.lib : _lock.c.obj (.text:_register_lock)
                  2000fcf4    0000000c                           : _lock.c.obj (.text:_register_unlock)
                  2000fd00    0000000c                           : copy_zero_init.c.obj (.text:decompress:ZI:__TI_zero_init)
                  2000fd0c    0000000c     ti_sysbios_config.obj (.text:ti_sysbios_heaps_HeapMem_init)
                  2000fd18    0000000c     ti_sysbios_config.obj (.text:ti_sysbios_knl_ClockSupport_start)
                  2000fd24    0000000c     ti_sysbios_config.obj (.text:ti_sysbios_knl_ClockSupport_stop)
                  2000fd30    0000000c     ti_sysbios_config.obj (.text:ti_sysbios_knl_Clock_getTicks)
                  2000fd3c    0000000c     ti_sysbios_config.obj (.text:ti_sysbios_knl_Clock_setTicks)
                  2000fd48    0000000c     ti_sysbios_config.obj (.text:ti_sysbios_knl_Queue_dequeue)
                  2000fd54    0000000c     ti_sysbios_config.obj (.text:ti_sysbios_knl_Queue_enqueue)
                  2000fd60    0000000c     ti_sysbios_config.obj (.text:ti_sysbios_knl_Queue_insert)
                  2000fd6c    0000000c     ti_sysbios_config.obj (.text:ti_sysbios_knl_Swi_self)
                  2000fd78    0000000c     ti_sysbios_config.obj (.text:ti_sysbios_knl_Task_self)
                  2000fd84    0000000c     ti_sysbios_config.obj (.text:ti_sysbios_runtime_System_exit)
                  2000fd90    0000000a     ti_sysbios_config.obj (.text:pthread_self)
                  2000fd9a    00000008     driverlib.a : prcm.obj (.text:PRCMSleepEnter)
                  2000fda2    00000008     ti_sysbios_config.obj (.text:pthread_attr_setstacksize)
                  2000fdaa    00000008     ti_sysbios_config.obj (.text:ti_sysbios_family_arm_m3_Hwi_doSwiRestore)
                  2000fdb2    00000008     ti_sysbios_config.obj (.text:ti_sysbios_family_arm_m3_Hwi_startup)
                  2000fdba    00000008     ti_sysbios_config.obj (.text:ti_sysbios_knl_Idle_loop)
                  2000fdc2    00000006     driverlib.a : utils.obj (.text:UtilsDelay)
                  2000fdc8    00000006     ti_sysbios_config.obj (.text:ti_sysbios_family_arm_m3_Hwi_destruct)
                  2000fdce    00000006     ti_sysbios_config.obj (.text:ti_sysbios_family_arm_m3_Hwi_doTaskRestore)
                  2000fdd4    00000006     ti_sysbios_config.obj (.text:ti_sysbios_family_arm_m3_Hwi_restore)
                  2000fdda    00000006     ti_sysbios_config.obj (.text:ti_sysbios_knl_Clock_stop)
                  2000fde0    00000006     ti_sysbios_config.obj (.text:ti_sysbios_knl_Queue_elemClear)
                  2000fde6    00000006     ti_sysbios_config.obj (.text:ti_sysbios_knl_Semaphore_Instance_finalize)
                  2000fdec    00000006     ti_sysbios_config.obj (.text:ti_sysbios_knl_Swi_startup)
                  2000fdf2    00000004     ti_sysbios_config.obj (.text:SemaphoreP_post)
                  2000fdf6    00000004     ti_sysbios_config.obj (.text:ti_sysbios_heaps_HeapMem_isBlocking)
                  2000fdfa    00000004     ti_sysbios_config.obj (.text:ti_sysbios_knl_ClockSupport_getMaxTicks)

.bss       0    20010d30    00000878     UNINITIALIZED
                  20010d30    0000030c     (.common:ti_sysbios_family_arm_m3_Hwi_dispatchTable)
                  2001103c    00000004     drivers_cc32xx.a : GPIOCC32XX.oem4 (.bss)
                  20011040    00000200     (.common:ti_sysbios_knl_Idle_taskStack)
                  20011240    0000012c     (.common:PowerCC32XX_contextSave)
                  2001136c    00000084     (.common:gpioCallbackFunctions)
                  200113f0    00000084     (.common:gpioUserArgs)
                  20011474    00000080     (.common:ti_sysbios_knl_Swi_readyQs)
                  200114f4    00000080     (.common:ti_sysbios_knl_Task_readyQs)
                  20011574    00000020     (.common:ti_sysbios_runtime_System_atexitHandlers)
                  20011594    00000014                      : GPIOCC32XX.oem4 (.bss:powerNotifyObj)

.const     0    2000fe00    00000f2c     
                  2000fe00    00000cdc     ti_sysbios_config.obj (.const:$O2$$)
                  20010adc    00000100     driverlib.a : pin.obj (.const:g_ulPinToPadMap)
                  20010bdc    000000a8                 : prcm.obj (.const:PRCM_PeriphRegsList)
                  20010c84    00000044     ti_drivers_config.obj (.const:PowerCC32XX_config)
                  20010cc8    00000028     drivers_cc32xx.a : GPIOCC32XX.oem4 (.const:portConfigs)
                  20010cf0    00000021                      : GPIOCC32XX.oem4 (.const:.string:pinTable)
                  20010d11    00000003     ti_drivers_config.obj (.const)
                  20010d14    00000010     ti_drivers_config.obj (.const:GPIO_config)
                  20010d24    00000008     ti_sysbios_config.obj (.const:ti_sysbios_knl_Idle_funcList)

.data      0    200115a8    00000657     UNINITIALIZED
                  200115a8    00000360     ti_sysbios_config.obj (.data:$O1$$)
                  20011908    0000016c     drivers_cc32xx.a : PowerCC32XX.oem4 (.data:PowerCC32XX_module)
                  20011a74    000000f8     ti_drivers_config.obj (.data:parkInfo)
                  20011b6c    00000084     ti_drivers_config.obj (.data:gpioPinConfigs)
                  20011bf0    00000008     rtsv7M4_T_le_eabi.lib : _lock.c.obj (.data:$O1$$)
                  20011bf8    00000004                           : stkdepth_vars.c.obj (.data)
                  20011bfc    00000002     drivers_cc32xx.a : GPIOCC32XX.oem4 (.data)
                  20011bfe    00000001     ti_sysbios_config.obj (.data)

.vecs      0    20000000    0000030c     UNINITIALIZED
                  20000000    0000030c     ti_sysbios_config.obj (.vecs)

.stack     0    20003c00    00000400     UNINITIALIZED
                  20003c00    00000400     --HOLE--

.cinit     0    20011c00    00000180     
                  20011c00    0000014c     (.cinit..data.load) [load image, compression = lzss]
                  20011d4c    0000000c     (__TI_handler_table)
                  20011d58    00000008     (.cinit..bss.load) [load image, compression = zero_init]
                  20011d60    00000008     (.cinit..vecs.load) [load image, compression = zero_init]
                  20011d68    00000018     (__TI_cinit_table)

.init_array 
*          0    20004000    00000000     UNINITIALIZED

.priheap   0    20004040    00008000     UNINITIALIZED
                  20004040    00008000     --HOLE--

.log_data 
*          0    90000000    00000000     COPY SECTION

__llvm_prf_cnts 
*          0    20004000    00000000     UNINITIALIZED

MODULE SUMMARY

       Module                       code    ro data   rw data
       ------                       ----    -------   -------
    .\
       main_tirtos.obj              96      0         0      
       empty.obj                    38      0         0      
    +--+----------------------------+-------+---------+---------+
       Total:                       134     0         0      
                                                             
    .\syscfg\
       ti_sysbios_config.obj        8758    3360      3225   
       ti_drivers_config.obj        22      87        644    
    +--+----------------------------+-------+---------+---------+
       Total:                       8780    3447      3869   
                                                             
    C:/ti/simplelink_cc32xx_sdk_6_10_00_05/kernel/tirtos7/packages/ti/sysbios/lib/ccs/m4/sysbios.a
       Hwi_asm.obj                  274     0         0      
       auto_init.obj                160     0         0      
       Hwi_asm_switch.obj           102     0         0      
       boot.obj                     68      0         0      
       TaskSupport_asm.obj          36      0         0      
    +--+----------------------------+-------+---------+---------+
       Total:                       640     0         0      
                                                             
    C:/ti/simplelink_cc32xx_sdk_6_10_00_05/source/ti/devices/cc32xx/driverlib/ccs/Release/driverlib.a
       prcm.obj                     1756    168       0      
       pin.obj                      280     256       0      
       flash.obj                    72      0         0      
       cpu.obj                      52      0         0      
       utils.obj                    6       0         0      
    +--+----------------------------+-------+---------+---------+
       Total:                       2166    424       0      
                                                             
    C:/ti/simplelink_cc32xx_sdk_6_10_00_05/source/ti/drivers/lib/ccs/m4/drivers_cc32xx.a
       PowerCC32XX.oem4             2012    0         664    
       GPIOCC32XX.oem4              1164    73        26     
       PowerCC32XX_asm.oem4         150     0         0      
       List.oem4                    38      0         0      
    +--+----------------------------+-------+---------+---------+
       Total:                       3364    73        690    
                                                             
    C:\ti\ccs1210\ccs\tools\compiler\ti-cgt-arm_20.2.7.LTS\lib\rtsv7M4_T_le_eabi.lib
       memcpy_t2.asm.obj            156     0         0      
       ull_div_t2.asm.obj           150     0         0      
       memset_t2.asm.obj            122     0         0      
       copy_decompress_lzss.c.obj   104     0         0      
       cpy_tbl.c.obj                76      0         0      
       _lock.c.obj                  26      0         8      
       args_main.c.obj              24      0         0      
       ll_mul_t2.asm.obj            24      0         0      
       copy_decompress_none.c.obj   14      0         0      
       copy_zero_init.c.obj         12      0         0      
       stkdepth_vars.c.obj          0       0         4      
       div0.asm.obj                 2       0         0      
    +--+----------------------------+-------+---------+---------+
       Total:                       710     0         12     
                                                             
       Stack:                       0       0         1024   
       Linker Generated:            0       384       0      
    +--+----------------------------+-------+---------+---------+
       Grand Total:                 15794   4328      5595   


LINKER GENERATED COPY TABLES

__TI_cinit_table @ 20011d68 records: 3, size/record: 8, table size: 24
	.data: load addr=20011c00, load size=0000014c bytes, run addr=200115a8, run size=00000657 bytes, compression=lzss
	.bss: load addr=20011d58, load size=00000008 bytes, run addr=20010d30, run size=00000878 bytes, compression=zero_init
	.vecs: load addr=20011d60, load size=00000008 bytes, run addr=20000000, run size=0000030c bytes, compression=zero_init


LINKER GENERATED HANDLER TABLE

__TI_handler_table @ 20011d4c records: 3, size/record: 4, table size: 12
	index: 0, handler: __TI_zero_init
	index: 1, handler: __TI_decompress_lzss
	index: 2, handler: __TI_decompress_none


GLOBAL SYMBOLS: SORTED ALPHABETICALLY BY Name 

address   name                                                            
-------   ----                                                            
20011770  BIOS_Module_state                                               
2000f0bd  BIOS_atExitFunc                                                 
2000fb81  BIOS_exit                                                       
2000fa01  BIOS_exitFunc                                                   
2000fb91  BIOS_getCpuFreq                                                 
2000fc95  BIOS_getThreadType                                              
20011744  BIOS_heapMemObject                                              
2000e521  BIOS_init                                                       
2000fca1  BIOS_linkedWithIncorrectBootLibrary                             
2000d347  BIOS_nullFunc                                                   
2000f59d  BIOS_registerRTSLock                                            
2000f729  BIOS_removeRTSLock                                              
200116cc  BIOS_rtsGate                                                    
2000f349  BIOS_rtsLock                                                    
2000f749  BIOS_rtsUnlock                                                  
2000fa45  BIOS_setThreadType                                              
2000fba1  BIOS_start                                                      
2000e8dd  BIOS_startFunc                                                  
2000fa59  Board_init                                                      
2000d9f3  Board_initHook                                                  
20010d13  CONFIG_GPIO_LED_0_CONST                                         
2000fa6d  CPUcpsid                                                        
2000fa81  CPUcpsie                                                        
2000fcad  CPUwfi                                                          
2000fd31  ClockP_getSystemTicks                                           
2000e69d  FlashDisable                                                    
20010d14  GPIO_config                                                     
2000e6e5  GPIO_disableInt                                                 
2000e72d  GPIO_enableInt                                                  
2000df21  GPIO_hwiIntFxn                                                  
2000d349  GPIO_init                                                       
20010d11  GPIO_pinLowerBound                                              
20010d12  GPIO_pinUpperBound                                              
2000c46d  GPIO_setConfig                                                  
2000ddf5  GPIO_setInterruptConfig                                         
2000df81  GPIO_toggle                                                     
2000d681  GPIO_write                                                      
00008000  HEAPSIZE                                                        
2000fbb1  HwiP_Params_init                                                
2000eafd  HwiP_create                                                     
2000fcb9  HwiP_disable                                                    
2000fdd5  HwiP_restore                                                    
UNDEFED   ITM_flush                                                       
UNDEFED   ITM_restore                                                     
2000f551  List_put                                                        
2000c041  PRCMCC3200MCUInit                                               
2000fa17  PRCMHIBRegRead                                                  
2000fa2d  PRCMHIBRegWrite                                                 
2000e775  PRCMLPDSEnter                                                   
2000ecf1  PRCMLPDSEnterKeepDebugIf                                        
2000f299  PRCMLPDSIntervalSet                                             
2000e921  PRCMLPDSRestoreInfoSet                                          
2000f371  PRCMLPDSWakeupSourceEnable                                      
2000f399  PRCMPeripheralClkDisable                                        
2000e7bd  PRCMPeripheralClkEnable                                         
2000e215  PRCMPeripheralReset                                             
2000fd9b  PRCMSleepEnter                                                  
2000ec3d  PRCMSlowClkCtrFastGet                                           
2000dfe1  PRCMSysResetCauseGet                                            
2000d469  PinConfigSet                                                    
2000eee9  PinModeGet                                                      
2000eb3d  PinModeSet                                                      
2000f825  PinToPadGet                                                     
20010c84  PowerCC32XX_config                                              
2000d031  PowerCC32XX_configureWakeup                                     
20011240  PowerCC32XX_contextSave                                         
2000e965  PowerCC32XX_enterLPDS                                           
2000fcc5  PowerCC32XX_initPolicy                                          
20011908  PowerCC32XX_module                                              
2000e56d  PowerCC32XX_parkPin                                             
2000f0ed  PowerCC32XX_restoreParkedPin                                    
2000e47d  PowerCC32XX_resumeLPDS                                          
2000de59  PowerCC32XX_setParkState                                        
2000c96d  PowerCC32XX_sleepPolicy                                         
2000fcd1  Power_getConstraintMask                                         
2000fa95  Power_getDependencyCount                                        
2000f8e1  Power_getTransitionLatency                                      
2000f8f9  Power_idleFunc                                                  
2000d579  Power_init                                                      
2000f3c1  Power_registerNotify                                            
2000d701  Power_setDependency                                             
2000c709  Power_sleep                                                     
UNDEFED   SHT$$INIT_ARRAY$$Base                                           
UNDEFED   SHT$$INIT_ARRAY$$Limit                                          
2000f3e9  SemaphoreP_createBinary                                         
2000fcdd  SemaphoreP_delete                                               
2000fb49  SemaphoreP_pend                                                 
2000fdf3  SemaphoreP_post                                                 
2000ee09  SwiP_restore                                                    
2000fdc3  UtilsDelay                                                      
20004000  __STACK_END                                                     
00000400  __STACK_SIZE                                                    
20011d68  __TI_CINIT_Base                                                 
20011d80  __TI_CINIT_Limit                                                
20011d4c  __TI_Handler_Table_Base                                         
20011d58  __TI_Handler_Table_Limit                                        
2000d0d9  __TI_auto_init                                                  
2000dd25  __TI_decompress_lzss                                            
2000fc31  __TI_decompress_none                                            
ffffffff  __TI_pprof_out_hndl                                             
ffffffff  __TI_prof_data_size                                             
ffffffff  __TI_prof_data_start                                            
20011c00  __TI_static_base__                                              
2000fd01  __TI_zero_init                                                  
2000ecef  __aeabi_idiv0                                                   
2000ecef  __aeabi_ldiv0                                                   
2000f929  __aeabi_lmul                                                    
2000d979  __aeabi_memclr                                                  
2000d979  __aeabi_memclr4                                                 
2000d979  __aeabi_memclr8                                                 
2000d179  __aeabi_memcpy                                                  
2000d179  __aeabi_memcpy4                                                 
2000d179  __aeabi_memcpy8                                                 
2000d97b  __aeabi_memset                                                  
2000d97b  __aeabi_memset4                                                 
2000d97b  __aeabi_memset8                                                 
2000d2b1  __aeabi_uldivmod                                                
ffffffff  __binit__                                                       
ffffffff  __c_args__                                                      
2000c040  __primary_heap_end__                                            
20004040  __primary_heap_start__                                          
20003c00  __stack                                                         
20004000  __start___llvm_prf_cnts                                         
20004000  __stop___llvm_prf_cnts                                          
2000f911  _args_main                                                      
2000e9a9  _c_int00                                                        
20011bf0  _lock                                                           
2000e4cf  _nop                                                            
2000f5c1  _pthread_cleanupFxn                                             
2000fb5b  _pthread_cleanup_pop                                            
2000d881  _pthread_removeThreadKeys                                       
2000fce9  _register_lock                                                  
2000fcf5  _register_unlock                                                
2000eeb1  _system_post_cinit                                              
2000f0bb  _system_pre_init                                                
20011bf4  _unlock                                                         
ffffffff  binit                                                           
2000e5b9  copy_in                                                         
2001136c  gpioCallbackFunctions                                           
20011b6c  gpioPinConfigs                                                  
200113f0  gpioUserArgs                                                    
2000eeb1  iar_startup_exec                                                
2000f0bb  iar_startup_reset                                               
2000e041  main                                                            
2000f577  mainThread                                                      
20011bf8  main_func_sp                                                    
2000d179  memcpy                                                          
2000d981  memset                                                          
20011a74  parkInfo                                                        
2000f609  pthread_attr_init                                               
2000fc3f  pthread_attr_setdetachstate                                     
2000faa9  pthread_attr_setschedparam                                      
2000fda3  pthread_attr_setstacksize                                       
2000ca7d  pthread_create                                                  
2000e26d  pthread_exit                                                    
2000fd91  pthread_self                                                    
2000f23d  pthread_setcancelstate                                          
2000f11d  sleep                                                           
2000ef1d  ti_sysbios_family_arm_m3_Hwi_Instance_finalize                  
2000d4f1  ti_sysbios_family_arm_m3_Hwi_Instance_init                      
200117d0  ti_sysbios_family_arm_m3_Hwi_Module_state                       
2000f769  ti_sysbios_family_arm_m3_Hwi_clearInterrupt                     
2000f411  ti_sysbios_family_arm_m3_Hwi_construct                          
2000ecb5  ti_sysbios_family_arm_m3_Hwi_create                             
2000f85d  ti_sysbios_family_arm_m3_Hwi_delete                             
2000fdc9  ti_sysbios_family_arm_m3_Hwi_destruct                           
2000e805  ti_sysbios_family_arm_m3_Hwi_disableInterrupt                   
2000cc6d  ti_sysbios_family_arm_m3_Hwi_dispatch                           
2000e2c5  ti_sysbios_family_arm_m3_Hwi_dispatchC                          
20010d30  ti_sysbios_family_arm_m3_Hwi_dispatchTable                      
2000fdab  ti_sysbios_family_arm_m3_Hwi_doSwiRestore                       
2000fdcf  ti_sysbios_family_arm_m3_Hwi_doTaskRestore                      
2000e9ed  ti_sysbios_family_arm_m3_Hwi_enableInterrupt                    
2000cb75  ti_sysbios_family_arm_m3_Hwi_excFillContext                     
2000fbc1  ti_sysbios_family_arm_m3_Hwi_excHandler                         
2000f439  ti_sysbios_family_arm_m3_Hwi_excHandlerAsm                      
2000e31d  ti_sysbios_family_arm_m3_Hwi_excHandlerMin                      
2000fbd1  ti_sysbios_family_arm_m3_Hwi_getHandle                          
2000ea31  ti_sysbios_family_arm_m3_Hwi_getStackInfo                       
2000ed61  ti_sysbios_family_arm_m3_Hwi_init                               
2000d781  ti_sysbios_family_arm_m3_Hwi_initNVIC                           
2000f26b  ti_sysbios_family_arm_m3_Hwi_initStack                          
2000e84d  ti_sysbios_family_arm_m3_Hwi_initStacks                         
2000cd21  ti_sysbios_family_arm_m3_Hwi_interruptsAreDisabledButShouldNotBe
2000f877  ti_sysbios_family_arm_m3_Hwi_pendSV                             
2000f941  ti_sysbios_family_arm_m3_Hwi_plug                               
2000e101  ti_sysbios_family_arm_m3_Hwi_postInit                           
20000000  ti_sysbios_family_arm_m3_Hwi_ramVectors                         
20004000  ti_sysbios_family_arm_m3_Hwi_resetVectors                       
2000f88f  ti_sysbios_family_arm_m3_Hwi_return                             
2000f62d  ti_sysbios_family_arm_m3_Hwi_setPriority                        
2000fdb3  ti_sysbios_family_arm_m3_Hwi_startup                            
2000fad1  ti_sysbios_family_arm_m3_Hwi_swiDisable                         
2000ee09  ti_sysbios_family_arm_m3_Hwi_swiRestore                         
2000dc45  ti_sysbios_family_arm_m3_Hwi_swiRestoreHwi                      
2000f7c9  ti_sysbios_family_arm_m3_Hwi_switchAndRunFunc                   
2000f959  ti_sysbios_family_arm_m3_Hwi_switchFromBootStack                
2000faf9  ti_sysbios_family_arm_m3_Hwi_taskDisable                        
2000f529  ti_sysbios_family_arm_m3_Hwi_taskRestoreHwi                     
2000ea75  ti_sysbios_family_arm_m3_Timer_Instance_finalize                
2000c841  ti_sysbios_family_arm_m3_Timer_Instance_init                    
20011650  ti_sysbios_family_arm_m3_Timer_Module_state                     
2000f461  ti_sysbios_family_arm_m3_Timer_construct                        
2000f971  ti_sysbios_family_arm_m3_Timer_getFreq                          
2000f14d  ti_sysbios_family_arm_m3_Timer_initDevice                       
2000f705  ti_sysbios_family_arm_m3_Timer_oneShotStub                      
2000f17d  ti_sysbios_family_arm_m3_Timer_periodicStub                     
2000f651  ti_sysbios_family_arm_m3_Timer_postInit                         
2000ef51  ti_sysbios_family_arm_m3_Timer_setPeriod                        
2000ed99  ti_sysbios_family_arm_m3_Timer_setPeriodMicroSecs               
2000eb7d  ti_sysbios_family_arm_m3_Timer_start                            
2000f675  ti_sysbios_family_arm_m3_Timer_startup                          
2000fe00  ti_sysbios_family_arm_m3_Timer_startupNeeded                    
2000f989  ti_sysbios_family_arm_m3_Timer_stop                             
200115c0  ti_sysbios_family_arm_m3_TimestampProvider_Module_state         
2000fb91  ti_sysbios_family_arm_m3_TimestampProvider_getFreq              
2000fbe1  ti_sysbios_family_arm_m3_TimestampProvider_init                 
2000f489  ti_sysbios_gates_GateMutex_Instance_init                        
200115cc  ti_sysbios_gates_GateMutex_Module_state                         
2000f31d  ti_sysbios_gates_GateMutex_enter                                
2000fc4d  ti_sysbios_gates_GateMutex_leave                                
2001163c  ti_sysbios_hal_Seconds_Module_state                             
2000e651  ti_sysbios_heaps_HeapMem_Instance_init                          
200115d4  ti_sysbios_heaps_HeapMem_Module_state                           
2000e895  ti_sysbios_heaps_HeapMem_alloc                                  
2000dbd1  ti_sysbios_heaps_HeapMem_allocUnprotected                       
2000edd1  ti_sysbios_heaps_HeapMem_construct                              
2000f1ad  ti_sysbios_heaps_HeapMem_free                                   
2000e375  ti_sysbios_heaps_HeapMem_freeUnprotected                        
200116f4  ti_sysbios_heaps_HeapMem_gate                                   
2000eab9  ti_sysbios_heaps_HeapMem_getStats                               
2000fd0d  ti_sysbios_heaps_HeapMem_init                                   
2000fdf7  ti_sysbios_heaps_HeapMem_isBlocking                             
2000fc5b  ti_sysbios_heaps_HeapMem_restore                                
2000fdfb  ti_sysbios_knl_ClockSupport_getMaxTicks                         
2000ebbd  ti_sysbios_knl_ClockSupport_init                                
2000fd19  ti_sysbios_knl_ClockSupport_start                               
2000fd25  ti_sysbios_knl_ClockSupport_stop                                
2001179c  ti_sysbios_knl_ClockSupport_timerStruct                         
200118a0  ti_sysbios_knl_Clock_Module_state                               
2000fbf1  ti_sysbios_knl_Clock_enqueueI                                   
2000fd31  ti_sysbios_knl_Clock_getTicks                                   
2000efb9  ti_sysbios_knl_Clock_getTicksUntilTimeout                       
2000debd  ti_sysbios_knl_Clock_init                                       
2000fc69  ti_sysbios_knl_Clock_initI                                      
2000fd3d  ti_sysbios_knl_Clock_setTicks                                   
2000f9a1  ti_sysbios_knl_Clock_startI                                     
2000fddb  ti_sysbios_knl_Clock_stop                                       
2000ef85  ti_sysbios_knl_Clock_tick                                       
2000fc01  ti_sysbios_knl_Clock_tickReconfig                               
2000efb9  ti_sysbios_knl_Clock_walkQueuePeriodic                          
2000d9f5  ti_sysbios_knl_Clock_workFunc                                   
200115dc  ti_sysbios_knl_Event_state                                      
20010d24  ti_sysbios_knl_Idle_funcList                                    
2000d801  ti_sysbios_knl_Idle_init                                        
200115aa  ti_sysbios_knl_Idle_initDone                                    
2000fdbb  ti_sysbios_knl_Idle_loop                                        
2000f9b9  ti_sysbios_knl_Idle_run                                         
20011040  ti_sysbios_knl_Idle_taskStack                                   
20011848  ti_sysbios_knl_Idle_taskStruct                                  
200115e4  ti_sysbios_knl_Mailbox_Module_state                             
2000fd49  ti_sysbios_knl_Queue_dequeue                                    
2000fde1  ti_sysbios_knl_Queue_destruct                                   
2000fde1  ti_sysbios_knl_Queue_elemClear                                  
2000fc77  ti_sysbios_knl_Queue_empty                                      
2000fd55  ti_sysbios_knl_Queue_enqueue                                    
2000fd61  ti_sysbios_knl_Queue_insert                                     
2000f841  ti_sysbios_knl_Queue_put                                        
2000fc85  ti_sysbios_knl_Queue_remove                                     
2000fde7  ti_sysbios_knl_Semaphore_Instance_finalize                      
2000f4b1  ti_sysbios_knl_Semaphore_Instance_init                          
200115ec  ti_sysbios_knl_Semaphore_Module_state                           
2000fabd  ti_sysbios_knl_Semaphore_construct                              
2000f7e7  ti_sysbios_knl_Semaphore_create                                 
2000f891  ti_sysbios_knl_Semaphore_delete                                 
2000f805  ti_sysbios_knl_Semaphore_destruct                               
2000cd3d  ti_sysbios_knl_Semaphore_pend                                   
2000f2c5  ti_sysbios_knl_Semaphore_pendTimeout                            
2000e3cd  ti_sysbios_knl_Semaphore_post                                   
2000e15d  ti_sysbios_knl_Swi_Instance_init                                
2001171c  ti_sysbios_knl_Swi_Module_state                                 
2000f9d1  ti_sysbios_knl_Swi_construct                                    
2000fad1  ti_sysbios_knl_Swi_disable                                      
2000fc11  ti_sysbios_knl_Swi_enabled                                      
2000f4d9  ti_sysbios_knl_Swi_init                                         
2000e4d1  ti_sysbios_knl_Swi_post                                         
20011474  ti_sysbios_knl_Swi_readyQs                                      
2000ee09  ti_sysbios_knl_Swi_restore                                      
2000dc45  ti_sysbios_knl_Swi_restoreHwi                                   
2000dcb9  ti_sysbios_knl_Swi_run                                          
2000e425  ti_sysbios_knl_Swi_runLoop                                      
2000e0a1  ti_sysbios_knl_Swi_schedule                                     
2000fd6d  ti_sysbios_knl_Swi_self                                         
2000fded  ti_sysbios_knl_Swi_startup                                      
2000d8fd  ti_sysbios_knl_TaskSupport_buildTaskStack                       
2000fc21  ti_sysbios_knl_TaskSupport_glue                                 
2000f1dd  ti_sysbios_knl_TaskSupport_start                                
2000fae5  ti_sysbios_knl_TaskSupport_swap                                 
2000faf1  ti_sysbios_knl_TaskSupport_swapReturn                           
2000d215  ti_sysbios_knl_Task_Instance_finalize                           
2000cec1  ti_sysbios_knl_Task_Instance_init                               
2001180c  ti_sysbios_knl_Task_Module_state                                
2000f699  ti_sysbios_knl_Task_allBlockedFunction                          
2000ebfd  ti_sysbios_knl_Task_blockI                                      
2000f789  ti_sysbios_knl_Task_construct                                   
2000efed  ti_sysbios_knl_Task_create                                      
200115c4  ti_sysbios_knl_Task_defaultStackHeap                            
2000f8ab  ti_sysbios_knl_Task_delete                                      
2000f6bd  ti_sysbios_knl_Task_destruct                                    
2000faf9  ti_sysbios_knl_Task_disable                                     
2000f6e1  ti_sysbios_knl_Task_enter                                       
2000ec79  ti_sysbios_knl_Task_exit                                        
2000f501  ti_sysbios_knl_Task_init                                        
2000da6d  ti_sysbios_knl_Task_postInit                                    
2000ee41  ti_sysbios_knl_Task_processVitalTaskFlag                        
200114f4  ti_sysbios_knl_Task_readyQs                                     
2000f20d  ti_sysbios_knl_Task_restore                                     
2000f529  ti_sysbios_knl_Task_restoreHwi                                  
2000e1b9  ti_sysbios_knl_Task_schedule                                    
2000fd79  ti_sysbios_knl_Task_self                                        
2000cf81  ti_sysbios_knl_Task_setPri                                      
2000dae5  ti_sysbios_knl_Task_sleep                                       
2000f8c5  ti_sysbios_knl_Task_sleepTimeout                                
2000dd8d  ti_sysbios_knl_Task_startup                                     
2000f9e9  ti_sysbios_knl_Task_unblock                                     
2000f021  ti_sysbios_knl_Task_unblockI                                    
20011600  ti_sysbios_runtime_Error_ignore                                 
2000fb0d  ti_sysbios_runtime_Error_init                                   
2000f7a9  ti_sysbios_runtime_Error_raiseX                                 
2000ee79  ti_sysbios_runtime_Memory_alloc                                 
200115c8  ti_sysbios_runtime_Memory_defaultHeapInstance                   
2000fb21  ti_sysbios_runtime_Memory_free                                  
20011bfe  ti_sysbios_runtime_Startup_done                                 
2000eeb1  ti_sysbios_runtime_Startup_exec                                 
2000f0bb  ti_sysbios_runtime_Startup_reset                                
2001160c  ti_sysbios_runtime_System_Module_state                          
2000f055  ti_sysbios_runtime_System_atexit                                
20011574  ti_sysbios_runtime_System_atexitHandlers                        
2000fd85  ti_sysbios_runtime_System_exit                                  
2000f347  ti_sysbios_runtime_System_exitSpin                              
2000fb35  ti_sysbios_runtime_System_init                                  
2000f2f1  ti_sysbios_runtime_System_processAtExit                         
2000fb91  ti_sysbios_runtime_Timestamp_getFreq                            
2000fbe1  ti_sysbios_runtime_Timestamp_init                               


GLOBAL SYMBOLS: SORTED BY Symbol Address 

address   name                                                            
-------   ----                                                            
00000400  __STACK_SIZE                                                    
00008000  HEAPSIZE                                                        
20000000  ti_sysbios_family_arm_m3_Hwi_ramVectors                         
20003c00  __stack                                                         
20004000  __STACK_END                                                     
20004000  __start___llvm_prf_cnts                                         
20004000  __stop___llvm_prf_cnts                                          
20004000  ti_sysbios_family_arm_m3_Hwi_resetVectors                       
20004040  __primary_heap_start__                                          
2000c040  __primary_heap_end__                                            
2000c041  PRCMCC3200MCUInit                                               
2000c46d  GPIO_setConfig                                                  
2000c709  Power_sleep                                                     
2000c841  ti_sysbios_family_arm_m3_Timer_Instance_init                    
2000c96d  PowerCC32XX_sleepPolicy                                         
2000ca7d  pthread_create                                                  
2000cb75  ti_sysbios_family_arm_m3_Hwi_excFillContext                     
2000cc6d  ti_sysbios_family_arm_m3_Hwi_dispatch                           
2000cd21  ti_sysbios_family_arm_m3_Hwi_interruptsAreDisabledButShouldNotBe
2000cd3d  ti_sysbios_knl_Semaphore_pend                                   
2000cec1  ti_sysbios_knl_Task_Instance_init                               
2000cf81  ti_sysbios_knl_Task_setPri                                      
2000d031  PowerCC32XX_configureWakeup                                     
2000d0d9  __TI_auto_init                                                  
2000d179  __aeabi_memcpy                                                  
2000d179  __aeabi_memcpy4                                                 
2000d179  __aeabi_memcpy8                                                 
2000d179  memcpy                                                          
2000d215  ti_sysbios_knl_Task_Instance_finalize                           
2000d2b1  __aeabi_uldivmod                                                
2000d347  BIOS_nullFunc                                                   
2000d349  GPIO_init                                                       
2000d469  PinConfigSet                                                    
2000d4f1  ti_sysbios_family_arm_m3_Hwi_Instance_init                      
2000d579  Power_init                                                      
2000d681  GPIO_write                                                      
2000d701  Power_setDependency                                             
2000d781  ti_sysbios_family_arm_m3_Hwi_initNVIC                           
2000d801  ti_sysbios_knl_Idle_init                                        
2000d881  _pthread_removeThreadKeys                                       
2000d8fd  ti_sysbios_knl_TaskSupport_buildTaskStack                       
2000d979  __aeabi_memclr                                                  
2000d979  __aeabi_memclr4                                                 
2000d979  __aeabi_memclr8                                                 
2000d97b  __aeabi_memset                                                  
2000d97b  __aeabi_memset4                                                 
2000d97b  __aeabi_memset8                                                 
2000d981  memset                                                          
2000d9f3  Board_initHook                                                  
2000d9f5  ti_sysbios_knl_Clock_workFunc                                   
2000da6d  ti_sysbios_knl_Task_postInit                                    
2000dae5  ti_sysbios_knl_Task_sleep                                       
2000dbd1  ti_sysbios_heaps_HeapMem_allocUnprotected                       
2000dc45  ti_sysbios_family_arm_m3_Hwi_swiRestoreHwi                      
2000dc45  ti_sysbios_knl_Swi_restoreHwi                                   
2000dcb9  ti_sysbios_knl_Swi_run                                          
2000dd25  __TI_decompress_lzss                                            
2000dd8d  ti_sysbios_knl_Task_startup                                     
2000ddf5  GPIO_setInterruptConfig                                         
2000de59  PowerCC32XX_setParkState                                        
2000debd  ti_sysbios_knl_Clock_init                                       
2000df21  GPIO_hwiIntFxn                                                  
2000df81  GPIO_toggle                                                     
2000dfe1  PRCMSysResetCauseGet                                            
2000e041  main                                                            
2000e0a1  ti_sysbios_knl_Swi_schedule                                     
2000e101  ti_sysbios_family_arm_m3_Hwi_postInit                           
2000e15d  ti_sysbios_knl_Swi_Instance_init                                
2000e1b9  ti_sysbios_knl_Task_schedule                                    
2000e215  PRCMPeripheralReset                                             
2000e26d  pthread_exit                                                    
2000e2c5  ti_sysbios_family_arm_m3_Hwi_dispatchC                          
2000e31d  ti_sysbios_family_arm_m3_Hwi_excHandlerMin                      
2000e375  ti_sysbios_heaps_HeapMem_freeUnprotected                        
2000e3cd  ti_sysbios_knl_Semaphore_post                                   
2000e425  ti_sysbios_knl_Swi_runLoop                                      
2000e47d  PowerCC32XX_resumeLPDS                                          
2000e4cf  _nop                                                            
2000e4d1  ti_sysbios_knl_Swi_post                                         
2000e521  BIOS_init                                                       
2000e56d  PowerCC32XX_parkPin                                             
2000e5b9  copy_in                                                         
2000e651  ti_sysbios_heaps_HeapMem_Instance_init                          
2000e69d  FlashDisable                                                    
2000e6e5  GPIO_disableInt                                                 
2000e72d  GPIO_enableInt                                                  
2000e775  PRCMLPDSEnter                                                   
2000e7bd  PRCMPeripheralClkEnable                                         
2000e805  ti_sysbios_family_arm_m3_Hwi_disableInterrupt                   
2000e84d  ti_sysbios_family_arm_m3_Hwi_initStacks                         
2000e895  ti_sysbios_heaps_HeapMem_alloc                                  
2000e8dd  BIOS_startFunc                                                  
2000e921  PRCMLPDSRestoreInfoSet                                          
2000e965  PowerCC32XX_enterLPDS                                           
2000e9a9  _c_int00                                                        
2000e9ed  ti_sysbios_family_arm_m3_Hwi_enableInterrupt                    
2000ea31  ti_sysbios_family_arm_m3_Hwi_getStackInfo                       
2000ea75  ti_sysbios_family_arm_m3_Timer_Instance_finalize                
2000eab9  ti_sysbios_heaps_HeapMem_getStats                               
2000eafd  HwiP_create                                                     
2000eb3d  PinModeSet                                                      
2000eb7d  ti_sysbios_family_arm_m3_Timer_start                            
2000ebbd  ti_sysbios_knl_ClockSupport_init                                
2000ebfd  ti_sysbios_knl_Task_blockI                                      
2000ec3d  PRCMSlowClkCtrFastGet                                           
2000ec79  ti_sysbios_knl_Task_exit                                        
2000ecb5  ti_sysbios_family_arm_m3_Hwi_create                             
2000ecef  __aeabi_idiv0                                                   
2000ecef  __aeabi_ldiv0                                                   
2000ecf1  PRCMLPDSEnterKeepDebugIf                                        
2000ed61  ti_sysbios_family_arm_m3_Hwi_init                               
2000ed99  ti_sysbios_family_arm_m3_Timer_setPeriodMicroSecs               
2000edd1  ti_sysbios_heaps_HeapMem_construct                              
2000ee09  SwiP_restore                                                    
2000ee09  ti_sysbios_family_arm_m3_Hwi_swiRestore                         
2000ee09  ti_sysbios_knl_Swi_restore                                      
2000ee41  ti_sysbios_knl_Task_processVitalTaskFlag                        
2000ee79  ti_sysbios_runtime_Memory_alloc                                 
2000eeb1  _system_post_cinit                                              
2000eeb1  iar_startup_exec                                                
2000eeb1  ti_sysbios_runtime_Startup_exec                                 
2000eee9  PinModeGet                                                      
2000ef1d  ti_sysbios_family_arm_m3_Hwi_Instance_finalize                  
2000ef51  ti_sysbios_family_arm_m3_Timer_setPeriod                        
2000ef85  ti_sysbios_knl_Clock_tick                                       
2000efb9  ti_sysbios_knl_Clock_getTicksUntilTimeout                       
2000efb9  ti_sysbios_knl_Clock_walkQueuePeriodic                          
2000efed  ti_sysbios_knl_Task_create                                      
2000f021  ti_sysbios_knl_Task_unblockI                                    
2000f055  ti_sysbios_runtime_System_atexit                                
2000f0bb  _system_pre_init                                                
2000f0bb  iar_startup_reset                                               
2000f0bb  ti_sysbios_runtime_Startup_reset                                
2000f0bd  BIOS_atExitFunc                                                 
2000f0ed  PowerCC32XX_restoreParkedPin                                    
2000f11d  sleep                                                           
2000f14d  ti_sysbios_family_arm_m3_Timer_initDevice                       
2000f17d  ti_sysbios_family_arm_m3_Timer_periodicStub                     
2000f1ad  ti_sysbios_heaps_HeapMem_free                                   
2000f1dd  ti_sysbios_knl_TaskSupport_start                                
2000f20d  ti_sysbios_knl_Task_restore                                     
2000f23d  pthread_setcancelstate                                          
2000f26b  ti_sysbios_family_arm_m3_Hwi_initStack                          
2000f299  PRCMLPDSIntervalSet                                             
2000f2c5  ti_sysbios_knl_Semaphore_pendTimeout                            
2000f2f1  ti_sysbios_runtime_System_processAtExit                         
2000f31d  ti_sysbios_gates_GateMutex_enter                                
2000f347  ti_sysbios_runtime_System_exitSpin                              
2000f349  BIOS_rtsLock                                                    
2000f371  PRCMLPDSWakeupSourceEnable                                      
2000f399  PRCMPeripheralClkDisable                                        
2000f3c1  Power_registerNotify                                            
2000f3e9  SemaphoreP_createBinary                                         
2000f411  ti_sysbios_family_arm_m3_Hwi_construct                          
2000f439  ti_sysbios_family_arm_m3_Hwi_excHandlerAsm                      
2000f461  ti_sysbios_family_arm_m3_Timer_construct                        
2000f489  ti_sysbios_gates_GateMutex_Instance_init                        
2000f4b1  ti_sysbios_knl_Semaphore_Instance_init                          
2000f4d9  ti_sysbios_knl_Swi_init                                         
2000f501  ti_sysbios_knl_Task_init                                        
2000f529  ti_sysbios_family_arm_m3_Hwi_taskRestoreHwi                     
2000f529  ti_sysbios_knl_Task_restoreHwi                                  
2000f551  List_put                                                        
2000f577  mainThread                                                      
2000f59d  BIOS_registerRTSLock                                            
2000f5c1  _pthread_cleanupFxn                                             
2000f609  pthread_attr_init                                               
2000f62d  ti_sysbios_family_arm_m3_Hwi_setPriority                        
2000f651  ti_sysbios_family_arm_m3_Timer_postInit                         
2000f675  ti_sysbios_family_arm_m3_Timer_startup                          
2000f699  ti_sysbios_knl_Task_allBlockedFunction                          
2000f6bd  ti_sysbios_knl_Task_destruct                                    
2000f6e1  ti_sysbios_knl_Task_enter                                       
2000f705  ti_sysbios_family_arm_m3_Timer_oneShotStub                      
2000f729  BIOS_removeRTSLock                                              
2000f749  BIOS_rtsUnlock                                                  
2000f769  ti_sysbios_family_arm_m3_Hwi_clearInterrupt                     
2000f789  ti_sysbios_knl_Task_construct                                   
2000f7a9  ti_sysbios_runtime_Error_raiseX                                 
2000f7c9  ti_sysbios_family_arm_m3_Hwi_switchAndRunFunc                   
2000f7e7  ti_sysbios_knl_Semaphore_create                                 
2000f805  ti_sysbios_knl_Semaphore_destruct                               
2000f825  PinToPadGet                                                     
2000f841  ti_sysbios_knl_Queue_put                                        
2000f85d  ti_sysbios_family_arm_m3_Hwi_delete                             
2000f877  ti_sysbios_family_arm_m3_Hwi_pendSV                             
2000f88f  ti_sysbios_family_arm_m3_Hwi_return                             
2000f891  ti_sysbios_knl_Semaphore_delete                                 
2000f8ab  ti_sysbios_knl_Task_delete                                      
2000f8c5  ti_sysbios_knl_Task_sleepTimeout                                
2000f8e1  Power_getTransitionLatency                                      
2000f8f9  Power_idleFunc                                                  
2000f911  _args_main                                                      
2000f929  __aeabi_lmul                                                    
2000f941  ti_sysbios_family_arm_m3_Hwi_plug                               
2000f959  ti_sysbios_family_arm_m3_Hwi_switchFromBootStack                
2000f971  ti_sysbios_family_arm_m3_Timer_getFreq                          
2000f989  ti_sysbios_family_arm_m3_Timer_stop                             
2000f9a1  ti_sysbios_knl_Clock_startI                                     
2000f9b9  ti_sysbios_knl_Idle_run                                         
2000f9d1  ti_sysbios_knl_Swi_construct                                    
2000f9e9  ti_sysbios_knl_Task_unblock                                     
2000fa01  BIOS_exitFunc                                                   
2000fa17  PRCMHIBRegRead                                                  
2000fa2d  PRCMHIBRegWrite                                                 
2000fa45  BIOS_setThreadType                                              
2000fa59  Board_init                                                      
2000fa6d  CPUcpsid                                                        
2000fa81  CPUcpsie                                                        
2000fa95  Power_getDependencyCount                                        
2000faa9  pthread_attr_setschedparam                                      
2000fabd  ti_sysbios_knl_Semaphore_construct                              
2000fad1  ti_sysbios_family_arm_m3_Hwi_swiDisable                         
2000fad1  ti_sysbios_knl_Swi_disable                                      
2000fae5  ti_sysbios_knl_TaskSupport_swap                                 
2000faf1  ti_sysbios_knl_TaskSupport_swapReturn                           
2000faf9  ti_sysbios_family_arm_m3_Hwi_taskDisable                        
2000faf9  ti_sysbios_knl_Task_disable                                     
2000fb0d  ti_sysbios_runtime_Error_init                                   
2000fb21  ti_sysbios_runtime_Memory_free                                  
2000fb35  ti_sysbios_runtime_System_init                                  
2000fb49  SemaphoreP_pend                                                 
2000fb5b  _pthread_cleanup_pop                                            
2000fb81  BIOS_exit                                                       
2000fb91  BIOS_getCpuFreq                                                 
2000fb91  ti_sysbios_family_arm_m3_TimestampProvider_getFreq              
2000fb91  ti_sysbios_runtime_Timestamp_getFreq                            
2000fba1  BIOS_start                                                      
2000fbb1  HwiP_Params_init                                                
2000fbc1  ti_sysbios_family_arm_m3_Hwi_excHandler                         
2000fbd1  ti_sysbios_family_arm_m3_Hwi_getHandle                          
2000fbe1  ti_sysbios_family_arm_m3_TimestampProvider_init                 
2000fbe1  ti_sysbios_runtime_Timestamp_init                               
2000fbf1  ti_sysbios_knl_Clock_enqueueI                                   
2000fc01  ti_sysbios_knl_Clock_tickReconfig                               
2000fc11  ti_sysbios_knl_Swi_enabled                                      
2000fc21  ti_sysbios_knl_TaskSupport_glue                                 
2000fc31  __TI_decompress_none                                            
2000fc3f  pthread_attr_setdetachstate                                     
2000fc4d  ti_sysbios_gates_GateMutex_leave                                
2000fc5b  ti_sysbios_heaps_HeapMem_restore                                
2000fc69  ti_sysbios_knl_Clock_initI                                      
2000fc77  ti_sysbios_knl_Queue_empty                                      
2000fc85  ti_sysbios_knl_Queue_remove                                     
2000fc95  BIOS_getThreadType                                              
2000fca1  BIOS_linkedWithIncorrectBootLibrary                             
2000fcad  CPUwfi                                                          
2000fcb9  HwiP_disable                                                    
2000fcc5  PowerCC32XX_initPolicy                                          
2000fcd1  Power_getConstraintMask                                         
2000fcdd  SemaphoreP_delete                                               
2000fce9  _register_lock                                                  
2000fcf5  _register_unlock                                                
2000fd01  __TI_zero_init                                                  
2000fd0d  ti_sysbios_heaps_HeapMem_init                                   
2000fd19  ti_sysbios_knl_ClockSupport_start                               
2000fd25  ti_sysbios_knl_ClockSupport_stop                                
2000fd31  ClockP_getSystemTicks                                           
2000fd31  ti_sysbios_knl_Clock_getTicks                                   
2000fd3d  ti_sysbios_knl_Clock_setTicks                                   
2000fd49  ti_sysbios_knl_Queue_dequeue                                    
2000fd55  ti_sysbios_knl_Queue_enqueue                                    
2000fd61  ti_sysbios_knl_Queue_insert                                     
2000fd6d  ti_sysbios_knl_Swi_self                                         
2000fd79  ti_sysbios_knl_Task_self                                        
2000fd85  ti_sysbios_runtime_System_exit                                  
2000fd91  pthread_self                                                    
2000fd9b  PRCMSleepEnter                                                  
2000fda3  pthread_attr_setstacksize                                       
2000fdab  ti_sysbios_family_arm_m3_Hwi_doSwiRestore                       
2000fdb3  ti_sysbios_family_arm_m3_Hwi_startup                            
2000fdbb  ti_sysbios_knl_Idle_loop                                        
2000fdc3  UtilsDelay                                                      
2000fdc9  ti_sysbios_family_arm_m3_Hwi_destruct                           
2000fdcf  ti_sysbios_family_arm_m3_Hwi_doTaskRestore                      
2000fdd5  HwiP_restore                                                    
2000fddb  ti_sysbios_knl_Clock_stop                                       
2000fde1  ti_sysbios_knl_Queue_destruct                                   
2000fde1  ti_sysbios_knl_Queue_elemClear                                  
2000fde7  ti_sysbios_knl_Semaphore_Instance_finalize                      
2000fded  ti_sysbios_knl_Swi_startup                                      
2000fdf3  SemaphoreP_post                                                 
2000fdf7  ti_sysbios_heaps_HeapMem_isBlocking                             
2000fdfb  ti_sysbios_knl_ClockSupport_getMaxTicks                         
2000fe00  ti_sysbios_family_arm_m3_Timer_startupNeeded                    
20010c84  PowerCC32XX_config                                              
20010d11  GPIO_pinLowerBound                                              
20010d12  GPIO_pinUpperBound                                              
20010d13  CONFIG_GPIO_LED_0_CONST                                         
20010d14  GPIO_config                                                     
20010d24  ti_sysbios_knl_Idle_funcList                                    
20010d30  ti_sysbios_family_arm_m3_Hwi_dispatchTable                      
20011040  ti_sysbios_knl_Idle_taskStack                                   
20011240  PowerCC32XX_contextSave                                         
2001136c  gpioCallbackFunctions                                           
200113f0  gpioUserArgs                                                    
20011474  ti_sysbios_knl_Swi_readyQs                                      
200114f4  ti_sysbios_knl_Task_readyQs                                     
20011574  ti_sysbios_runtime_System_atexitHandlers                        
200115aa  ti_sysbios_knl_Idle_initDone                                    
200115c0  ti_sysbios_family_arm_m3_TimestampProvider_Module_state         
200115c4  ti_sysbios_knl_Task_defaultStackHeap                            
200115c8  ti_sysbios_runtime_Memory_defaultHeapInstance                   
200115cc  ti_sysbios_gates_GateMutex_Module_state                         
200115d4  ti_sysbios_heaps_HeapMem_Module_state                           
200115dc  ti_sysbios_knl_Event_state                                      
200115e4  ti_sysbios_knl_Mailbox_Module_state                             
200115ec  ti_sysbios_knl_Semaphore_Module_state                           
20011600  ti_sysbios_runtime_Error_ignore                                 
2001160c  ti_sysbios_runtime_System_Module_state                          
2001163c  ti_sysbios_hal_Seconds_Module_state                             
20011650  ti_sysbios_family_arm_m3_Timer_Module_state                     
200116cc  BIOS_rtsGate                                                    
200116f4  ti_sysbios_heaps_HeapMem_gate                                   
2001171c  ti_sysbios_knl_Swi_Module_state                                 
20011744  BIOS_heapMemObject                                              
20011770  BIOS_Module_state                                               
2001179c  ti_sysbios_knl_ClockSupport_timerStruct                         
200117d0  ti_sysbios_family_arm_m3_Hwi_Module_state                       
2001180c  ti_sysbios_knl_Task_Module_state                                
20011848  ti_sysbios_knl_Idle_taskStruct                                  
200118a0  ti_sysbios_knl_Clock_Module_state                               
20011908  PowerCC32XX_module                                              
20011a74  parkInfo                                                        
20011b6c  gpioPinConfigs                                                  
20011bf0  _lock                                                           
20011bf4  _unlock                                                         
20011bf8  main_func_sp                                                    
20011bfe  ti_sysbios_runtime_Startup_done                                 
20011c00  __TI_static_base__                                              
20011d4c  __TI_Handler_Table_Base                                         
20011d58  __TI_Handler_Table_Limit                                        
20011d68  __TI_CINIT_Base                                                 
20011d80  __TI_CINIT_Limit                                                
ffffffff  __TI_pprof_out_hndl                                             
ffffffff  __TI_prof_data_size                                             
ffffffff  __TI_prof_data_start                                            
ffffffff  __binit__                                                       
ffffffff  __c_args__                                                      
ffffffff  binit                                                           
UNDEFED   ITM_flush                                                       
UNDEFED   ITM_restore                                                     
UNDEFED   SHT$$INIT_ARRAY$$Base                                           
UNDEFED   SHT$$INIT_ARRAY$$Limit                                          

[344 symbols]
